Microchip MPLAB XC8 Compiler V1.42 ()

Linker command line:

-W-3 --edf=C:\Program Files (x86)\Microchip\xc8\v1.42\dat\en_msgs.txt -cs \
  -h+dist/default/production\PDU.X.production.sym \
  --cmf=dist/default/production\PDU.X.production.cmf -z -Q18F45K22 \
  -oC:\Users\richc\AppData\Local\Temp\s5g8.2 \
  -Mdist/default/production/PDU.X.production.map -E1 -ver=XC8 \
  -ASTACK=03CEh-05ffh -pstack=STACK -ACODE=00h-07FFFh -ACONST=00h-07FFFh \
  -ASMALLCONST=0600h-06FFhx122 -AMEDIUMCONST=0600h-07FFFh -ACOMRAM=01h-05Fh \
  -AABS1=00h-05FFh -ABIGRAM=01h-05FFh -ARAM=060h-0FFh,0100h-01FFhx5 \
  -ABANK0=060h-0FFh -ABANK1=0100h-01FFh -ABANK2=0200h-02FFh \
  -ABANK3=0300h-03FFh -ABANK4=0400h-04FFh -ABANK5=0500h-05FFh \
  -ASFR=0F38h-0F5Fh,0F60h-0FFFh \
  -preset_vec=00h,intcode=08h,intcodelo,powerup,init -pramtop=0600h \
  -psmallconst=SMALLCONST -pmediumconst=MEDIUMCONST -pconst=CONST \
  -AFARRAM=00h-00h -ACONFIG=0300000h-030000Dh -pconfig=CONFIG \
  -AIDLOC=0200000h-0200007h -pidloc=IDLOC -AEEDATA=0F00000h-0F000FFh \
  -peeprom_data=EEDATA \
  -prdata=COMRAM,nvrram=COMRAM,nvbit=COMRAM,rbss=COMRAM,rbit=COMRAM \
  -pfarbss=FARRAM,fardata=FARRAM,nvFARRAM=FARRAM \
  -pintsave_regs=BIGRAM,bigbss=BIGRAM,bigdata=BIGRAM -pbss=RAM \
  -pidata=CODE,irdata=CODE,ibigdata=CODE,ifardata=CODE -prparam=COMRAM \
  C:\Users\richc\AppData\Local\Temp\s5g8.obj \
  dist/default/production\PDU.X.production.obj 

Object code version is 3.11

Machine type is 18F45K22

Call graph: (short form)




                Name                               Link     Load   Length Selector   Space Scale
C:\Users\richc\AppData\Local\Temp\s5g8.obj
                init                                 AC       AC        4        4       0
                reset_vec                             0        0        4        0       0
                idloc                            200000   200000        8   200000       0
                config                           300000   300000        E   300000       0
dist/default/production\PDU.X.production.obj
                intcode                               8        8       A4        4       0
                temp                                 43       43        1        1       1
                text62                             1EC2     1EC2        4      F52       0
                text61                             1CDC     1CDC       2A        4       0
                text60                              E32      E32      11A        4       0
                text59                             1D72     1D72       20        4       0
                text58                             15C0     15C0       92        4       0
                text57                             1E12     1E12       16        4       0
                text56                             1BC6     1BC6       32        4       0
                text55                             1D06     1D06       26        4       0
                text54                             174E     174E       7E        4       0
                text53                             1C28     1C28       30        4       0
                text52                             19C2     19C2       4E        4       0
                text51                             1AA4     1AA4       4A        4       0
                text50                             16D0     16D0       7E        4       0
                text49                             1EB0     1EB0        6      F52       0
                text48                               B0       B0      690        4       0
                text47                             1B94     1B94       32        4       0
                text45                             1EBE     1EBE        4      F52       0
                text44                             1BF8     1BF8       30        4       0
                text43                             1A5A     1A5A       4A        4       0
                text42                             130E     130E       C8        4       0
                text41                             1052     1052       FC        4       0
                text40                             1DB0     1DB0       1E        4       0
                text39                             1E64     1E64       12        4       0
                text38                             1B2A     1B2A       36        4       0
                text37                             1E50     1E50       14        4       0
                text36                             1232     1232       DC        4       0
                text35                             1974     1974       4E        4       0
                text34                             114E     114E       E4        4       0
                text33                             1652     1652       7E        4       0
                text32                             1B60     1B60       34        4       0
                text31                             1912     1912       62        4       0
                text30                             1EAA     1EAA        6      F52       0
                text29                             18B0     18B0       62        4       0
                text28                             1DCE     1DCE       18        4       0
                text27                             1C86     1C86       2C        4       0
                text26                             1D92     1D92       1E        4       0
                text25                             1AEE     1AEE       3C        4       0
                text24                             1E92     1E92        A        4       0
                text23                             1E84     1E84        E        4       0
                text22                             17CC     17CC       7A        4       0
                text21                             1E3C     1E3C       14        4       0
                text20                             1EBA     1EBA        4      F52       0
                text19                             1D50     1D50       22        4       0
                text18                             1EB6     1EB6        4      F52       0
                text17                             1E28     1E28       14        4       0
                text16                             1D2C     1D2C       24        4       0
                text15                             1496     1496       98        4       0
                text14                             1A10     1A10       4A        4       0
                text13                             1CB2     1CB2       2A        4       0
                text12                             152E     152E       92        4       0
                text11                              D18      D18      11A        4       0
                text10                             1C58     1C58       2E        4       0
                text9                               8FE      8FE      198        4       0
                text8                               A96      A96      154        4       0
                text7                              13D6     13D6       C0        4       0
                text6                              1DFC     1DFC       16        4       0
                text5                              1DE6     1DE6       16        4       0
                text4                              1E76     1E76        E        4       0
                text3                               740      740      1BE        4       0
                text2                               F4C      F4C      106        4       0
                text1                              1EA4     1EA4        6      F52       0
                text0                               BEA      BEA      12E        4       0
                cstackCOMRAM                          1        1       2D        1       1
                cstackBANK0                          60       60       5E       60       1
                cstackBANK1                         16C      16C       15      100       1
                bssBANK3                            300      300       CE      300       1
                bssBANK2                            200      200       CE      200       1
                bssBANK1                            100      100       6C      100       1
                bssBANK0                             BE       BE       42       60       1
                dataCOMRAM                           3C       3C        7        1       1
                bssCOMRAM                            2E       2E        E        1       1
                cinit                              1846     1846       6A        4       0
                idataCOMRAM                        1E9C     1E9C        7        4       0

TOTAL           Name                               Link     Load   Length     Space
        CLASS   STACK          

        CLASS   CODE           
                intcode                               8        8       A4         0
                init                                 AC       AC        4         0
                reset_vec                             0        0        4         0
                text62                             1EC2     1EC2        4         0
                text61                             1CDC     1CDC       2A         0
                text60                              E32      E32      11A         0
                text59                             1D72     1D72       20         0
                text58                             15C0     15C0       92         0
                text57                             1E12     1E12       16         0
                text56                             1BC6     1BC6       32         0
                text55                             1D06     1D06       26         0
                text54                             174E     174E       7E         0
                text53                             1C28     1C28       30         0
                text52                             19C2     19C2       4E         0
                text51                             1AA4     1AA4       4A         0
                text50                             16D0     16D0       7E         0
                text49                             1EB0     1EB0        6         0
                text48                               B0       B0      690         0
                text47                             1B94     1B94       32         0
                text45                             1EBE     1EBE        4         0
                text44                             1BF8     1BF8       30         0
                text43                             1A5A     1A5A       4A         0
                text42                             130E     130E       C8         0
                text41                             1052     1052       FC         0
                text40                             1DB0     1DB0       1E         0
                text39                             1E64     1E64       12         0
                text38                             1B2A     1B2A       36         0
                text37                             1E50     1E50       14         0
                text36                             1232     1232       DC         0
                text35                             1974     1974       4E         0
                text34                             114E     114E       E4         0
                text33                             1652     1652       7E         0
                text32                             1B60     1B60       34         0
                text31                             1912     1912       62         0
                text30                             1EAA     1EAA        6         0
                text29                             18B0     18B0       62         0
                text28                             1DCE     1DCE       18         0
                text27                             1C86     1C86       2C         0
                text26                             1D92     1D92       1E         0
                text25                             1AEE     1AEE       3C         0
                text24                             1E92     1E92        A         0
                text23                             1E84     1E84        E         0
                text22                             17CC     17CC       7A         0
                text21                             1E3C     1E3C       14         0
                text20                             1EBA     1EBA        4         0
                text19                             1D50     1D50       22         0
                text18                             1EB6     1EB6        4         0
                text17                             1E28     1E28       14         0
                text16                             1D2C     1D2C       24         0
                text15                             1496     1496       98         0
                text14                             1A10     1A10       4A         0
                text13                             1CB2     1CB2       2A         0
                text12                             152E     152E       92         0
                text11                              D18      D18      11A         0
                text10                             1C58     1C58       2E         0
                text9                               8FE      8FE      198         0
                text8                               A96      A96      154         0
                text7                              13D6     13D6       C0         0
                text6                              1DFC     1DFC       16         0
                text5                              1DE6     1DE6       16         0
                text4                              1E76     1E76        E         0
                text3                               740      740      1BE         0
                text2                               F4C      F4C      106         0
                text1                              1EA4     1EA4        6         0
                text0                               BEA      BEA      12E         0
                cinit                              1846     1846       6A         0
                idataCOMRAM                        1E9C     1E9C        7         0

        CLASS   CONST          

        CLASS   SMALLCONST     

        CLASS   MEDIUMCONST    

        CLASS   COMRAM         
                temp                                 43       43        1         1
                cstackCOMRAM                          1        1       2D         1
                dataCOMRAM                           3C       3C        7         1
                bssCOMRAM                            2E       2E        E         1

        CLASS   ABS1           

        CLASS   BIGRAM         

        CLASS   RAM            

        CLASS   BANK0          
                cstackBANK0                          60       60       5E         1
                bssBANK0                             BE       BE       42         1

        CLASS   BANK1          
                cstackBANK1                         16C      16C       15         1
                bssBANK1                            100      100       6C         1

        CLASS   BANK2          
                bssBANK2                            200      200       CE         1

        CLASS   BANK3          
                bssBANK3                            300      300       CE         1

        CLASS   BANK4          

        CLASS   BANK5          

        CLASS   SFR            

        CLASS   FARRAM         

        CLASS   CONFIG         
                config                           300000   300000        E         0

        CLASS   IDLOC          
                idloc                            200000   200000        8         0

        CLASS   EEDATA         



SEGMENTS        Name                           Load    Length   Top    Selector   Space  Class

                reset_vec                      000000  000004  000004         0       0  CODE    
                cstackCOMRAM                   000001  000043  000044         1       1  COMRAM  
                intcode                        000008  001E9B  001EA3         4       0  CODE    
                cstackBANK0                    000060  0000A0  000100        60       1  BANK0   
                bssBANK1                       000100  000081  000181       100       1  BANK1   
                bssBANK2                       000200  0000CE  0002CE       200       1  BANK2   
                bssBANK3                       000300  0000CE  0003CE       300       1  BANK3   
                text1                          001EA4  000022  001EC6       F52       0  CODE    
                idloc                          200000  000008  200008    200000       0  IDLOC   
                config                         300000  00000E  30000E    300000       0  CONFIG  


UNUSED ADDRESS RANGES

        Name                Unused          Largest block    Delta
        BANK1            000181-0001FF               7F
        BANK2            0002CE-0002FF               32
        BANK3            0003CE-0003FF               32
        BANK4            000400-0004FF              100
        BANK5            000500-0005FF              100
        BIGRAM           000044-00005F               1C
                         000181-0001FF               7F
                         0002CE-0002FF               32
                         0003CE-0005FF              232
        CODE             000004-000007                4
                         001EA3-001EA3                1
                         001EC6-007FFF             613A
        COMRAM           000044-00005F               1C
        CONST            000004-000007                4
                         001EA3-001EA3                1
                         001EC6-007FFF             613A
        EEDATA           F00000-F000FF              100
        MEDIUMCONST      001EA3-001EA3                1
                         001EC6-007FFF             613A
        RAM              000181-0001FF               7F
                         0002CE-0002FF               32
                         0003CE-0005FF              100
        SFR              000F38-000FFF               28
        SMALLCONST       001EA3-001EA3                1
                         001EC6-007FFF              100
        STACK            0003CE-0005FF              232

                                  Symbol Table

?_ADC_GetConversion                  cstackCOMRAM 000001
?_Receive_available                  cstackCOMRAM 00001F
?_UART_buff_modulo_inc               cstackCOMRAM 00001D
?_UART_buff_size                     cstackCOMRAM 00001D
?___wmul                             cstackCOMRAM 000001
?_cobs_decode                        cstackCOMRAM 00001D
?_cobs_encode                        cstackCOMRAM 00001D
?i2_UART_buff_modulo_inc             cstackCOMRAM 000001
?i2_UART_buff_size                   cstackCOMRAM 000001
ADC_GetConversion@channel            cstackCOMRAM 000005
CRC8@crc                             cstackCOMRAM 000023
CRC8@data                            cstackCOMRAM 00001D
CRC8@extract                         cstackCOMRAM 000021
CRC8@len                             cstackCOMRAM 00001F
CRC8@sum                             cstackCOMRAM 000020
CRC8@tempI                           cstackCOMRAM 000022
Clear595@i                           cstackCOMRAM 00002A
ComController@DTI                    cstackBANK0  0000BA
ComController@DataToSend             cstackBANK1  00016C
ComController@lenth                  cstackBANK0  0000BC
ComputeStorageData@i                 cstackCOMRAM 000020
DATAEE_ReadByte@bAdd                 cstackCOMRAM 00001D
DATAEE_WriteByte@GIEBitValue         cstackCOMRAM 00001F
DATAEE_WriteByte@bAdd                cstackCOMRAM 00001E
DATAEE_WriteByte@bData               cstackCOMRAM 00001D
Delay@i                              cstackCOMRAM 000022
Delay@wait                           cstackCOMRAM 00001D
EUSART1_Receive_ISR@data             cstackCOMRAM 00000C
EnableSlavePower@onof                cstackCOMRAM 000027
EnableSlavePower@slave               cstackCOMRAM 000029
FuseSystem@i                         cstackCOMRAM 000009
FuseSystem@i_1200                    cstackCOMRAM 000007
GetDataDict@DataArray                cstackCOMRAM 00001E
GetDataDict@DataCount                cstackCOMRAM 000023
GetDataDict@DataTable                cstackCOMRAM 000022
GetDataDict@DataTableIndex           cstackCOMRAM 00001D
GetDataDict@Error                    cstackCOMRAM 000021
GetDataDict@ReturnCounter            cstackCOMRAM 000024
GetDataDict@numbofbytes              cstackCOMRAM 000020
PWM4_LoadDutyValue@dutyValue         cstackCOMRAM 00001D
PotClear@x                           cstackCOMRAM 000026
PotSetpoint@new_point                cstackCOMRAM 000026
PotSetpoint@new_pos                  cstackBANK0  000064
PotSetpoint@set_point                cstackBANK0  000060
PotSetpoint@x                        cstackBANK0  000062
ReadCurrent@gather                   cstackCOMRAM 00000E
Send_put@_data                       cstackCOMRAM 000028
SetPin595@Reg                        cstackCOMRAM 00001D
SetPin595@pin                        cstackCOMRAM 00001F
SetPin595@value                      cstackCOMRAM 000021
UART_buff_get@_this                  cstackCOMRAM 000023
UART_buff_get@c                      cstackCOMRAM 000027
UART_buff_init@_this                 cstackCOMRAM 000025
UART_buff_modulo_inc@modulus         cstackCOMRAM 00001F
UART_buff_modulo_inc@my_value        cstackCOMRAM 000021
UART_buff_modulo_inc@value           cstackCOMRAM 00001D
UART_buff_put@_this                  cstackCOMRAM 000023
UART_buff_put@c                      cstackCOMRAM 000025
UART_buff_size@_this                 cstackCOMRAM 00001D
_ADCON0                              (abs)        000FC2
_ADCON0bits                          (abs)        000FC2
_ADCON1                              (abs)        000FC1
_ADCON2                              (abs)        000FC0
_ADCON2bits                          (abs)        000FC0
_ADC_GetConversion                   text53       001C28
_ADC_ISR                             text62       001EC2
_ADC_Initialize                      text28       001DCE
_ADRESH                              (abs)        000FC4
_ADRESL                              (abs)        000FC3
_ANSB3                               (abs)        0079CB
_ANSB4                               (abs)        0079CC
_ANSD7                               (abs)        0079DF
_ANSELA                              (abs)        000F38
_ANSELB                              (abs)        000F39
_ANSELC                              (abs)        000F3A
_ANSELCbits                          (abs)        000F3A
_ANSELD                              (abs)        000F3B
_ANSELE                              (abs)        000F3C
_BAUD1CON                            (abs)        000FB8
_CCP2CON                             (abs)        000F66
_CCPR2H                              (abs)        000F68
_CCPR2L                              (abs)        000F67
_CCPTMRS1bits                        (abs)        000F48
_COBS_DECODE_DST_BUF_LEN_MAX         dataCOMRAM   00003C
_COBS_ENCODE_DST_BUF_LEN_MAX         dataCOMRAM   00003E
_CRC8                                text14       001A10
_Clear595                            text32       001B60
_ComController                       text7        0013D6
_ComputeStorageData                  text36       001232
_CoolingCheck                        text45       001EBE
_CoolingStart                        text40       001DB0
_CoolingStop                         text39       001E64
_Current                             bssBANK0     0000BE
_CurrentADC                          bssBANK0     0000CA
_Currentcomp                         bssBANK0     0000E2
_DATAEE_ReadByte                     text37       001E50
_DATAEE_WriteByte                    text38       001B2A
_DataTableArrayOne                   bssBANK0     0000EE
_DataTableArrayTwo                   bssCOMRAM    00002E
_Delay                               text43       001A5A
_EEADR                               (abs)        000FA9
_EECON1bits                          (abs)        000FA6
_EECON2                              (abs)        000FA7
_EEDATA                              (abs)        000FA8
_EUSART1_Initialize                  text25       001AEE
_EUSART1_Receive_ISR                 text59       001D72
_EUSART1_Transmit_ISR                text56       001BC6
_EnableSlavePower                    text34       00114E
_FuseSystem                          text54       00174E
_GetDataDict                         text15       001496
_INTCON2bits                         (abs)        000FF1
_INTCONbits                          (abs)        000FF2
_INTERRUPT_Initialize                text24       001E92
_INTERRUPT_InterruptManager          intcode      000008
_IPR1bits                            (abs)        000F9F
_LATA                                (abs)        000F89
_LATB                                (abs)        000F8A
_LATB0                               (abs)        007C50
_LATB3                               (abs)        007C53
_LATB4                               (abs)        007C54
_LATB5                               (abs)        007C55
_LATC                                (abs)        000F8B
_LATC5                               (abs)        007C5D
_LATCbits                            (abs)        000F8B
_LATD                                (abs)        000F8C
_LATD4                               (abs)        007C64
_LATD5                               (abs)        007C65
_LATD6                               (abs)        007C66
_LATD7                               (abs)        007C67
_LATE                                (abs)        000F8D
_MCSOn                               bssCOMRAM    00003B
_OSCCON                              (abs)        000FD3
_OSCCON2                             (abs)        000FD2
_OSCILLATOR_Initialize               text23       001E84
_OSCTUNE                             (abs)        000F9B
_PDUFalult                           bssBANK0     0000F8
_PDUStartup                          text29       0018B0
_PIE1bits                            (abs)        000F9D
_PIN_MANAGER_Initialize              text22       0017CC
_PIR1bits                            (abs)        000F9E
_PR2                                 (abs)        000FBB
_PWM4_Initialize                     text21       001E3C
_PWM4_LoadDutyValue                  text44       001BF8
_PotClear                            text42       00130E
_PotSetpoint                         text41       001052
_ProcessArray                        bssBANK1     000130
_RC1STA                              (abs)        000FAB
_RC1STAbits                          (abs)        000FAB
_RCONbits                            (abs)        000FD0
_RCREG1                              (abs)        000FAE
_ReadCurrent                         text48       0000B0
_Receive_available                   text5        001DE6
_Receive_get                         text4        001E76
_ReciveArray                         bssBANK1     00014E
_SPBRG1                              (abs)        000FAF
_SPBRGH1                             (abs)        000FB0
_SYSTEM_Initialize                   text16       001D2C
_Send_put                            text10       001C58
_SetPin595                           text35       001974
_StartUp595                          text31       001912
_T1CON                               (abs)        000FCD
_T1CONbits                           (abs)        000FCD
_T1GCON                              (abs)        000FCC
_T1GCONbits                          (abs)        000FCC
_T2CON                               (abs)        000FBA
_T2CONbits                           (abs)        000FBA
_TABLAT                              (abs)        000FF5
_TBLPTRH                             (abs)        000FF7
_TBLPTRL                             (abs)        000FF6
_TBLPTRU                             (abs)        000FF8
_TMR1H                               (abs)        000FCF
_TMR1L                               (abs)        000FCE
_TMR1_ISR                            text47       001B94
_TMR1_Initialize                     text19       001D50
_TMR1_StartTimer                     text20       001EBA
_TMR2                                (abs)        000FBC
_TMR2_Initialize                     text17       001E28
_TMR2_StartTimer                     text18       001EB6
_TRISA                               (abs)        000F92
_TRISB                               (abs)        000F93
_TRISB3                              (abs)        007C9B
_TRISB4                              (abs)        007C9C
_TRISB5                              (abs)        007C9D
_TRISC                               (abs)        000F94
_TRISCbits                           (abs)        000F94
_TRISD                               (abs)        000F95
_TRISDbits                           (abs)        000F95
_TRISE                               (abs)        000F96
_TX1STA                              (abs)        000FAC
_TXREG1                              (abs)        000FAD
_Transmit_stall                      dataCOMRAM   000042
_UART_buff_get                       text12       00152E
_UART_buff_init                      text26       001D92
_UART_buff_modulo_inc                text13       001CB2
_UART_buff_put                       text11       000D18
_UART_buff_size                      text6        001DFC
_Update                              text30       001EAA
_WPUB                                (abs)        000F61
__CFG_BOREN$SBORDIS                  (abs)        000000
__CFG_BORV$190                       (abs)        000000
__CFG_CCP2MX$PORTC1                  (abs)        000000
__CFG_CCP3MX$PORTB5                  (abs)        000000
__CFG_CP0$OFF                        (abs)        000000
__CFG_CP1$OFF                        (abs)        000000
__CFG_CP2$OFF                        (abs)        000000
__CFG_CP3$OFF                        (abs)        000000
__CFG_CPB$OFF                        (abs)        000000
__CFG_CPD$OFF                        (abs)        000000
__CFG_DEBUG$OFF                      (abs)        000000
__CFG_EBTR0$OFF                      (abs)        000000
__CFG_EBTR1$OFF                      (abs)        000000
__CFG_EBTR2$OFF                      (abs)        000000
__CFG_EBTR3$OFF                      (abs)        000000
__CFG_EBTRB$OFF                      (abs)        000000
__CFG_FCMEN$OFF                      (abs)        000000
__CFG_FOSC$INTIO67                   (abs)        000000
__CFG_HFOFST$ON                      (abs)        000000
__CFG_IESO$OFF                       (abs)        000000
__CFG_LVP$OFF                        (abs)        000000
__CFG_MCLRE$EXTMCLR                  (abs)        000000
__CFG_P2BMX$PORTD2                   (abs)        000000
__CFG_PBADEN$ON                      (abs)        000000
__CFG_PLLCFG$OFF                     (abs)        000000
__CFG_PRICLKEN$OFF                   (abs)        000000
__CFG_PWRTEN$OFF                     (abs)        000000
__CFG_STVREN$ON                      (abs)        000000
__CFG_T3CMX$PORTC0                   (abs)        000000
__CFG_WDTEN$OFF                      (abs)        000000
__CFG_WDTPS$32768                    (abs)        000000
__CFG_WRT0$OFF                       (abs)        000000
__CFG_WRT1$OFF                       (abs)        000000
__CFG_WRT2$OFF                       (abs)        000000
__CFG_WRT3$OFF                       (abs)        000000
__CFG_WRTB$OFF                       (abs)        000000
__CFG_WRTC$OFF                       (abs)        000000
__CFG_WRTD$OFF                       (abs)        000000
__CFG_XINST$OFF                      (abs)        000000
__HRAM                               (abs)        000000
__Habs1                              abs1         000000
__Hbank0                             bank0        000000
__Hbank1                             bank1        000000
__Hbank2                             bank2        000000
__Hbank3                             bank3        000000
__Hbank4                             bank4        000000
__Hbank5                             bank5        000000
__Hbigbss                            bigbss       000000
__Hbigdata                           bigdata      000000
__Hbigram                            bigram       000000
__Hbss                               bss          000000
__HbssBANK0                          bssBANK0     000000
__HbssBANK1                          bssBANK1     000000
__HbssBANK2                          bssBANK2     000000
__HbssBANK3                          bssBANK3     000000
__HbssCOMRAM                         bssCOMRAM    000000
__Hcinit                             cinit        000000
__Hclrtext                           clrtext      000000
__Hcomram                            comram       000000
__Hconfig                            config       30000E
__Hconst                             const        000000
__HcstackBANK0                       cstackBANK0  000000
__HcstackBANK1                       cstackBANK1  000000
__HcstackCOMRAM                      cstackCOMRAM 000000
__Hdata                              data         000000
__HdataCOMRAM                        dataCOMRAM   000000
__Heeprom_data                       eeprom_data  000000
__Hfarbss                            farbss       000000
__Hfardata                           fardata      000000
__Hibigdata                          ibigdata     000000
__Hidata                             idata        000000
__HidataCOMRAM                       idataCOMRAM  000000
__Hidloc                             idloc        200008
__Hifardata                          ifardata     000000
__Hinit                              init         0000B0
__Hintcode                           intcode      0000AC
__Hintcode_body                      intcode_body 000000
__Hintcodelo                         intcodelo    0000AC
__Hintentry                          intentry     000000
__Hintret                            intret       000000
__Hintsave_regs                      intsave_regs 000000
__Hirdata                            irdata       000000
__Hmediumconst                       mediumconst  000000
__HnvFARRAM                          nvFARRAM     000000
__Hnvbit                             nvbit        000000
__Hnvrram                            nvrram       000000
__Hparam                             rparam       000000
__Hpowerup                           powerup      0000AC
__Hram                               ram          000000
__Hramtop                            ramtop       000600
__Hrbit                              rbit         000000
__Hrbss                              rbss         000000
__Hrdata                             rdata        000000
__Hreset_vec                         reset_vec    000004
__Hrparam                            rparam       000000
__Hsfr                               sfr          000000
__Hsmallconst                        smallconst   000000
__Hspace_0                           (abs)        30000E
__Hspace_1                           (abs)        0003CE
__Hspace_2                           (abs)        000000
__Hstack                             stack        000000
__Hstruct                            struct       000000
__Htemp                              temp         000044
__Htext                              text         000000
__Htext0                             text0        000000
__Htext1                             text1        000000
__Htext10                            text10       000000
__Htext11                            text11       000000
__Htext12                            text12       000000
__Htext13                            text13       000000
__Htext14                            text14       000000
__Htext15                            text15       000000
__Htext16                            text16       000000
__Htext17                            text17       000000
__Htext18                            text18       000000
__Htext19                            text19       000000
__Htext2                             text2        000000
__Htext20                            text20       000000
__Htext21                            text21       000000
__Htext22                            text22       000000
__Htext23                            text23       000000
__Htext24                            text24       000000
__Htext25                            text25       000000
__Htext26                            text26       000000
__Htext27                            text27       000000
__Htext28                            text28       000000
__Htext29                            text29       000000
__Htext3                             text3        000000
__Htext30                            text30       000000
__Htext31                            text31       000000
__Htext32                            text32       000000
__Htext33                            text33       000000
__Htext34                            text34       000000
__Htext35                            text35       000000
__Htext36                            text36       000000
__Htext37                            text37       000000
__Htext38                            text38       000000
__Htext39                            text39       000000
__Htext4                             text4        000000
__Htext40                            text40       000000
__Htext41                            text41       000000
__Htext42                            text42       000000
__Htext43                            text43       000000
__Htext44                            text44       000000
__Htext45                            text45       000000
__Htext47                            text47       000000
__Htext48                            text48       000000
__Htext49                            text49       000000
__Htext5                             text5        000000
__Htext50                            text50       000000
__Htext51                            text51       000000
__Htext52                            text52       000000
__Htext53                            text53       000000
__Htext54                            text54       000000
__Htext55                            text55       000000
__Htext56                            text56       000000
__Htext57                            text57       000000
__Htext58                            text58       000000
__Htext59                            text59       000000
__Htext6                             text6        000000
__Htext60                            text60       000000
__Htext61                            text61       000000
__Htext62                            text62       000000
__Htext7                             text7        000000
__Htext8                             text8        000000
__Htext9                             text9        000000
__LRAM                               (abs)        000001
__Labs1                              abs1         000000
__Lbank0                             bank0        000000
__Lbank1                             bank1        000000
__Lbank2                             bank2        000000
__Lbank3                             bank3        000000
__Lbank4                             bank4        000000
__Lbank5                             bank5        000000
__Lbigbss                            bigbss       000000
__Lbigdata                           bigdata      000000
__Lbigram                            bigram       000000
__Lbss                               bss          000000
__LbssBANK0                          bssBANK0     000000
__LbssBANK1                          bssBANK1     000000
__LbssBANK2                          bssBANK2     000000
__LbssBANK3                          bssBANK3     000000
__LbssCOMRAM                         bssCOMRAM    000000
__Lcinit                             cinit        000000
__Lclrtext                           clrtext      000000
__Lcomram                            comram       000000
__Lconfig                            config       300000
__Lconst                             const        000000
__LcstackBANK0                       cstackBANK0  000000
__LcstackBANK1                       cstackBANK1  000000
__LcstackCOMRAM                      cstackCOMRAM 000000
__Ldata                              data         000000
__LdataCOMRAM                        dataCOMRAM   000000
__Leeprom_data                       eeprom_data  000000
__Lfarbss                            farbss       000000
__Lfardata                           fardata      000000
__Libigdata                          ibigdata     000000
__Lidata                             idata        000000
__LidataCOMRAM                       idataCOMRAM  000000
__Lidloc                             idloc        200000
__Lifardata                          ifardata     000000
__Linit                              init         0000AC
__Lintcode                           intcode      000008
__Lintcode_body                      intcode_body 000000
__Lintcodelo                         intcodelo    0000AC
__Lintentry                          intentry     000000
__Lintret                            intret       000000
__Lintsave_regs                      intsave_regs 000000
__Lirdata                            irdata       000000
__Lmediumconst                       mediumconst  000000
__LnvFARRAM                          nvFARRAM     000000
__Lnvbit                             nvbit        000000
__Lnvrram                            nvrram       000000
__Lparam                             rparam       000000
__Lpowerup                           powerup      0000AC
__Lram                               ram          000000
__Lramtop                            ramtop       000600
__Lrbit                              rbit         000000
__Lrbss                              rbss         000000
__Lrdata                             rdata        000000
__Lreset_vec                         reset_vec    000000
__Lrparam                            rparam       000000
__Lsfr                               sfr          000000
__Lsmallconst                        smallconst   000000
__Lspace_0                           (abs)        000000
__Lspace_1                           (abs)        000000
__Lspace_2                           (abs)        000000
__Lstack                             stack        000000
__Lstruct                            struct       000000
__Ltemp                              temp         000043
__Ltext                              text         000000
__Ltext0                             text0        000000
__Ltext1                             text1        000000
__Ltext10                            text10       000000
__Ltext11                            text11       000000
__Ltext12                            text12       000000
__Ltext13                            text13       000000
__Ltext14                            text14       000000
__Ltext15                            text15       000000
__Ltext16                            text16       000000
__Ltext17                            text17       000000
__Ltext18                            text18       000000
__Ltext19                            text19       000000
__Ltext2                             text2        000000
__Ltext20                            text20       000000
__Ltext21                            text21       000000
__Ltext22                            text22       000000
__Ltext23                            text23       000000
__Ltext24                            text24       000000
__Ltext25                            text25       000000
__Ltext26                            text26       000000
__Ltext27                            text27       000000
__Ltext28                            text28       000000
__Ltext29                            text29       000000
__Ltext3                             text3        000000
__Ltext30                            text30       000000
__Ltext31                            text31       000000
__Ltext32                            text32       000000
__Ltext33                            text33       000000
__Ltext34                            text34       000000
__Ltext35                            text35       000000
__Ltext36                            text36       000000
__Ltext37                            text37       000000
__Ltext38                            text38       000000
__Ltext39                            text39       000000
__Ltext4                             text4        000000
__Ltext40                            text40       000000
__Ltext41                            text41       000000
__Ltext42                            text42       000000
__Ltext43                            text43       000000
__Ltext44                            text44       000000
__Ltext45                            text45       000000
__Ltext47                            text47       000000
__Ltext48                            text48       000000
__Ltext49                            text49       000000
__Ltext5                             text5        000000
__Ltext50                            text50       000000
__Ltext51                            text51       000000
__Ltext52                            text52       000000
__Ltext53                            text53       000000
__Ltext54                            text54       000000
__Ltext55                            text55       000000
__Ltext56                            text56       000000
__Ltext57                            text57       000000
__Ltext58                            text58       000000
__Ltext59                            text59       000000
__Ltext6                             text6        000000
__Ltext60                            text60       000000
__Ltext61                            text61       000000
__Ltext62                            text62       000000
__Ltext7                             text7        000000
__Ltext8                             text8        000000
__Ltext9                             text9        000000
__S0                                 (abs)        30000E
__S1                                 (abs)        0003CE
__S2                                 (abs)        000000
___inthi_sp                          stack        000000
___intlo_sp                          stack        000000
___param_bank                        (abs)        000000
___rparam_used                       (abs)        000001
___sp                                stack        000000
___wmul                              text55       001D06
___wmul@multiplicand                 cstackCOMRAM 000003
___wmul@multiplier                   cstackCOMRAM 000001
___wmul@product                      cstackCOMRAM 000005
__accesstop                          (abs)        000060
__activetblptr                       (abs)        000002
__end_of_ADC_GetConversion           text53       001C58
__end_of_ADC_ISR                     text62       001EC6
__end_of_ADC_Initialize              text28       001DE6
__end_of_CRC8                        text14       001A5A
__end_of_Clear595                    text32       001B94
__end_of_ComController               text7        001496
__end_of_ComputeStorageData          text36       00130E
__end_of_CoolingCheck                text45       001EC2
__end_of_CoolingStart                text40       001DCE
__end_of_CoolingStop                 text39       001E76
__end_of_DATAEE_ReadByte             text37       001E64
__end_of_DATAEE_WriteByte            text38       001B60
__end_of_Delay                       text43       001AA4
__end_of_EUSART1_Initialize          text25       001B2A
__end_of_EUSART1_Receive_ISR         text59       001D92
__end_of_EUSART1_Transmit_ISR        text56       001BF8
__end_of_EnableSlavePower            text34       001232
__end_of_FuseSystem                  text54       0017CC
__end_of_GetDataDict                 text15       00152E
__end_of_INTERRUPT_Initialize        text24       001E9C
__end_of_INTERRUPT_InterruptManager  intcode      0000AC
__end_of_OSCILLATOR_Initialize       text23       001E92
__end_of_PDUStartup                  text29       001912
__end_of_PIN_MANAGER_Initialize      text22       001846
__end_of_PWM4_Initialize             text21       001E50
__end_of_PWM4_LoadDutyValue          text44       001C28
__end_of_PotClear                    text42       0013D6
__end_of_PotSetpoint                 text41       00114E
__end_of_ReadCurrent                 text48       000740
__end_of_Receive_available           text5        001DFC
__end_of_Receive_get                 text4        001E84
__end_of_SYSTEM_Initialize           text16       001D50
__end_of_Send_put                    text10       001C86
__end_of_SetPin595                   text35       0019C2
__end_of_StartUp595                  text31       001974
__end_of_TMR1_ISR                    text47       001BC6
__end_of_TMR1_Initialize             text19       001D72
__end_of_TMR1_StartTimer             text20       001EBE
__end_of_TMR2_Initialize             text17       001E3C
__end_of_TMR2_StartTimer             text18       001EBA
__end_of_UART_buff_get               text12       0015C0
__end_of_UART_buff_init              text26       001DB0
__end_of_UART_buff_modulo_inc        text13       001CDC
__end_of_UART_buff_put               text11       000E32
__end_of_UART_buff_size              text6        001E12
__end_of_Update                      text30       001EB0
__end_of___wmul                      text55       001D2C
__end_of__initialization             cinit        0018A2
__end_of_cobs_decode                 text3        0008FE
__end_of_cobs_encode                 text9        000A96
__end_of_main                        text0        000D18
__end_of_memset                      text27       001CB2
__end_of_receiveData                 text2        001052
__end_of_sendData                    text8        000BEA
__end_of_updateComms                 text1        001EAA
__end_of_writeRegisters              text33       0016D0
__end_ofi2_Delay                     text51       001AEE
__end_ofi2_SetPin595                 text52       001A10
__end_ofi2_UART_buff_get             text58       001652
__end_ofi2_UART_buff_modulo_inc      text61       001D06
__end_ofi2_UART_buff_put             text60       000F4C
__end_ofi2_UART_buff_size            text57       001E28
__end_ofi2_Update                    text49       001EB6
__end_ofi2_writeRegisters            text50       00174E
__initialization                     cinit        001846
__mediumconst                        mediumconst  000000
__pbssBANK0                          bssBANK0     0000BE
__pbssBANK1                          bssBANK1     000100
__pbssBANK2                          bssBANK2     000200
__pbssBANK3                          bssBANK3     000300
__pbssCOMRAM                         bssCOMRAM    00002E
__pcinit                             cinit        001846
__pcstackBANK0                       cstackBANK0  000060
__pcstackBANK1                       cstackBANK1  00016C
__pcstackCOMRAM                      cstackCOMRAM 000001
__pdataCOMRAM                        dataCOMRAM   00003C
__pidataCOMRAM                       idataCOMRAM  001E9C
__pintcode                           intcode      000008
__ptext0                             text0        000BEA
__ptext1                             text1        001EA4
__ptext10                            text10       001C58
__ptext11                            text11       000D18
__ptext12                            text12       00152E
__ptext13                            text13       001CB2
__ptext14                            text14       001A10
__ptext15                            text15       001496
__ptext16                            text16       001D2C
__ptext17                            text17       001E28
__ptext18                            text18       001EB6
__ptext19                            text19       001D50
__ptext2                             text2        000F4C
__ptext20                            text20       001EBA
__ptext21                            text21       001E3C
__ptext22                            text22       0017CC
__ptext23                            text23       001E84
__ptext24                            text24       001E92
__ptext25                            text25       001AEE
__ptext26                            text26       001D92
__ptext27                            text27       001C86
__ptext28                            text28       001DCE
__ptext29                            text29       0018B0
__ptext3                             text3        000740
__ptext30                            text30       001EAA
__ptext31                            text31       001912
__ptext32                            text32       001B60
__ptext33                            text33       001652
__ptext34                            text34       00114E
__ptext35                            text35       001974
__ptext36                            text36       001232
__ptext37                            text37       001E50
__ptext38                            text38       001B2A
__ptext39                            text39       001E64
__ptext4                             text4        001E76
__ptext40                            text40       001DB0
__ptext41                            text41       001052
__ptext42                            text42       00130E
__ptext43                            text43       001A5A
__ptext44                            text44       001BF8
__ptext45                            text45       001EBE
__ptext47                            text47       001B94
__ptext48                            text48       0000B0
__ptext49                            text49       001EB0
__ptext5                             text5        001DE6
__ptext50                            text50       0016D0
__ptext51                            text51       001AA4
__ptext52                            text52       0019C2
__ptext53                            text53       001C28
__ptext54                            text54       00174E
__ptext55                            text55       001D06
__ptext56                            text56       001BC6
__ptext57                            text57       001E12
__ptext58                            text58       0015C0
__ptext59                            text59       001D72
__ptext6                             text6        001DFC
__ptext60                            text60       000E32
__ptext61                            text61       001CDC
__ptext62                            text62       001EC2
__ptext7                             text7        0013D6
__ptext8                             text8        000A96
__ptext9                             text9        0008FE
__ramtop                             ramtop       000600
__size_of_ADC_GetConversion          (abs)        000000
__size_of_ADC_ISR                    (abs)        000000
__size_of_ADC_Initialize             (abs)        000000
__size_of_CRC8                       (abs)        000000
__size_of_Clear595                   (abs)        000000
__size_of_ComController              (abs)        000000
__size_of_ComputeStorageData         (abs)        000000
__size_of_CoolingCheck               (abs)        000000
__size_of_CoolingStart               (abs)        000000
__size_of_CoolingStop                (abs)        000000
__size_of_DATAEE_ReadByte            (abs)        000000
__size_of_DATAEE_WriteByte           (abs)        000000
__size_of_Delay                      (abs)        000000
__size_of_EUSART1_Initialize         (abs)        000000
__size_of_EUSART1_Receive_ISR        (abs)        000000
__size_of_EUSART1_Transmit_ISR       (abs)        000000
__size_of_EnableSlavePower           (abs)        000000
__size_of_FuseSystem                 (abs)        000000
__size_of_GetDataDict                (abs)        000000
__size_of_INTERRUPT_Initialize       (abs)        000000
__size_of_INTERRUPT_InterruptManager (abs)        000000
__size_of_OSCILLATOR_Initialize      (abs)        000000
__size_of_PDUStartup                 (abs)        000000
__size_of_PIN_MANAGER_Initialize     (abs)        000000
__size_of_PWM4_Initialize            (abs)        000000
__size_of_PWM4_LoadDutyValue         (abs)        000000
__size_of_PotClear                   (abs)        000000
__size_of_PotSetpoint                (abs)        000000
__size_of_ReadCurrent                (abs)        000000
__size_of_Receive_available          (abs)        000000
__size_of_Receive_get                (abs)        000000
__size_of_SYSTEM_Initialize          (abs)        000000
__size_of_Send_put                   (abs)        000000
__size_of_SetPin595                  (abs)        000000
__size_of_StartUp595                 (abs)        000000
__size_of_TMR1_ISR                   (abs)        000000
__size_of_TMR1_Initialize            (abs)        000000
__size_of_TMR1_StartTimer            (abs)        000000
__size_of_TMR2_Initialize            (abs)        000000
__size_of_TMR2_StartTimer            (abs)        000000
__size_of_UART_buff_get              (abs)        000000
__size_of_UART_buff_init             (abs)        000000
__size_of_UART_buff_modulo_inc       (abs)        000000
__size_of_UART_buff_put              (abs)        000000
__size_of_UART_buff_size             (abs)        000000
__size_of_Update                     (abs)        000000
__size_of___wmul                     (abs)        000000
__size_of_cobs_decode                (abs)        000000
__size_of_cobs_encode                (abs)        000000
__size_of_main                       (abs)        000000
__size_of_memset                     (abs)        000000
__size_of_receiveData                (abs)        000000
__size_of_sendData                   (abs)        000000
__size_of_updateComms                (abs)        000000
__size_of_writeRegisters             (abs)        000000
__size_ofi2_Delay                    (abs)        000000
__size_ofi2_SetPin595                (abs)        000000
__size_ofi2_UART_buff_get            (abs)        000000
__size_ofi2_UART_buff_modulo_inc     (abs)        000000
__size_ofi2_UART_buff_put            (abs)        000000
__size_ofi2_UART_buff_size           (abs)        000000
__size_ofi2_Update                   (abs)        000000
__size_ofi2_writeRegisters           (abs)        000000
__smallconst                         smallconst   000000
_cobs_decode                         text3        000740
_cobs_encode                         text9        0008FE
_data                                bssBANK0     0000D6
_input_buffer                        bssBANK2     000200
_main                                text0        000BEA
_memset                              text27       001C86
_output_buffer                       bssBANK3     000300
_prev_pos                            bssCOMRAM    000037
_readwhat                            dataCOMRAM   000040
_receiveData                         text2        000F4C
_registers                           bssBANK1     000100
_sendData                            text8        000A96
_timer1ReloadVal                     bssCOMRAM    000039
_updateComms                         text1        001EA4
_writeRegisters                      text33       001652
btemp                                temp         000043
cobs_decode@F192                     bssCOMRAM    000031
cobs_decode@dst_buf_end_ptr          cstackBANK0  000062
cobs_decode@dst_buf_len              cstackCOMRAM 00001F
cobs_decode@dst_buf_ptr              cstackCOMRAM 00001D
cobs_decode@dst_write_ptr            cstackBANK0  000068
cobs_decode@i                        cstackBANK0  000065
cobs_decode@len_code                 cstackBANK0  00006A
cobs_decode@remaining_bytes          cstackBANK0  000066
cobs_decode@result                   cstackBANK0  00006B
cobs_decode@src_byte                 cstackBANK0  000064
cobs_decode@src_end_ptr              cstackBANK0  000060
cobs_decode@src_len                  cstackCOMRAM 000023
cobs_decode@src_ptr                  cstackCOMRAM 000021
cobs_encode@F180                     bssCOMRAM    000034
cobs_encode@dst_buf_end_ptr          cstackBANK0  000063
cobs_encode@dst_buf_len              cstackCOMRAM 00001F
cobs_encode@dst_buf_ptr              cstackCOMRAM 00001D
cobs_encode@dst_code_write_ptr       cstackBANK0  000066
cobs_encode@dst_write_ptr            cstackBANK0  000068
cobs_encode@result                   cstackBANK0  00006A
cobs_encode@search_len               cstackBANK0  000065
cobs_encode@src_byte                 cstackBANK0  000062
cobs_encode@src_end_ptr              cstackBANK0  000060
cobs_encode@src_len                  cstackCOMRAM 000023
cobs_encode@src_ptr                  cstackCOMRAM 000021
end_of_initialization                cinit        0018A2
i2Delay@i                            cstackCOMRAM 000006
i2Delay@wait                         cstackCOMRAM 000001
i2SetPin595@Reg                      cstackCOMRAM 000001
i2SetPin595@pin                      cstackCOMRAM 000003
i2SetPin595@value                    cstackCOMRAM 000005
i2UART_buff_get@_this                cstackCOMRAM 000007
i2UART_buff_get@c                    cstackCOMRAM 00000B
i2UART_buff_modulo_inc@modulus       cstackCOMRAM 000003
i2UART_buff_modulo_inc@my_value      cstackCOMRAM 000005
i2UART_buff_modulo_inc@value         cstackCOMRAM 000001
i2UART_buff_put@_this                cstackCOMRAM 000007
i2UART_buff_put@c                    cstackCOMRAM 000009
i2UART_buff_size@_this               cstackCOMRAM 000001
i2_Delay                             text51       001AA4
i2_SetPin595                         text52       0019C2
i2_UART_buff_get                     text58       0015C0
i2_UART_buff_modulo_inc              text61       001CDC
i2_UART_buff_put                     text60       000E32
i2_UART_buff_size                    text57       001E12
i2_Update                            text49       001EB0
i2_writeRegisters                    text50       0016D0
i2writeRegisters@i                   cstackCOMRAM 00000C
i2writeRegisters@val                 cstackCOMRAM 00000A
int$flags                            temp         000043
intlevel0                            text         000000
intlevel1                            text         000000
intlevel2                            text         000000
intlevel3                            text         000000
main@UP                              cstackBANK1  000180
main@i                               cstackBANK1  00017E
main@j                               cstackBANK1  00017C
memset@c                             cstackCOMRAM 00001F
memset@n                             cstackCOMRAM 000021
memset@p                             cstackCOMRAM 000023
memset@p1                            cstackCOMRAM 00001D
receiveData@CS                       cstackBANK1  000175
receiveData@Data                     cstackBANK1  000178
receiveData@i                        cstackBANK1  000176
receiveData@result                   cstackBANK1  000179
sendData@COBSArray                   cstackBANK0  000074
sendData@CS                          cstackBANK0  0000B4
sendData@ComandByte                  cstackBANK0  00006D
sendData@DTS                         cstackBANK0  000070
sendData@DataLenth                   cstackBANK0  0000B0
sendData@DataTable                   cstackBANK0  00006E
sendData@DataTableIndex              cstackBANK0  00006F
sendData@SendArray                   cstackBANK0  000092
sendData@count                       cstackBANK0  0000B2
sendData@i                           cstackBANK0  0000B8
sendData@lenth                       cstackBANK0  000072
sendData@result                      cstackBANK0  0000B5
sendData@whereToSend                 cstackBANK0  0000B1
stackhi                              (abs)        0005FF
stacklo                              (abs)        0003CE
start                                init         0000AC
start_initialization                 cinit        001846
writeRegisters@i                     cstackCOMRAM 000028
writeRegisters@val                   cstackCOMRAM 000026


FUNCTION INFORMATION:

 *************** function _main *****************
 Defined at:
		line 11 in file "main.c"
 Parameters:    Size  Location     Type
		None
 Auto vars:     Size  Location     Type
  i               2   18[BANK1 ] int 
  j               2   16[BANK1 ] int 
  UP              1   20[BANK1 ] unsigned char 
 Return value:  Size  Location     Type
                  1    wreg      void 
 Registers used:
		wreg, fsr1l, fsr1h, fsr2l, fsr2h, status,2, status,0, prodl, prodh, cstack
 Tracked objects:
		On entry : 
		On exit  : 
		Unchanged: 
 Data sizes:     COMRAM   BANK0   BANK1   BANK2   BANK3   BANK4   BANK5
      Params:         0       0       0       0       0       0       0
      Locals:         0       0       5       0       0       0       0
      Temps:          0       0       0       0       0       0       0
      Totals:         0       0       5       0       0       0       0
Total ram usage:        5 bytes
 Hardware stack levels required when called:   13
 This function calls:
		_ComputeStorageData
		_CoolingCheck
		_CoolingStart
		_CoolingStop
		_DATAEE_WriteByte
		_PDUStartup
		_PWM4_LoadDutyValue
		_PotSetpoint
		_SYSTEM_Initialize
		_updateComms
 This function is called by:
		Startup code after reset
 This function uses a non-reentrant model


 *************** function _updateComms *****************
 Defined at:
		line 21 in file "Communications.c"
 Parameters:    Size  Location     Type
		None
 Auto vars:     Size  Location     Type
		None
 Return value:  Size  Location     Type
                  1    wreg      void 
 Registers used:
		wreg, fsr1l, fsr1h, fsr2l, fsr2h, status,2, status,0, prodl, prodh, cstack
 Tracked objects:
		On entry : 
		On exit  : 
		Unchanged: 
 Data sizes:     COMRAM   BANK0   BANK1   BANK2   BANK3   BANK4   BANK5
      Params:         0       0       0       0       0       0       0
      Locals:         0       0       0       0       0       0       0
      Temps:          0       0       0       0       0       0       0
      Totals:         0       0       0       0       0       0       0
Total ram usage:        0 bytes
 Hardware stack levels used:    1
 Hardware stack levels required when called:   12
 This function calls:
		_receiveData
 This function is called by:
		_main
 This function uses a non-reentrant model


 *************** function _receiveData *****************
 Defined at:
		line 96 in file "CarCom.c"
 Parameters:    Size  Location     Type
		None
 Auto vars:     Size  Location     Type
  result          3   13[BANK1 ] struct .
  i               2   10[BANK1 ] int 
  Data            1   12[BANK1 ] unsigned char 
  CS              1    9[BANK1 ] unsigned char 
 Return value:  Size  Location     Type
                  1    wreg      unsigned char 
 Registers used:
		wreg, fsr1l, fsr1h, fsr2l, fsr2h, status,2, status,0, prodl, prodh, cstack
 Tracked objects:
		On entry : 
		On exit  : 
		Unchanged: 
 Data sizes:     COMRAM   BANK0   BANK1   BANK2   BANK3   BANK4   BANK5
      Params:         0       0       0       0       0       0       0
      Locals:         0       0       7       0       0       0       0
      Temps:          0       0       5       0       0       0       0
      Totals:         0       0      12       0       0       0       0
Total ram usage:       12 bytes
 Hardware stack levels used:    1
 Hardware stack levels required when called:   11
 This function calls:
		_CRC8
		_ComController
		_Receive_available
		_Receive_get
		_cobs_decode
 This function is called by:
		_updateComms
 This function uses a non-reentrant model


 *************** function _cobs_decode *****************
 Defined at:
		line 115 in file "COBS.c"
 Parameters:    Size  Location     Type
  dst_buf_ptr     2   28[COMRAM] PTR unsigned char 
		 -> ProcessArray(30), 
  dst_buf_len     2   30[COMRAM] unsigned int 
  src_ptr         2   32[COMRAM] PTR const unsigned char 
		 -> ReciveArray(30), 
  src_len         2   34[COMRAM] unsigned int 
 Auto vars:     Size  Location     Type
  result          3   11[BANK0 ] struct .
  dst_write_pt    2    8[BANK0 ] PTR unsigned char 
		 -> ProcessArray(30), 
  remaining_by    2    6[BANK0 ] unsigned int 
  dst_buf_end_    2    2[BANK0 ] PTR unsigned char 
		 -> ProcessArray(30), 
  src_end_ptr     2    0[BANK0 ] PTR const unsigned char 
		 -> ReciveArray(30), 
  len_code        1   10[BANK0 ] unsigned char 
  i               1    5[BANK0 ] unsigned char 
  src_byte        1    4[BANK0 ] unsigned char 
 Return value:  Size  Location     Type
                  3   28[COMRAM] struct .
 Registers used:
		wreg, fsr2l, fsr2h, status,2, status,0
 Tracked objects:
		On entry : 
		On exit  : 
		Unchanged: 
 Data sizes:     COMRAM   BANK0   BANK1   BANK2   BANK3   BANK4   BANK5
      Params:         8       0       0       0       0       0       0
      Locals:         0      14       0       0       0       0       0
      Temps:          2       0       0       0       0       0       0
      Totals:        10      14       0       0       0       0       0
Total ram usage:       24 bytes
 Hardware stack levels used:    1
 Hardware stack levels required when called:    6
 This function calls:
		Nothing
 This function is called by:
		_receiveData
 This function uses a non-reentrant model


 *************** function _Receive_get *****************
 Defined at:
		line 128 in file "UART.c"
 Parameters:    Size  Location     Type
		None
 Auto vars:     Size  Location     Type
		None
 Return value:  Size  Location     Type
                  1    wreg      unsigned char 
 Registers used:
		wreg, fsr2l, fsr2h, status,2, status,0, cstack
 Tracked objects:
		On entry : 
		On exit  : 
		Unchanged: 
 Data sizes:     COMRAM   BANK0   BANK1   BANK2   BANK3   BANK4   BANK5
      Params:         0       0       0       0       0       0       0
      Locals:         0       0       0       0       0       0       0
      Temps:          0       0       0       0       0       0       0
      Totals:         0       0       0       0       0       0       0
Total ram usage:        0 bytes
 Hardware stack levels used:    1
 Hardware stack levels required when called:    8
 This function calls:
		_UART_buff_get
 This function is called by:
		_receiveData
		_getch
 This function uses a non-reentrant model


 *************** function _Receive_available *****************
 Defined at:
		line 124 in file "UART.c"
 Parameters:    Size  Location     Type
		None
 Auto vars:     Size  Location     Type
		None
 Return value:  Size  Location     Type
                  2   30[COMRAM] int 
 Registers used:
		wreg, fsr2l, fsr2h, status,2, status,0, cstack
 Tracked objects:
		On entry : 
		On exit  : 
		Unchanged: 
 Data sizes:     COMRAM   BANK0   BANK1   BANK2   BANK3   BANK4   BANK5
      Params:         2       0       0       0       0       0       0
      Locals:         0       0       0       0       0       0       0
      Temps:          0       0       0       0       0       0       0
      Totals:         2       0       0       0       0       0       0
Total ram usage:        2 bytes
 Hardware stack levels used:    1
 Hardware stack levels required when called:    7
 This function calls:
		_UART_buff_size
 This function is called by:
		_receiveData
 This function uses a non-reentrant model


 *************** function _UART_buff_size *****************
 Defined at:
		line 104 in file "UART.c"
 Parameters:    Size  Location     Type
  _this           2   28[COMRAM] PTR struct UART_ring_buf
		 -> output_buffer(206), input_buffer(206), 
 Auto vars:     Size  Location     Type
		None
 Return value:  Size  Location     Type
                  2   28[COMRAM] int 
 Registers used:
		wreg, fsr2l, fsr2h, status,2, status,0
 Tracked objects:
		On entry : 
		On exit  : 
		Unchanged: 
 Data sizes:     COMRAM   BANK0   BANK1   BANK2   BANK3   BANK4   BANK5
      Params:         2       0       0       0       0       0       0
      Locals:         0       0       0       0       0       0       0
      Temps:          0       0       0       0       0       0       0
      Totals:         2       0       0       0       0       0       0
Total ram usage:        2 bytes
 Hardware stack levels used:    1
 Hardware stack levels required when called:    6
 This function calls:
		Nothing
 This function is called by:
		_Receive_available
 This function uses a non-reentrant model


 *************** function _ComController *****************
 Defined at:
		line 133 in file "CarCom.c"
 Parameters:    Size  Location     Type
  DTI             2   90[BANK0 ] PTR unsigned char 
		 -> ProcessArray(30), 
  lenth           2   92[BANK0 ] unsigned int 
 Auto vars:     Size  Location     Type
  DataToSend      4    0[BANK1 ] unsigned char [4]
 Return value:  Size  Location     Type
                  1    wreg      void 
 Registers used:
		wreg, fsr1l, fsr1h, fsr2l, fsr2h, status,2, status,0, prodl, prodh, cstack
 Tracked objects:
		On entry : 
		On exit  : 
		Unchanged: 
 Data sizes:     COMRAM   BANK0   BANK1   BANK2   BANK3   BANK4   BANK5
      Params:         0       4       0       0       0       0       0
      Locals:         0       0       4       0       0       0       0
      Temps:          1       0       0       0       0       0       0
      Totals:         1       4       4       0       0       0       0
Total ram usage:        9 bytes
 Hardware stack levels used:    1
 Hardware stack levels required when called:   10
 This function calls:
		_Delay
		_GetDataDict
		_sendData
 This function is called by:
		_receiveData
 This function uses a non-reentrant model


 *************** function _sendData *****************
 Defined at:
		line 41 in file "CarCom.c"
 Parameters:    Size  Location     Type
  whereToSend     1    wreg     unsigned char 
  ComandByte      1   13[BANK0 ] unsigned char 
  DataTable       1   14[BANK0 ] unsigned char 
  DataTableInd    1   15[BANK0 ] unsigned char 
  DTS             2   16[BANK0 ] PTR unsigned char 
		 -> ComController@DataToSend(4), 
  lenth           2   18[BANK0 ] unsigned int 
 Auto vars:     Size  Location     Type
  whereToSend     1   81[BANK0 ] unsigned char 
  SendArray      30   50[BANK0 ] unsigned char [30]
  COBSArray      30   20[BANK0 ] unsigned char [30]
  result          3   85[BANK0 ] struct .
  i               2   88[BANK0 ] unsigned int 
  count           2   82[BANK0 ] int 
  CS              1   84[BANK0 ] unsigned char 
  DataLenth       1   80[BANK0 ] unsigned char 
 Return value:  Size  Location     Type
                  1    wreg      void 
 Registers used:
		wreg, fsr1l, fsr1h, fsr2l, fsr2h, status,2, status,0, cstack
 Tracked objects:
		On entry : 
		On exit  : 
		Unchanged: 
 Data sizes:     COMRAM   BANK0   BANK1   BANK2   BANK3   BANK4   BANK5
      Params:         0       7       0       0       0       0       0
      Locals:         0      70       0       0       0       0       0
      Temps:          4       0       0       0       0       0       0
      Totals:         4      77       0       0       0       0       0
Total ram usage:       81 bytes
 Hardware stack levels used:    1
 Hardware stack levels required when called:    9
 This function calls:
		_CRC8
		_Send_put
		_cobs_encode
 This function is called by:
		_ComController
 This function uses a non-reentrant model


 *************** function _cobs_encode *****************
 Defined at:
		line 29 in file "COBS.c"
 Parameters:    Size  Location     Type
  dst_buf_ptr     2   28[COMRAM] PTR unsigned char 
		 -> sendData@COBSArray(30), 
  dst_buf_len     2   30[COMRAM] unsigned int 
  src_ptr         2   32[COMRAM] PTR const unsigned char 
		 -> sendData@SendArray(30), 
  src_len         2   34[COMRAM] unsigned int 
 Auto vars:     Size  Location     Type
  result          3   10[BANK0 ] struct .
  dst_write_pt    2    8[BANK0 ] PTR unsigned char 
		 -> sendData@COBSArray(30), 
  dst_code_wri    2    6[BANK0 ] PTR unsigned char 
		 -> sendData@COBSArray(30), 
  dst_buf_end_    2    3[BANK0 ] PTR unsigned char 
		 -> sendData@COBSArray(30), 
  src_end_ptr     2    0[BANK0 ] PTR const unsigned char 
		 -> sendData@SendArray(30), 
  search_len      1    5[BANK0 ] unsigned char 
  src_byte        1    2[BANK0 ] unsigned char 
 Return value:  Size  Location     Type
                  3   28[COMRAM] struct .
 Registers used:
		wreg, fsr2l, fsr2h, status,2, status,0
 Tracked objects:
		On entry : 
		On exit  : 
		Unchanged: 
 Data sizes:     COMRAM   BANK0   BANK1   BANK2   BANK3   BANK4   BANK5
      Params:         8       0       0       0       0       0       0
      Locals:         0      13       0       0       0       0       0
      Temps:          2       0       0       0       0       0       0
      Totals:        10      13       0       0       0       0       0
Total ram usage:       23 bytes
 Hardware stack levels used:    1
 Hardware stack levels required when called:    6
 This function calls:
		Nothing
 This function is called by:
		_sendData
 This function uses a non-reentrant model


 *************** function _Send_put *****************
 Defined at:
		line 132 in file "UART.c"
 Parameters:    Size  Location     Type
  _data           1    wreg     unsigned char 
 Auto vars:     Size  Location     Type
  _data           1   39[COMRAM] unsigned char 
 Return value:  Size  Location     Type
                  1    wreg      void 
 Registers used:
[...]
		None
 Return value:  Size  Location     Type
                  1    wreg      void 
 Registers used:
		wreg, fsr2l, fsr2h, status,2, status,0, cstack
 Tracked objects:
		On entry : 
		On exit  : 
		Unchanged: 
 Data sizes:     COMRAM   BANK0   BANK1   BANK2   BANK3   BANK4   BANK5
      Params:         0       0       0       0       0       0       0
      Locals:         0       0       0       0       0       0       0
      Temps:          0       0       0       0       0       0       0
      Totals:         0       0       0       0       0       0       0
Total ram usage:        0 bytes
 Hardware stack levels used:    1
 Hardware stack levels required when called:    2
 This function calls:
		i2_writeRegisters
 This function is called by:
		_ReadCurrent
 This function uses a non-reentrant model


 *************** function i2_writeRegisters *****************
 Defined at:
		line 50 in file "Shift595.c"
 Parameters:    Size  Location     Type
		None
 Auto vars:     Size  Location     Type
  writeRegiste    2   11[COMRAM] int 
  writeRegiste    2    9[COMRAM] int 
 Return value:  Size  Location     Type
                  1    wreg      void 
 Registers used:
		wreg, fsr2l, fsr2h, status,2, status,0, cstack
 Tracked objects:
		On entry : 
		On exit  : 
		Unchanged: 
 Data sizes:     COMRAM   BANK0   BANK1   BANK2   BANK3   BANK4   BANK5
      Params:         0       0       0       0       0       0       0
      Locals:         4       0       0       0       0       0       0
      Temps:          0       0       0       0       0       0       0
      Totals:         4       0       0       0       0       0       0
Total ram usage:        4 bytes
 Hardware stack levels used:    1
 Hardware stack levels required when called:    1
 This function calls:
		i2_Delay
 This function is called by:
		i2_Update
 This function uses a non-reentrant model


 *************** function i2_Delay *****************
 Defined at:
		line 9 in file "Functions.c"
 Parameters:    Size  Location     Type
  wait            4    0[COMRAM] long 
 Auto vars:     Size  Location     Type
  Delay           4    5[COMRAM] long 
 Return value:  Size  Location     Type
                  1    wreg      void 
 Registers used:
		wreg, status,2, status,0
 Tracked objects:
		On entry : 
		On exit  : 
		Unchanged: 
 Data sizes:     COMRAM   BANK0   BANK1   BANK2   BANK3   BANK4   BANK5
      Params:         4       0       0       0       0       0       0
      Locals:         4       0       0       0       0       0       0
      Temps:          1       0       0       0       0       0       0
      Totals:         9       0       0       0       0       0       0
Total ram usage:        9 bytes
 Hardware stack levels used:    1
 This function calls:
		Nothing
 This function is called by:
		i2_writeRegisters
 This function uses a non-reentrant model


 *************** function i2_SetPin595 *****************
 Defined at:
		line 32 in file "Shift595.c"
 Parameters:    Size  Location     Type
  Reg             2    0[COMRAM] int 
  pin             2    2[COMRAM] int 
  value           2    4[COMRAM] int 
 Auto vars:     Size  Location     Type
		None
 Return value:  Size  Location     Type
                  1    wreg      void 
 Registers used:
		wreg, fsr2l, fsr2h, status,2, status,0
 Tracked objects:
		On entry : 
		On exit  : 
		Unchanged: 
 Data sizes:     COMRAM   BANK0   BANK1   BANK2   BANK3   BANK4   BANK5
      Params:         6       0       0       0       0       0       0
      Locals:         0       0       0       0       0       0       0
      Temps:          4       0       0       0       0       0       0
      Totals:        10       0       0       0       0       0       0
Total ram usage:       10 bytes
 Hardware stack levels used:    1
 This function calls:
		Nothing
 This function is called by:
		_ReadCurrent
 This function uses a non-reentrant model


 *************** function _ADC_GetConversion *****************
 Defined at:
		line 109 in file "mcc_generated_files/adc.c"
 Parameters:    Size  Location     Type
  channel         1    wreg     enum E6965
 Auto vars:     Size  Location     Type
  channel         1    4[COMRAM] enum E6965
 Return value:  Size  Location     Type
                  2    0[COMRAM] unsigned int 
 Registers used:
		wreg, status,2, status,0
 Tracked objects:
		On entry : 
		On exit  : 
		Unchanged: 
 Data sizes:     COMRAM   BANK0   BANK1   BANK2   BANK3   BANK4   BANK5
      Params:         2       0       0       0       0       0       0
      Locals:         1       0       0       0       0       0       0
      Temps:          2       0       0       0       0       0       0
      Totals:         5       0       0       0       0       0       0
Total ram usage:        5 bytes
 Hardware stack levels used:    1
 This function calls:
		Nothing
 This function is called by:
		_ReadCurrent
 This function uses a non-reentrant model


 *************** function _FuseSystem *****************
 Defined at:
		line 175 in file "PDU.c"
 Parameters:    Size  Location     Type
		None
 Auto vars:     Size  Location     Type
  i               2    6[COMRAM] int 
  i               2    8[COMRAM] int 
 Return value:  Size  Location     Type
                  1    wreg      void 
 Registers used:
		wreg, fsr2l, fsr2h, status,2, status,0, prodl, prodh, cstack
 Tracked objects:
		On entry : 
		On exit  : 
		Unchanged: 
 Data sizes:     COMRAM   BANK0   BANK1   BANK2   BANK3   BANK4   BANK5
      Params:         0       0       0       0       0       0       0
      Locals:         4       0       0       0       0       0       0
      Temps:          0       0       0       0       0       0       0
      Totals:         4       0       0       0       0       0       0
Total ram usage:        4 bytes
 Hardware stack levels used:    1
 Hardware stack levels required when called:    1
 This function calls:
		___wmul
 This function is called by:
		_TMR1_ISR
 This function uses a non-reentrant model


 *************** function ___wmul *****************
 Defined at:
		line 15 in file "C:\Program Files (x86)\Microchip\xc8\v1.42\sources\common\Umul16.c"
 Parameters:    Size  Location     Type
  multiplier      2    0[COMRAM] unsigned int 
  multiplicand    2    2[COMRAM] unsigned int 
 Auto vars:     Size  Location     Type
  product         2    4[COMRAM] unsigned int 
 Return value:  Size  Location     Type
                  2    0[COMRAM] unsigned int 
 Registers used:
		wreg, status,2, status,0, prodl, prodh
 Tracked objects:
		On entry : 
		On exit  : 
		Unchanged: 
 Data sizes:     COMRAM   BANK0   BANK1   BANK2   BANK3   BANK4   BANK5
      Params:         4       0       0       0       0       0       0
      Locals:         2       0       0       0       0       0       0
      Temps:          0       0       0       0       0       0       0
      Totals:         6       0       0       0       0       0       0
Total ram usage:        6 bytes
 Hardware stack levels used:    1
 This function calls:
		Nothing
 This function is called by:
		_FuseSystem
 This function uses a non-reentrant model


 *************** function _EUSART1_Transmit_ISR *****************
 Defined at:
		line 153 in file "UART.c"
 Parameters:    Size  Location     Type
		None
 Auto vars:     Size  Location     Type
		None
 Return value:  Size  Location     Type
                  1    wreg      void 
 Registers used:
		wreg, fsr2l, fsr2h, status,2, status,0, cstack
 Tracked objects:
		On entry : 
		On exit  : 
		Unchanged: 
 Data sizes:     COMRAM   BANK0   BANK1   BANK2   BANK3   BANK4   BANK5
      Params:         0       0       0       0       0       0       0
      Locals:         0       0       0       0       0       0       0
      Temps:          0       0       0       0       0       0       0
      Totals:         0       0       0       0       0       0       0
Total ram usage:        0 bytes
 Hardware stack levels used:    1
 Hardware stack levels required when called:    2
 This function calls:
		i2_UART_buff_get
		i2_UART_buff_size
 This function is called by:
		_INTERRUPT_InterruptManager
 This function uses a non-reentrant model


 *************** function i2_UART_buff_size *****************
 Defined at:
		line 104 in file "UART.c"
 Parameters:    Size  Location     Type
  _this           2    0[COMRAM] PTR struct UART_ring_buf
		 -> output_buffer(206), input_buffer(206), 
 Auto vars:     Size  Location     Type
		None
 Return value:  Size  Location     Type
                  2    0[COMRAM] int 
 Registers used:
		wreg, fsr2l, fsr2h, status,2, status,0
 Tracked objects:
		On entry : 
		On exit  : 
		Unchanged: 
 Data sizes:     COMRAM   BANK0   BANK1   BANK2   BANK3   BANK4   BANK5
      Params:         2       0       0       0       0       0       0
      Locals:         0       0       0       0       0       0       0
      Temps:          0       0       0       0       0       0       0
      Totals:         2       0       0       0       0       0       0
Total ram usage:        2 bytes
 Hardware stack levels used:    1
 This function calls:
		Nothing
 This function is called by:
		_EUSART1_Transmit_ISR
 This function uses a non-reentrant model


 *************** function i2_UART_buff_get *****************
 Defined at:
		line 83 in file "UART.c"
 Parameters:    Size  Location     Type
  _this           2    6[COMRAM] PTR struct UART_ring_buf
		 -> output_buffer(206), input_buffer(206), 
 Auto vars:     Size  Location     Type
  UART_buff_ge    1   10[COMRAM] unsigned char 
 Return value:  Size  Location     Type
                  1    wreg      unsigned char 
 Registers used:
		wreg, fsr2l, fsr2h, status,2, status,0, cstack
 Tracked objects:
		On entry : 
		On exit  : 
		Unchanged: 
 Data sizes:     COMRAM   BANK0   BANK1   BANK2   BANK3   BANK4   BANK5
      Params:         2       0       0       0       0       0       0
      Locals:         1       0       0       0       0       0       0
      Temps:          2       0       0       0       0       0       0
      Totals:         5       0       0       0       0       0       0
Total ram usage:        5 bytes
 Hardware stack levels used:    1
 Hardware stack levels required when called:    1
 This function calls:
		i2_UART_buff_modulo_inc
 This function is called by:
		_EUSART1_Transmit_ISR
 This function uses a non-reentrant model


 *************** function _EUSART1_Receive_ISR *****************
 Defined at:
		line 141 in file "UART.c"
 Parameters:    Size  Location     Type
		None
 Auto vars:     Size  Location     Type
  data            1   11[COMRAM] unsigned char 
 Return value:  Size  Location     Type
                  1    wreg      void 
 Registers used:
		wreg, fsr2l, fsr2h, status,2, status,0, cstack
 Tracked objects:
		On entry : 
		On exit  : 
		Unchanged: 
 Data sizes:     COMRAM   BANK0   BANK1   BANK2   BANK3   BANK4   BANK5
      Params:         0       0       0       0       0       0       0
      Locals:         1       0       0       0       0       0       0
      Temps:          0       0       0       0       0       0       0
      Totals:         1       0       0       0       0       0       0
Total ram usage:        1 bytes
 Hardware stack levels used:    1
 Hardware stack levels required when called:    2
 This function calls:
		i2_UART_buff_put
 This function is called by:
		_INTERRUPT_InterruptManager
 This function uses a non-reentrant model


 *************** function i2_UART_buff_put *****************
 Defined at:
		line 70 in file "UART.c"
 Parameters:    Size  Location     Type
  _this           2    6[COMRAM] PTR struct UART_ring_buf
		 -> output_buffer(206), input_buffer(206), 
  c               1    8[COMRAM] const unsigned char 
 Auto vars:     Size  Location     Type
		None
 Return value:  Size  Location     Type
                  1    wreg      void 
 Registers used:
		wreg, fsr2l, fsr2h, status,2, status,0, cstack
 Tracked objects:
		On entry : 
		On exit  : 
		Unchanged: 
 Data sizes:     COMRAM   BANK0   BANK1   BANK2   BANK3   BANK4   BANK5
      Params:         3       0       0       0       0       0       0
      Locals:         0       0       0       0       0       0       0
      Temps:          2       0       0       0       0       0       0
      Totals:         5       0       0       0       0       0       0
Total ram usage:        5 bytes
 Hardware stack levels used:    1
 Hardware stack levels required when called:    1
 This function calls:
		i2_UART_buff_modulo_inc
 This function is called by:
		_EUSART1_Receive_ISR
 This function uses a non-reentrant model


 *************** function i2_UART_buff_modulo_inc *****************
 Defined at:
		line 108 in file "UART.c"
 Parameters:    Size  Location     Type
  value           2    0[COMRAM] const unsigned int 
  modulus         2    2[COMRAM] const unsigned int 
 Auto vars:     Size  Location     Type
  UART_buff_mo    2    4[COMRAM] unsigned int 
 Return value:  Size  Location     Type
                  2    0[COMRAM] unsigned int 
 Registers used:
		wreg, status,2, status,0
 Tracked objects:
		On entry : 
		On exit  : 
		Unchanged: 
 Data sizes:     COMRAM   BANK0   BANK1   BANK2   BANK3   BANK4   BANK5
      Params:         4       0       0       0       0       0       0
      Locals:         2       0       0       0       0       0       0
      Temps:          0       0       0       0       0       0       0
      Totals:         6       0       0       0       0       0       0
Total ram usage:        6 bytes
 Hardware stack levels used:    1
 This function calls:
		Nothing
 This function is called by:
		i2_UART_buff_put
		i2_UART_buff_get
 This function uses a non-reentrant model


 *************** function _ADC_ISR *****************
 Defined at:
		line 130 in file "mcc_generated_files/adc.c"
 Parameters:    Size  Location     Type
		None
 Auto vars:     Size  Location     Type
		None
 Return value:  Size  Location     Type
                  1    wreg      void 
 Registers used:
		None
 Tracked objects:
		On entry : 
		On exit  : 
		Unchanged: 
 Data sizes:     COMRAM   BANK0   BANK1   BANK2   BANK3   BANK4   BANK5
      Params:         0       0       0       0       0       0       0
      Locals:         0       0       0       0       0       0       0
      Temps:          0       0       0       0       0       0       0
      Totals:         0       0       0       0       0       0       0
Total ram usage:        0 bytes
 Hardware stack levels used:    1
 This function calls:
		Nothing
 This function is called by:
		_INTERRUPT_InterruptManager
 This function uses a non-reentrant model



MODULE INFORMATION

Module		Function		Class		Link	Load	Size
Shift595.c
		_SetPin595     		CODE           	1974	0000	79
		_writeRegisters		CODE           	1652	0000	127
		_StartUp595    		CODE           	1912	0000	99
		_Clear595      		CODE           	1B60	0000	53

Shift595.c estimated size: 358

COBS.c
		_cobs_encode   		CODE           	08FE	0000	409
		_cobs_decode   		CODE           	0740	0000	447

COBS.c estimated size: 856

UART.c
		_EUSART1_Initialize		CODE           	1AEE	0000	61
		_Receive_get   		CODE           	1E76	0000	15
		_UART_buff_modulo_inc		CODE           	1CB2	0000	43
		_Receive_available		CODE           	1DE6	0000	23
		_EUSART1_Receive_ISR		CODE           	1D72	0000	33
		_UART_buff_get 		CODE           	152E	0000	147
		_UART_buff_put 		CODE           	0D18	0000	283
		_Send_put      		CODE           	1C58	0000	47
		_EUSART1_Transmit_ISR		CODE           	1BC6	0000	51
		_UART_buff_size		CODE           	1DFC	0000	23
		_UART_buff_init		CODE           	1D92	0000	31

UART.c estimated size: 757

CoolingControl.c
		_CoolingStop   		CODE           	1E64	0000	19
		_CoolingStart  		CODE           	1DB0	0000	31

CoolingControl.c estimated size: 50

CarCom.c
		_CRC8          		CODE           	1A10	0000	75
		_ComController 		CODE           	13D6	0000	193
		_receiveData   		CODE           	0F4C	0000	263
		_sendData      		CODE           	0A96	0000	341

CarCom.c estimated size: 872

Communications.c
		_updateComms   		CODE           	1EA4	0000	7

Communications.c estimated size: 7

mcc_generated_files/pwm4.c
		_PWM4_Initialize		CODE           	1E3C	0000	21
		_PWM4_LoadDutyValue		CODE           	1BF8	0000	49

mcc_generated_files/pwm4.c estimated size: 70

mcc_generated_files/tmr2.c
		_TMR2_Initialize		CODE           	1E28	0000	21
		_TMR2_StartTimer		CODE           	1EB6	0000	5

mcc_generated_files/tmr2.c estimated size: 26

mcc_generated_files/interrupt_manager.c
		_INTERRUPT_Initialize		CODE           	1E92	0000	11
		_INTERRUPT_InterruptManager		CODE           	0008	0000	165

mcc_generated_files/interrupt_manager.c estimated size: 176

PDU.c
		_CoolingCheck  		CODE           	1EBE	0000	5
		_ReadCurrent   		CODE           	00B0	0000	1681
		_ComputeStorageData		CODE           	1232	0000	221
		_EnableSlavePower		CODE           	114E	0000	229
		_Update        		CODE           	1EAA	0000	7
		_PDUStartup    		CODE           	18B0	0000	99
		_FuseSystem    		CODE           	174E	0000	127

PDU.c estimated size: 2369

mcc_generated_files/pin_manager.c
		_PIN_MANAGER_Initialize		CODE           	17CC	0000	123

mcc_generated_files/pin_manager.c estimated size: 123

mcc_generated_files/adc.c
		_ADC_Initialize		CODE           	1DCE	0000	25
		_ADC_GetConversion		CODE           	1C28	0000	49
		_ADC_ISR       		CODE           	1EC2	0000	5

mcc_generated_files/adc.c estimated size: 79

CarDataDictionary.c
		_GetDataDict   		CODE           	1496	0000	153

CarDataDictionary.c estimated size: 153

Functions.c
		_Delay         		CODE           	1A5A	0000	75

Functions.c estimated size: 75

shared
		i2_UART_buff_modulo_inc		CODE           	1CDC	0000	43
		i2_writeRegisters		CODE           	16D0	0000	127
		i2_Update      		CODE           	1EB0	0000	7
		i2_UART_buff_size		CODE           	1E12	0000	23
		__initialization		CODE           	1846	0000	93
		i2_Delay       		CODE           	1AA4	0000	75
		i2_SetPin595   		CODE           	19C2	0000	79
		i2_UART_buff_get		CODE           	15C0	0000	147
		i2_UART_buff_put		CODE           	0E32	0000	283

shared estimated size: 877

C:\Program Files (x86)\Microchip\xc8\v1.42\sources\common\memset.c
		_memset        		CODE           	1C86	0000	45

C:\Program Files (x86)\Microchip\xc8\v1.42\sources\common\memset.c estimated size: 45

mcc_generated_files/mcc.c
		_OSCILLATOR_Initialize		CODE           	1E84	0000	15
		_SYSTEM_Initialize		CODE           	1D2C	0000	37

mcc_generated_files/mcc.c estimated size: 52

mcc_generated_files/tmr1.c
		_TMR1_Initialize		CODE           	1D50	0000	35
		_TMR1_StartTimer		CODE           	1EBA	0000	5
		_TMR1_ISR      		CODE           	1B94	0000	51

mcc_generated_files/tmr1.c estimated size: 91

mcc_generated_files/memory.c
		_DATAEE_WriteByte		CODE           	1B2A	0000	55
		_DATAEE_ReadByte		CODE           	1E50	0000	21

mcc_generated_files/memory.c estimated size: 76

DigiPot.c
		_PotClear      		CODE           	130E	0000	201
		_PotSetpoint   		CODE           	1052	0000	253

DigiPot.c estimated size: 454

C:\Program Files (x86)\Microchip\xc8\v1.42\sources\common\Umul16.c
		___wmul        		CODE           	1D06	0000	39

C:\Program Files (x86)\Microchip\xc8\v1.42\sources\common\Umul16.c estimated size: 39

main.c
		_main          		CODE           	0BEA	0000	303

main.c estimated size: 303

