Microchip MPLAB XC8 Compiler V1.42 ()

Linker command line:

-W-3 --edf=C:\Program Files (x86)\Microchip\xc8\v1.42\dat\en_msgs.txt -cs \
  -h+dist/default/production\SS.X-SandBox.production.sym \
  --cmf=dist/default/production\SS.X-SandBox.production.cmf -z -Q18F45K22 \
  -oC:\Users\richc\AppData\Local\Temp\s62o.2 \
  -Mdist/default/production/SS.X-SandBox.production.map -E1 -ver=XC8 \
  -ASTACK=01D4h-05ffh -pstack=STACK -ACODE=00h-07FFFh -ACONST=00h-07FFFh \
  -ASMALLCONST=0600h-06FFhx122 -AMEDIUMCONST=0600h-07FFFh -ACOMRAM=01h-05Fh \
  -AABS1=00h-05FFh -ABIGRAM=01h-05FFh -ARAM=060h-0FFh,0100h-01FFhx5 \
  -ABANK0=060h-0FFh -ABANK1=0100h-01FFh -ABANK2=0200h-02FFh \
  -ABANK3=0300h-03FFh -ABANK4=0400h-04FFh -ABANK5=0500h-05FFh \
  -ASFR=0F38h-0F5Fh,0F60h-0FFFh \
  -preset_vec=00h,intcode=08h,intcodelo,powerup,init -pramtop=0600h \
  -psmallconst=SMALLCONST -pmediumconst=MEDIUMCONST -pconst=CONST \
  -AFARRAM=00h-00h -ACONFIG=0300000h-030000Dh -pconfig=CONFIG \
  -AIDLOC=0200000h-0200007h -pidloc=IDLOC -AEEDATA=0F00000h-0F000FFh \
  -peeprom_data=EEDATA \
  -prdata=COMRAM,nvrram=COMRAM,nvbit=COMRAM,rbss=COMRAM,rbit=COMRAM \
  -pfarbss=FARRAM,fardata=FARRAM,nvFARRAM=FARRAM \
  -pintsave_regs=BIGRAM,bigbss=BIGRAM,bigdata=BIGRAM -pbss=RAM \
  -pidata=CODE,irdata=CODE,ibigdata=CODE,ifardata=CODE -prparam=COMRAM \
  C:\Users\richc\AppData\Local\Temp\s62o.obj \
  dist/default/production\SS.X-SandBox.production.obj 

Object code version is 3.11

Machine type is 18F45K22

Call graph: (short form)




                Name                               Link     Load   Length Selector   Space Scale
C:\Users\richc\AppData\Local\Temp\s62o.obj
                init                                 A0       A0        4        4       0
                reset_vec                             0        0        4        0       0
                idloc                            200000   200000        8   200000       0
                config                           300000   300000        E   300000       0
dist/default/production\SS.X-SandBox.production.obj
                intcode                               8        8       98        4       0
                temp                                 45       45        1        1       1
                text34                              CE2      CE2       2A        4       0
                text33                              682      682      11A        4       0
                text32                              D48      D48       1E        4       0
                text31                              A00      A00       92        4       0
                text30                              DD8      DD8       16        4       0
                text29                              C2A      C2A       32        4       0
                text28                              D7E      D7E       18        4       0
                text26                              88C      88C       DC        4       0
                text25                              E02      E02       12        4       0
                text24                              C8C      C8C       2C        4       0
                text23                              D2A      D2A       1E        4       0
                text22                              B84      B84       3C        4       0
                text21                              E32      E32        6        4       0
                text20                              D66      D66       18        4       0
                text19                              E3E      E3E        4      71F       0
                text18                              D0C      D0C       1E        4       0
                text17                              A92      A92       56        4       0
                text16                              B3A      B3A       4A        4       0
                text15                              DC2      DC2       16        4       0
                text14                              DAC      DAC       16        4       0
                text13                              CB8      CB8       2A        4       0
                text12                              968      968       98        4       0
                text11                              E24      E24        E        4       0
                text10                               A4       A4      1BE        4       0
                text9                               79C      79C       F0        4       0
                text8                               BF6      BF6       34        4       0
                text7                               D96      D96       16        4       0
                text6                               560      560      122        4       0
                text5                               C5C      C5C       30        4       0
                text4                               262      262      198        4       0
                text3                               3FA      3FA      166        4       0
                text2                               BC0      BC0       36        4       0
                text1                               E14      E14       10        4       0
                text0                               DEE      DEE       14        4       0
                cstackCOMRAM                          1        1       24        1       1
                cstackBANK0                          60       60       5A       60       1
                bssBANK1                            100      100       D4      100       1
                bssBANK0                             BA       BA       46       60       1
                dataCOMRAM                           40       40        5        1       1
                bssCOMRAM                            25       25       1B        1       1
                cinit                               AE8      AE8       52        4       0
                idataCOMRAM                         E38      E38        5        4       0

TOTAL           Name                               Link     Load   Length     Space
        CLASS   STACK          

        CLASS   CODE           
                intcode                               8        8       98         0
                init                                 A0       A0        4         0
                reset_vec                             0        0        4         0
                text34                              CE2      CE2       2A         0
                text33                              682      682      11A         0
                text32                              D48      D48       1E         0
                text31                              A00      A00       92         0
                text30                              DD8      DD8       16         0
                text29                              C2A      C2A       32         0
                text28                              D7E      D7E       18         0
                text26                              88C      88C       DC         0
                text25                              E02      E02       12         0
                text24                              C8C      C8C       2C         0
                text23                              D2A      D2A       1E         0
                text22                              B84      B84       3C         0
                text21                              E32      E32        6         0
                text20                              D66      D66       18         0
                text19                              E3E      E3E        4         0
                text18                              D0C      D0C       1E         0
                text17                              A92      A92       56         0
                text16                              B3A      B3A       4A         0
                text15                              DC2      DC2       16         0
                text14                              DAC      DAC       16         0
                text13                              CB8      CB8       2A         0
                text12                              968      968       98         0
                text11                              E24      E24        E         0
                text10                               A4       A4      1BE         0
                text9                               79C      79C       F0         0
                text8                               BF6      BF6       34         0
                text7                               D96      D96       16         0
                text6                               560      560      122         0
                text5                               C5C      C5C       30         0
                text4                               262      262      198         0
                text3                               3FA      3FA      166         0
                text2                               BC0      BC0       36         0
                text1                               E14      E14       10         0
                text0                               DEE      DEE       14         0
                cinit                               AE8      AE8       52         0
                idataCOMRAM                         E38      E38        5         0

        CLASS   CONST          

        CLASS   SMALLCONST     

        CLASS   MEDIUMCONST    

        CLASS   COMRAM         
                temp                                 45       45        1         1
                cstackCOMRAM                          1        1       24         1
                dataCOMRAM                           40       40        5         1
                bssCOMRAM                            25       25       1B         1

        CLASS   ABS1           

        CLASS   BIGRAM         

        CLASS   RAM            

        CLASS   BANK0          
                cstackBANK0                          60       60       5A         1
                bssBANK0                             BA       BA       46         1

        CLASS   BANK1          
                bssBANK1                            100      100       D4         1

        CLASS   BANK2          

        CLASS   BANK3          

        CLASS   BANK4          

        CLASS   BANK5          

        CLASS   SFR            

        CLASS   FARRAM         

        CLASS   CONFIG         
                config                           300000   300000        E         0

        CLASS   IDLOC          
                idloc                            200000   200000        8         0

        CLASS   EEDATA         



SEGMENTS        Name                           Load    Length   Top    Selector   Space  Class

                reset_vec                      000000  000004  000004         0       0  CODE    
                cstackCOMRAM                   000001  000045  000046         1       1  COMRAM  
                intcode                        000008  000E35  000E3D         4       0  CODE    
                cstackBANK0                    000060  0000A0  000100        60       1  BANK0   
                bssBANK1                       000100  0000D4  0001D4       100       1  BANK1   
                text19                         000E3E  000004  000E42       71F       0  CODE    
                idloc                          200000  000008  200008    200000       0  IDLOC   
                config                         300000  00000E  30000E    300000       0  CONFIG  


UNUSED ADDRESS RANGES

        Name                Unused          Largest block    Delta
        BANK1            0001D4-0001FF               2C
        BANK2            000200-0002FF              100
        BANK3            000300-0003FF              100
        BANK4            000400-0004FF              100
        BANK5            000500-0005FF              100
        BIGRAM           000046-00005F               1A
                         0001D4-0005FF              42C
        CODE             000004-000007                4
                         000E3D-000E3D                1
                         000E42-007FFF             71BE
        COMRAM           000046-00005F               1A
        CONST            000004-000007                4
                         000E3D-000E3D                1
                         000E42-007FFF             71BE
        EEDATA           F00000-F000FF              100
        MEDIUMCONST      000E3D-000E3D                1
                         000E42-007FFF             71BE
        RAM              0001D4-0005FF              100
        SFR              000F38-000FFF               28
        SMALLCONST       000E3D-000E3D                1
                         000E42-007FFF              100
        STACK            0001D4-0005FF              42C

                                  Symbol Table

?_Receive_available                  cstackCOMRAM 00001D
?_UART_buff_modulo_inc               cstackCOMRAM 00001B
?_UART_buff_size                     cstackCOMRAM 00001B
?_cobs_decode                        cstackCOMRAM 00001B
?_cobs_encode                        cstackCOMRAM 00001B
?i2_UART_buff_modulo_inc             cstackCOMRAM 000001
?i2_UART_buff_size                   cstackCOMRAM 000001
CRC8@crc                             cstackCOMRAM 000021
CRC8@data                            cstackCOMRAM 00001B
CRC8@extract                         cstackCOMRAM 00001F
CRC8@len                             cstackCOMRAM 00001D
CRC8@sum                             cstackCOMRAM 00001E
CRC8@tempI                           cstackCOMRAM 000020
Delay@wait                           cstackCOMRAM 00001B
Delay@x                              cstackCOMRAM 00001E
EUSART1_Receive_ISR@data             cstackCOMRAM 00000C
GetFaults@num                        cstackCOMRAM 00001B
Send_put@_data                       cstackBANK0  000062
UART_buff_get@_this                  cstackCOMRAM 000021
UART_buff_get@c                      cstackBANK0  000060
UART_buff_init@_this                 cstackCOMRAM 000023
UART_buff_modulo_inc@modulus         cstackCOMRAM 00001D
UART_buff_modulo_inc@my_value        cstackCOMRAM 00001F
UART_buff_modulo_inc@value           cstackCOMRAM 00001B
UART_buff_put@_this                  cstackCOMRAM 000021
UART_buff_put@c                      cstackCOMRAM 000023
UART_buff_size@_this                 cstackCOMRAM 00001B
_ANSELA                              (abs)        000F38
_ANSELB                              (abs)        000F39
_ANSELC                              (abs)        000F3A
_ANSELD                              (abs)        000F3B
_ANSELE                              (abs)        000F3C
_BAUD1CON                            (abs)        000FB8
_ByteHigh                            bssCOMRAM    00003F
_ByteLow                             bssCOMRAM    00003E
_COBS_DECODE_DST_BUF_LEN_MAX         dataCOMRAM   000040
_COBS_ENCODE_DST_BUF_LEN_MAX         dataCOMRAM   000042
_CRC8                                text16       000B3A
_ComStart                            text21       000E32
_DataTableArrayOne                   bssCOMRAM    000025
_DataTableArrayTwo                   bssCOMRAM    000033
_Delay                               text8        000BF6
_EUSART1_Initialize                  text22       000B84
_EUSART1_Receive_ISR                 text32       000D48
_EUSART1_Transmit_ISR                text29       000C2A
_GetFaults                           text7        000D96
_INTCONbits                          (abs)        000FF2
_INTERRUPT_Initialize                text20       000D66
_INTERRUPT_InterruptManager          intcode      000008
_IPR1bits                            (abs)        000F9F
_IPR2bits                            (abs)        000FA2
_LATAbits                            (abs)        000F89
_LATDbits                            (abs)        000F8C
_OSCCON                              (abs)        000FD3
_OSCCON2                             (abs)        000FD2
_OSCTUNE                             (abs)        000F9B
_PIE1bits                            (abs)        000F9D
_PIR1bits                            (abs)        000F9E
_PORTAbits                           (abs)        000F80
_PORTCbits                           (abs)        000F82
_PORTDbits                           (abs)        000F83
_ProcessArray                        bssBANK0     0000C4
_RC1STA                              (abs)        000FAB
_RC1STAbits                          (abs)        000FAB
_RCONbits                            (abs)        000FD0
_RCREG1                              (abs)        000FAE
_ReadFaults                          text26       00088C
_Receive_available                   text14       000DAC
_Receive_get                         text11       000E24
_ReciveArray                         bssBANK0     0000E2
_SPBRG1                              (abs)        000FAF
_SPBRGH1                             (abs)        000FB0
_Send_put                            text5        000C5C
_SetTime                             text25       000E02
_Start                               text17       000A92
_T0CON                               (abs)        000FD5
_T0CONbits                           (abs)        000FD5
_TMR0H                               (abs)        000FD7
_TMR0L                               (abs)        000FD6
_TMR0_ISR                            text28       000D7E
_TMR0_Initialize                     text18       000D0C
_TMR0_StartTimer                     text19       000E3E
_TRISAbits                           (abs)        000F92
_TRISCbits                           (abs)        000F94
_TRISDbits                           (abs)        000F95
_TX1STA                              (abs)        000FAC
_TXREG1                              (abs)        000FAD
_Transmit_stall                      dataCOMRAM   000044
_UART_buff_get                       text12       000968
_UART_buff_init                      text23       000D2A
_UART_buff_modulo_inc                text13       000CB8
_UART_buff_put                       text6        000560
_UART_buff_size                      text15       000DC2
__CFG_BOREN$SBORDIS                  (abs)        000000
__CFG_BORV$190                       (abs)        000000
__CFG_CCP2MX$PORTC1                  (abs)        000000
__CFG_CCP3MX$PORTB5                  (abs)        000000
__CFG_CP0$OFF                        (abs)        000000
__CFG_CP1$OFF                        (abs)        000000
__CFG_CP2$OFF                        (abs)        000000
__CFG_CP3$OFF                        (abs)        000000
__CFG_CPB$OFF                        (abs)        000000
__CFG_CPD$OFF                        (abs)        000000
__CFG_DEBUG$OFF                      (abs)        000000
__CFG_EBTR0$OFF                      (abs)        000000
__CFG_EBTR1$OFF                      (abs)        000000
__CFG_EBTR2$OFF                      (abs)        000000
__CFG_EBTR3$OFF                      (abs)        000000
__CFG_EBTRB$OFF                      (abs)        000000
__CFG_FCMEN$OFF                      (abs)        000000
__CFG_FOSC$INTIO67                   (abs)        000000
__CFG_HFOFST$ON                      (abs)        000000
__CFG_IESO$OFF                       (abs)        000000
__CFG_LVP$OFF                        (abs)        000000
__CFG_MCLRE$EXTMCLR                  (abs)        000000
__CFG_P2BMX$PORTD2                   (abs)        000000
__CFG_PBADEN$ON                      (abs)        000000
__CFG_PLLCFG$OFF                     (abs)        000000
__CFG_PRICLKEN$OFF                   (abs)        000000
__CFG_PWRTEN$OFF                     (abs)        000000
__CFG_STVREN$ON                      (abs)        000000
__CFG_T3CMX$PORTC0                   (abs)        000000
__CFG_WDTEN$OFF                      (abs)        000000
__CFG_WDTPS$32768                    (abs)        000000
__CFG_WRT0$OFF                       (abs)        000000
__CFG_WRT1$OFF                       (abs)        000000
__CFG_WRT2$OFF                       (abs)        000000
__CFG_WRT3$OFF                       (abs)        000000
__CFG_WRTB$OFF                       (abs)        000000
__CFG_WRTC$OFF                       (abs)        000000
__CFG_WRTD$OFF                       (abs)        000000
__CFG_XINST$OFF                      (abs)        000000
__HRAM                               (abs)        000000
__Habs1                              abs1         000000
__Hbank0                             bank0        000000
__Hbank1                             bank1        000000
__Hbank2                             bank2        000000
__Hbank3                             bank3        000000
__Hbank4                             bank4        000000
__Hbank5                             bank5        000000
__Hbigbss                            bigbss       000000
__Hbigdata                           bigdata      000000
__Hbigram                            bigram       000000
__Hbss                               bss          000000
__HbssBANK0                          bssBANK0     000000
__HbssBANK1                          bssBANK1     000000
__HbssCOMRAM                         bssCOMRAM    000000
__Hcinit                             cinit        000000
__Hclrtext                           clrtext      000000
__Hcomram                            comram       000000
__Hconfig                            config       30000E
__Hconst                             const        000000
__HcstackBANK0                       cstackBANK0  000000
__HcstackCOMRAM                      cstackCOMRAM 000000
__Hdata                              data         000000
__HdataCOMRAM                        dataCOMRAM   000000
__Heeprom_data                       eeprom_data  000000
__Hfarbss                            farbss       000000
__Hfardata                           fardata      000000
__Hibigdata                          ibigdata     000000
__Hidata                             idata        000000
__HidataCOMRAM                       idataCOMRAM  000000
__Hidloc                             idloc        200008
__Hifardata                          ifardata     000000
__Hinit                              init         0000A4
__Hintcode                           intcode      0000A0
__Hintcode_body                      intcode_body 000000
__Hintcodelo                         intcodelo    0000A0
__Hintentry                          intentry     000000
__Hintret                            intret       000000
__Hintsave_regs                      intsave_regs 000000
__Hirdata                            irdata       000000
__Hmediumconst                       mediumconst  000000
__HnvFARRAM                          nvFARRAM     000000
__Hnvbit                             nvbit        000000
__Hnvrram                            nvrram       000000
__Hparam                             rparam       000000
__Hpowerup                           powerup      0000A0
__Hram                               ram          000000
__Hramtop                            ramtop       000600
__Hrbit                              rbit         000000
__Hrbss                              rbss         000000
__Hrdata                             rdata        000000
__Hreset_vec                         reset_vec    000004
__Hrparam                            rparam       000000
__Hsfr                               sfr          000000
__Hsmallconst                        smallconst   000000
__Hspace_0                           (abs)        30000E
__Hspace_1                           (abs)        0001D4
__Hspace_2                           (abs)        000000
__Hstack                             stack        000000
__Hstruct                            struct       000000
__Htemp                              temp         000046
__Htext                              text         000000
__Htext0                             text0        000000
__Htext1                             text1        000000
__Htext10                            text10       000000
__Htext11                            text11       000000
__Htext12                            text12       000000
__Htext13                            text13       000000
__Htext14                            text14       000000
__Htext15                            text15       000000
__Htext16                            text16       000000
__Htext17                            text17       000000
__Htext18                            text18       000000
__Htext19                            text19       000000
__Htext2                             text2        000000
__Htext20                            text20       000000
__Htext21                            text21       000000
__Htext22                            text22       000000
__Htext23                            text23       000000
__Htext24                            text24       000000
__Htext25                            text25       000000
__Htext26                            text26       000000
__Htext28                            text28       000000
__Htext29                            text29       000000
__Htext3                             text3        000000
__Htext30                            text30       000000
__Htext31                            text31       000000
__Htext32                            text32       000000
__Htext33                            text33       000000
__Htext34                            text34       000000
__Htext4                             text4        000000
__Htext5                             text5        000000
__Htext6                             text6        000000
__Htext7                             text7        000000
__Htext8                             text8        000000
__Htext9                             text9        000000
__LRAM                               (abs)        000001
__Labs1                              abs1         000000
__Lbank0                             bank0        000000
__Lbank1                             bank1        000000
__Lbank2                             bank2        000000
__Lbank3                             bank3        000000
__Lbank4                             bank4        000000
__Lbank5                             bank5        000000
__Lbigbss                            bigbss       000000
__Lbigdata                           bigdata      000000
__Lbigram                            bigram       000000
__Lbss                               bss          000000
__LbssBANK0                          bssBANK0     000000
__LbssBANK1                          bssBANK1     000000
__LbssCOMRAM                         bssCOMRAM    000000
__Lcinit                             cinit        000000
__Lclrtext                           clrtext      000000
__Lcomram                            comram       000000
__Lconfig                            config       300000
__Lconst                             const        000000
__LcstackBANK0                       cstackBANK0  000000
__LcstackCOMRAM                      cstackCOMRAM 000000
__Ldata                              data         000000
__LdataCOMRAM                        dataCOMRAM   000000
__Leeprom_data                       eeprom_data  000000
__Lfarbss                            farbss       000000
__Lfardata                           fardata      000000
__Libigdata                          ibigdata     000000
__Lidata                             idata        000000
__LidataCOMRAM                       idataCOMRAM  000000
__Lidloc                             idloc        200000
__Lifardata                          ifardata     000000
__Linit                              init         0000A0
__Lintcode                           intcode      000008
__Lintcode_body                      intcode_body 000000
__Lintcodelo                         intcodelo    0000A0
__Lintentry                          intentry     000000
__Lintret                            intret       000000
__Lintsave_regs                      intsave_regs 000000
__Lirdata                            irdata       000000
__Lmediumconst                       mediumconst  000000
__LnvFARRAM                          nvFARRAM     000000
__Lnvbit                             nvbit        000000
__Lnvrram                            nvrram       000000
__Lparam                             rparam       000000
__Lpowerup                           powerup      0000A0
__Lram                               ram          000000
__Lramtop                            ramtop       000600
__Lrbit                              rbit         000000
__Lrbss                              rbss         000000
__Lrdata                             rdata        000000
__Lreset_vec                         reset_vec    000000
__Lrparam                            rparam       000000
__Lsfr                               sfr          000000
__Lsmallconst                        smallconst   000000
__Lspace_0                           (abs)        000000
__Lspace_1                           (abs)        000000
__Lspace_2                           (abs)        000000
__Lstack                             stack        000000
__Lstruct                            struct       000000
__Ltemp                              temp         000045
__Ltext                              text         000000
__Ltext0                             text0        000000
__Ltext1                             text1        000000
__Ltext10                            text10       000000
__Ltext11                            text11       000000
__Ltext12                            text12       000000
__Ltext13                            text13       000000
__Ltext14                            text14       000000
__Ltext15                            text15       000000
__Ltext16                            text16       000000
__Ltext17                            text17       000000
__Ltext18                            text18       000000
__Ltext19                            text19       000000
__Ltext2                             text2        000000
__Ltext20                            text20       000000
__Ltext21                            text21       000000
__Ltext22                            text22       000000
__Ltext23                            text23       000000
__Ltext24                            text24       000000
__Ltext25                            text25       000000
__Ltext26                            text26       000000
__Ltext28                            text28       000000
__Ltext29                            text29       000000
__Ltext3                             text3        000000
__Ltext30                            text30       000000
__Ltext31                            text31       000000
__Ltext32                            text32       000000
__Ltext33                            text33       000000
__Ltext34                            text34       000000
__Ltext4                             text4        000000
__Ltext5                             text5        000000
__Ltext6                             text6        000000
__Ltext7                             text7        000000
__Ltext8                             text8        000000
__Ltext9                             text9        000000
__S0                                 (abs)        30000E
__S1                                 (abs)        0001D4
__S2                                 (abs)        000000
___inthi_sp                          stack        000000
___intlo_sp                          stack        000000
___param_bank                        (abs)        000000
___rparam_used                       (abs)        000001
___sp                                stack        000000
__accesstop                          (abs)        000060
__activetblptr                       (abs)        000002
__end_of_CRC8                        text16       000B84
__end_of_ComStart                    text21       000E38
__end_of_Delay                       text8        000C2A
__end_of_EUSART1_Initialize          text22       000BC0
__end_of_EUSART1_Receive_ISR         text32       000D66
__end_of_EUSART1_Transmit_ISR        text29       000C5C
__end_of_GetFaults                   text7        000DAC
__end_of_INTERRUPT_Initialize        text20       000D7E
__end_of_INTERRUPT_InterruptManager  intcode      0000A0
__end_of_ReadFaults                  text26       000968
__end_of_Receive_available           text14       000DC2
__end_of_Receive_get                 text11       000E32
__end_of_Send_put                    text5        000C8C
__end_of_SetTime                     text25       000E14
__end_of_Start                       text17       000AE8
__end_of_TMR0_ISR                    text28       000D96
__end_of_TMR0_Initialize             text18       000D2A
__end_of_TMR0_StartTimer             text19       000E42
__end_of_UART_buff_get               text12       000A00
__end_of_UART_buff_init              text23       000D48
__end_of_UART_buff_modulo_inc        text13       000CE2
__end_of_UART_buff_put               text6        000682
__end_of_UART_buff_size              text15       000DD8
__end_of__initialization             cinit        000B2C
__end_of_cobs_decode                 text10       000262
__end_of_cobs_encode                 text4        0003FA
__end_of_main                        text0        000E02
__end_of_memset                      text24       000CB8
__end_of_receiveData                 text9        00088C
__end_of_respondECU                  text2        000BF6
__end_of_sendData                    text3        000560
__end_of_updateComms                 text1        000E24
__end_ofi2_UART_buff_get             text31       000A92
__end_ofi2_UART_buff_modulo_inc      text34       000D0C
__end_ofi2_UART_buff_put             text33       00079C
__end_ofi2_UART_buff_size            text30       000DEE
__initialization                     cinit        000AE8
__mediumconst                        mediumconst  000000
__pbssBANK0                          bssBANK0     0000BA
__pbssBANK1                          bssBANK1     000100
__pbssCOMRAM                         bssCOMRAM    000025
__pcinit                             cinit        000AE8
__pcstackBANK0                       cstackBANK0  000060
__pcstackCOMRAM                      cstackCOMRAM 000001
__pdataCOMRAM                        dataCOMRAM   000040
__pidataCOMRAM                       idataCOMRAM  000E38
__pintcode                           intcode      000008
__ptext0                             text0        000DEE
__ptext1                             text1        000E14
__ptext10                            text10       0000A4
__ptext11                            text11       000E24
__ptext12                            text12       000968
__ptext13                            text13       000CB8
__ptext14                            text14       000DAC
__ptext15                            text15       000DC2
__ptext16                            text16       000B3A
__ptext17                            text17       000A92
__ptext18                            text18       000D0C
__ptext19                            text19       000E3E
__ptext2                             text2        000BC0
__ptext20                            text20       000D66
__ptext21                            text21       000E32
__ptext22                            text22       000B84
__ptext23                            text23       000D2A
__ptext24                            text24       000C8C
__ptext25                            text25       000E02
__ptext26                            text26       00088C
__ptext28                            text28       000D7E
__ptext29                            text29       000C2A
__ptext3                             text3        0003FA
__ptext30                            text30       000DD8
__ptext31                            text31       000A00
__ptext32                            text32       000D48
__ptext33                            text33       000682
__ptext34                            text34       000CE2
__ptext4                             text4        000262
__ptext5                             text5        000C5C
__ptext6                             text6        000560
__ptext7                             text7        000D96
__ptext8                             text8        000BF6
__ptext9                             text9        00079C
__ramtop                             ramtop       000600
__size_of_CRC8                       (abs)        000000
__size_of_ComStart                   (abs)        000000
__size_of_Delay                      (abs)        000000
__size_of_EUSART1_Initialize         (abs)        000000
__size_of_EUSART1_Receive_ISR        (abs)        000000
__size_of_EUSART1_Transmit_ISR       (abs)        000000
__size_of_GetFaults                  (abs)        000000
__size_of_INTERRUPT_Initialize       (abs)        000000
__size_of_INTERRUPT_InterruptManager (abs)        000000
__size_of_ReadFaults                 (abs)        000000
__size_of_Receive_available          (abs)        000000
__size_of_Receive_get                (abs)        000000
__size_of_Send_put                   (abs)        000000
__size_of_SetTime                    (abs)        000000
__size_of_Start                      (abs)        000000
__size_of_TMR0_ISR                   (abs)        000000
__size_of_TMR0_Initialize            (abs)        000000
__size_of_TMR0_StartTimer            (abs)        000000
__size_of_UART_buff_get              (abs)        000000
__size_of_UART_buff_init             (abs)        000000
__size_of_UART_buff_modulo_inc       (abs)        000000
__size_of_UART_buff_put              (abs)        000000
__size_of_UART_buff_size             (abs)        000000
__size_of_cobs_decode                (abs)        000000
__size_of_cobs_encode                (abs)        000000
__size_of_main                       (abs)        000000
__size_of_memset                     (abs)        000000
__size_of_receiveData                (abs)        000000
__size_of_respondECU                 (abs)        000000
__size_of_sendData                   (abs)        000000
__size_of_updateComms                (abs)        000000
__size_ofi2_UART_buff_get            (abs)        000000
__size_ofi2_UART_buff_modulo_inc     (abs)        000000
__size_ofi2_UART_buff_put            (abs)        000000
__size_ofi2_UART_buff_size           (abs)        000000
__smallconst                         smallconst   000000
_cobs_decode                         text10       0000A4
_cobs_encode                         text4        000262
_input_buffer                        bssBANK1     00016A
_main                                text0        000DEE
_memset                              text24       000C8C
_output_buffer                       bssBANK1     000100
_receiveArray                        bssBANK0     0000BA
_receiveData                         text9        00079C
_respondECU                          text2        000BC0
_sendData                            text3        0003FA
_time                                bssCOMRAM    00002F
_timer0ReloadVal16bit                bssCOMRAM    00003C
_updateComms                         text1        000E14
btemp                                temp         000045
cobs_decode@F192                     bssCOMRAM    000036
cobs_decode@dst_buf_end_ptr          cstackBANK0  000062
cobs_decode@dst_buf_len              cstackCOMRAM 00001D
cobs_decode@dst_buf_ptr              cstackCOMRAM 00001B
cobs_decode@dst_write_ptr            cstackBANK0  000068
cobs_decode@i                        cstackBANK0  000065
cobs_decode@len_code                 cstackBANK0  00006A
cobs_decode@remaining_bytes          cstackBANK0  000066
cobs_decode@result                   cstackBANK0  00006B
cobs_decode@src_byte                 cstackBANK0  000064
cobs_decode@src_end_ptr              cstackBANK0  000060
cobs_decode@src_len                  cstackCOMRAM 000021
cobs_decode@src_ptr                  cstackCOMRAM 00001F
cobs_encode@F180                     bssCOMRAM    000039
cobs_encode@dst_buf_end_ptr          cstackBANK0  000063
cobs_encode@dst_buf_len              cstackCOMRAM 00001D
cobs_encode@dst_buf_ptr              cstackCOMRAM 00001B
cobs_encode@dst_code_write_ptr       cstackBANK0  000066
cobs_encode@dst_write_ptr            cstackBANK0  000068
cobs_encode@result                   cstackBANK0  00006A
cobs_encode@search_len               cstackBANK0  000065
cobs_encode@src_byte                 cstackBANK0  000062
cobs_encode@src_end_ptr              cstackBANK0  000060
cobs_encode@src_len                  cstackCOMRAM 000021
cobs_encode@src_ptr                  cstackCOMRAM 00001F
end_of_initialization                cinit        000B2C
i2UART_buff_get@_this                cstackCOMRAM 000007
i2UART_buff_get@c                    cstackCOMRAM 00000B
i2UART_buff_modulo_inc@modulus       cstackCOMRAM 000003
i2UART_buff_modulo_inc@my_value      cstackCOMRAM 000005
i2UART_buff_modulo_inc@value         cstackCOMRAM 000001
i2UART_buff_put@_this                cstackCOMRAM 000007
i2UART_buff_put@c                    cstackCOMRAM 000009
i2UART_buff_size@_this               cstackCOMRAM 000001
i2_UART_buff_get                     text31       000A00
i2_UART_buff_modulo_inc              text34       000CE2
i2_UART_buff_put                     text33       000682
i2_UART_buff_size                    text30       000DD8
int$flags                            temp         000045
intlevel0                            text         000000
intlevel1                            text         000000
intlevel2                            text         000000
intlevel3                            text         000000
memset@c                             cstackCOMRAM 00001D
memset@n                             cstackCOMRAM 00001F
memset@p                             cstackCOMRAM 000021
memset@p1                            cstackCOMRAM 00001B
receiveData@CS                       cstackBANK0  000073
receiveData@Data                     cstackBANK0  000079
receiveData@i                        cstackBANK0  000077
receiveData@result                   cstackBANK0  000074
sendData@COBSArray                   cstackBANK0  000074
sendData@CS                          cstackBANK0  0000B4
sendData@ComandByte                  cstackBANK0  00006D
sendData@DataLenth                   cstackBANK0  0000B3
sendData@DataTable                   cstackBANK0  00006E
sendData@DataTableIndex              cstackBANK0  00006F
sendData@SendArray                   cstackBANK0  000092
sendData@count                       cstackBANK0  0000B1
sendData@i                           cstackBANK0  0000B8
sendData@result                      cstackBANK0  0000B5
sendData@whereToSend                 cstackBANK0  0000B0
stackhi                              (abs)        0005FF
stacklo                              (abs)        0001D4
start                                init         0000A0
start_initialization                 cinit        000AE8


FUNCTION INFORMATION:

 *************** function _main *****************
 Defined at:
		line 23 in file "Main.c"
 Parameters:    Size  Location     Type
		None
 Auto vars:     Size  Location     Type
		None
 Return value:  Size  Location     Type
                  1    wreg      void 
 Registers used:
		wreg, fsr1l, fsr1h, fsr2l, fsr2h, status,2, status,0, cstack
 Tracked objects:
		On entry : 
		On exit  : 
		Unchanged: 
 Data sizes:     COMRAM   BANK0   BANK1   BANK2   BANK3   BANK4   BANK5
      Params:         0       0       0       0       0       0       0
      Locals:         0       0       0       0       0       0       0
      Temps:          0       0       0       0       0       0       0
      Totals:         0       0       0       0       0       0       0
Total ram usage:        0 bytes
 Hardware stack levels required when called:   10
 This function calls:
		_ReadFaults
		_SetTime
		_Start
		_updateComms
 This function is called by:
		Startup code after reset
 This function uses a non-reentrant model


 *************** function _updateComms *****************
 Defined at:
		line 16 in file "Communications.c"
 Parameters:    Size  Location     Type
		None
 Auto vars:     Size  Location     Type
		None
 Return value:  Size  Location     Type
                  1    wreg      void 
 Registers used:
		wreg, fsr1l, fsr1h, fsr2l, fsr2h, status,2, status,0, cstack
 Tracked objects:
		On entry : 
		On exit  : 
		Unchanged: 
 Data sizes:     COMRAM   BANK0   BANK1   BANK2   BANK3   BANK4   BANK5
      Params:         0       0       0       0       0       0       0
      Locals:         0       0       0       0       0       0       0
      Temps:          0       0       0       0       0       0       0
      Totals:         0       0       0       0       0       0       0
Total ram usage:        0 bytes
 Hardware stack levels used:    1
 Hardware stack levels required when called:    9
 This function calls:
		_receiveData
		_respondECU
 This function is called by:
		_main
 This function uses a non-reentrant model


 *************** function _respondECU *****************
 Defined at:
		line 22 in file "Communications.c"
 Parameters:    Size  Location     Type
		None
 Auto vars:     Size  Location     Type
		None
 Return value:  Size  Location     Type
                  1    wreg      void 
 Registers used:
		wreg, fsr1l, fsr1h, fsr2l, fsr2h, status,2, status,0, cstack
 Tracked objects:
		On entry : 
		On exit  : 
		Unchanged: 
 Data sizes:     COMRAM   BANK0   BANK1   BANK2   BANK3   BANK4   BANK5
      Params:         0       0       0       0       0       0       0
      Locals:         0       0       0       0       0       0       0
      Temps:          0       0       0       0       0       0       0
      Totals:         0       0       0       0       0       0       0
Total ram usage:        0 bytes
 Hardware stack levels used:    1
 Hardware stack levels required when called:    8
 This function calls:
		_Delay
		_sendData
 This function is called by:
		_updateComms
 This function uses a non-reentrant model


 *************** function _sendData *****************
 Defined at:
		line 39 in file "CarCom.c"
 Parameters:    Size  Location     Type
  whereToSend     1    wreg     unsigned char 
  ComandByte      1   13[BANK0 ] unsigned char 
  DataTable       1   14[BANK0 ] unsigned char 
  DataTableInd    1   15[BANK0 ] unsigned char 
 Auto vars:     Size  Location     Type
  whereToSend     1   80[BANK0 ] unsigned char 
  SendArray      30   50[BANK0 ] unsigned char [30]
  COBSArray      30   20[BANK0 ] unsigned char [30]
  result          3   85[BANK0 ] struct .
  i               2   88[BANK0 ] int 
  count           2   81[BANK0 ] int 
  CS              1   84[BANK0 ] unsigned char 
  DataLenth       1   83[BANK0 ] unsigned char 
 Return value:  Size  Location     Type
                  1    wreg      void 
 Registers used:
		wreg, fsr1l, fsr1h, fsr2l, fsr2h, status,2, status,0, cstack
 Tracked objects:
		On entry : 
		On exit  : 
		Unchanged: 
 Data sizes:     COMRAM   BANK0   BANK1   BANK2   BANK3   BANK4   BANK5
      Params:         0       3       0       0       0       0       0
      Locals:         0      70       0       0       0       0       0
      Temps:          0       4       0       0       0       0       0
      Totals:         0      77       0       0       0       0       0
Total ram usage:       77 bytes
 Hardware stack levels used:    1
 Hardware stack levels required when called:    7
 This function calls:
		_CRC8
		_GetFaults
		_Send_put
		_cobs_encode
 This function is called by:
		_respondECU
 This function uses a non-reentrant model


 *************** function _cobs_encode *****************
 Defined at:
		line 29 in file "COBS.c"
 Parameters:    Size  Location     Type
  dst_buf_ptr     2   26[COMRAM] PTR unsigned char 
		 -> sendData@COBSArray(30), 
  dst_buf_len     2   28[COMRAM] unsigned int 
  src_ptr         2   30[COMRAM] PTR const unsigned char 
		 -> sendData@SendArray(30), 
  src_len         2   32[COMRAM] unsigned int 
 Auto vars:     Size  Location     Type
  result          3   10[BANK0 ] struct .
  dst_write_pt    2    8[BANK0 ] PTR unsigned char 
		 -> sendData@COBSArray(30), 
  dst_code_wri    2    6[BANK0 ] PTR unsigned char 
		 -> sendData@COBSArray(30), 
  dst_buf_end_    2    3[BANK0 ] PTR unsigned char 
		 -> sendData@COBSArray(30), 
  src_end_ptr     2    0[BANK0 ] PTR const unsigned char 
		 -> sendData@SendArray(30), 
  search_len      1    5[BANK0 ] unsigned char 
  src_byte        1    2[BANK0 ] unsigned char 
 Return value:  Size  Location     Type
                  3   26[COMRAM] struct .
 Registers used:
		wreg, fsr2l, fsr2h, status,2, status,0
 Tracked objects:
		On entry : 
		On exit  : 
		Unchanged: 
 Data sizes:     COMRAM   BANK0   BANK1   BANK2   BANK3   BANK4   BANK5
      Params:         8       0       0       0       0       0       0
      Locals:         0      13       0       0       0       0       0
      Temps:          2       0       0       0       0       0       0
      Totals:        10      13       0       0       0       0       0
Total ram usage:       23 bytes
 Hardware stack levels used:    1
 Hardware stack levels required when called:    4
 This function calls:
		Nothing
 This function is called by:
		_sendData
 This function uses a non-reentrant model


 *************** function _Send_put *****************
 Defined at:
		line 129 in file "UART.c"
 Parameters:    Size  Location     Type
  _data           1    wreg     unsigned char 
 Auto vars:     Size  Location     Type
  _data           1    2[BANK0 ] unsigned char 
 Return value:  Size  Location     Type
                  1    wreg      void 
 Registers used:
		wreg, fsr2l, fsr2h, status,2, status,0, cstack
 Tracked objects:
		On entry : 
		On exit  : 
		Unchanged: 
 Data sizes:     COMRAM   BANK0   BANK1   BANK2   BANK3   BANK4   BANK5
      Params:         0       0       0       0       0       0       0
      Locals:         0       1       0       0       0       0       0
      Temps:          0       0       0       0       0       0       0
      Totals:         0       1       0       0       0       0       0
Total ram usage:        1 bytes
 Hardware stack levels used:    1
 Hardware stack levels required when called:    6
 This function calls:
		_UART_buff_get
		_UART_buff_put
 This function is called by:
		_sendData
		_putch
 This function uses a non-reentrant model


 *************** function _UART_buff_put *****************
 Defined at:
		line 67 in file "UART.c"
 Parameters:    Size  Location     Type
  _this           2   32[COMRAM] PTR struct UART_ring_buf
		 -> output_buffer(106), input_buffer(106), 
  c               1   34[COMRAM] const unsigned char 
 Auto vars:     Size  Location     Type
		None
 Return value:  Size  Location     Type
                  1    wreg      void 
 Registers used:
		wreg, fsr2l, fsr2h, status,2, status,0, cstack
 Tracked objects:
		On entry : 
		On exit  : 
		Unchanged: 
 Data sizes:     COMRAM   BANK0   BANK1   BANK2   BANK3   BANK4   BANK5
      Params:         3       0       0       0       0       0       0
      Locals:         0       0       0       0       0       0       0
      Temps:          0       2       0       0       0       0       0
      Totals:         3       2       0       0       0       0       0
Total ram usage:        5 bytes
 Hardware stack levels used:    1
 Hardware stack levels required when called:    5
 This function calls:
		_UART_buff_modulo_inc
 This function is called by:
		_Send_put
 This function uses a non-reentrant model


 *************** function _GetFaults *****************
 Defined at:
		line 38 in file "Function.c"
 Parameters:    Size  Location     Type
  num             1    wreg     unsigned char 
 Auto vars:     Size  Location     Type
  num             1   26[COMRAM] unsigned char 
 Return value:  Size  Location     Type
                  1    wreg      unsigned char 
 Registers used:
		wreg, status,2, status,0
 Tracked objects:
		On entry : 
		On exit  : 
		Unchanged: 
 Data sizes:     COMRAM   BANK0   BANK1   BANK2   BANK3   BANK4   BANK5
      Params:         0       0       0       0       0       0       0
      Locals:         1       0       0       0       0       0       0
      Temps:          0       0       0       0       0       0       0
      Totals:         1       0       0       0       0       0       0
Total ram usage:        1 bytes
 Hardware stack levels used:    1
 Hardware stack levels required when called:    4
 This function calls:
		Nothing
 This function is called by:
		_sendData
 This function uses a non-reentrant model


 *************** function _Delay *****************
 Defined at:
		line 203 in file "Function.c"
 Parameters:    Size  Location     Type
  wait            2   26[COMRAM] int 
 Auto vars:     Size  Location     Type
  x               2   29[COMRAM] int 
 Return value:  Size  Location     Type
                  1    wreg      void 
 Registers used:
		wreg, status,2, status,0
 Tracked objects:
		On entry : 
		On exit  : 
		Unchanged: 
 Data sizes:     COMRAM   BANK0   BANK1   BANK2   BANK3   BANK4   BANK5
      Params:         2       0       0       0       0       0       0
      Locals:         2       0       0       0       0       0       0
      Temps:          1       0       0       0       0       0       0
      Totals:         5       0       0       0       0       0       0
Total ram usage:        5 bytes
 Hardware stack levels used:    1
 Hardware stack levels required when called:    4
 This function calls:
		Nothing
 This function is called by:
		_respondECU
 This function uses a non-reentrant model


 *************** function _receiveData *****************
 Defined at:
		line 94 in file "CarCom.c"
 Parameters:    Size  Location     Type
		None
 Auto vars:     Size  Location     Type
  result          3   20[BANK0 ] struct .
  i               2   23[BANK0 ] int 
  Data            1   25[BANK0 ] unsigned char 
  CS              1   19[BANK0 ] unsigned char 
 Return value:  Size  Location     Type
                  1    wreg      unsigned char 
 Registers used:
		wreg, fsr2l, fsr2h, status,2, status,0, cstack
 Tracked objects:
		On entry : 
		On exit  : 
		Unchanged: 
 Data sizes:     COMRAM   BANK0   BANK1   BANK2   BANK3   BANK4   BANK5
      Params:         0       0       0       0       0       0       0
      Locals:         0       7       0       0       0       0       0
      Temps:          0       5       0       0       0       0       0
      Totals:         0      12       0       0       0       0       0
Total ram usage:       12 bytes
 Hardware stack levels used:    1
 Hardware stack levels required when called:    7
 This function calls:
		_CRC8
		_Receive_available
		_Receive_get
		_cobs_decode
 This function is called by:
		_updateComms
 This function uses a non-reentrant model


 *************** function _cobs_decode *****************
 Defined at:
		line 115 in file "COBS.c"
 Parameters:    Size  Location     Type
  dst_buf_ptr     2   26[COMRAM] PTR unsigned char 
		 -> ProcessArray(30), 
  dst_buf_len     2   28[COMRAM] unsigned int 
  src_ptr         2   30[COMRAM] PTR const unsigned char 
		 -> ReciveArray(30), 
  src_len         2   32[COMRAM] unsigned int 
 Auto vars:     Size  Location     Type
  result          3   11[BANK0 ] struct .
  dst_write_pt    2    8[BANK0 ] PTR unsigned char 
		 -> ProcessArray(30), 
  remaining_by    2    6[BANK0 ] unsigned int 
  dst_buf_end_    2    2[BANK0 ] PTR unsigned char 
		 -> ProcessArray(30), 
  src_end_ptr     2    0[BANK0 ] PTR const unsigned char 
		 -> ReciveArray(30), 
  len_code        1   10[BANK0 ] unsigned char 
  i               1    5[BANK0 ] unsigned char 
  src_byte        1    4[BANK0 ] unsigned char 
 Return value:  Size  Location     Type
                  3   26[COMRAM] struct .
 Registers used:
		wreg, fsr2l, fsr2h, status,2, status,0
 Tracked objects:
		On entry : 
		On exit  : 
		Unchanged: 
 Data sizes:     COMRAM   BANK0   BANK1   BANK2   BANK3   BANK4   BANK5
      Params:         8       0       0       0       0       0       0
      Locals:         0      14       0       0       0       0       0
      Temps:          2       0       0       0       0       0       0
      Totals:        10      14       0       0       0       0       0
Total ram usage:       24 bytes
 Hardware stack levels used:    1
 Hardware stack levels required when called:    4
 This function calls:
		Nothing
 This function is called by:
		_receiveData
 This function uses a non-reentrant model


 *************** function _Receive_get *****************
 Defined at:
		line 125 in file "UART.c"
 Parameters:    Size  Location     Type
		None
 Auto vars:     Size  Location     Type
		None
 Return value:  Size  Location     Type
                  1    wreg      unsigned char 
 Registers used:
		wreg, fsr2l, fsr2h, status,2, status,0, cstack
 Tracked objects:
		On entry : 
		On exit  : 
		Unchanged: 
 Data sizes:     COMRAM   BANK0   BANK1   BANK2   BANK3   BANK4   BANK5
      Params:         0       0       0       0       0       0       0
      Locals:         0       0       0       0       0       0       0
      Temps:          0       0       0       0       0       0       0
      Totals:         0       0       0       0       0       0       0
Total ram usage:        0 bytes
 Hardware stack levels used:    1
 Hardware stack levels required when called:    6
 This function calls:
		_UART_buff_get
 This function is called by:
		_receiveData
		_getch
 This function uses a non-reentrant model


 *************** function _UART_buff_get *****************
 Defined at:
		line 80 in file "UART.c"
 Parameters:    Size  Location     Type
  _this           2   32[COMRAM] PTR struct UART_ring_buf
		 -> output_buffer(106), input_buffer(106), 
 Auto vars:     Size  Location     Type
  c               1    0[BANK0 ] unsigned char 
 Return value:  Size  Location     Type
                  1    wreg      unsigned char 
 Registers used:
		wreg, fsr2l, fsr2h, status,2, status,0, cstack
 Tracked objects:
		On entry : 
		On exit  : 
		Unchanged: 
 Data sizes:     COMRAM   BANK0   BANK1   BANK2   BANK3   BANK4   BANK5
      Params:         2       0       0       0       0       0       0
      Locals:         0       1       0       0       0       0       0
      Temps:          2       0       0       0       0       0       0
      Totals:         4       1       0       0       0       0       0
Total ram usage:        5 bytes
 Hardware stack levels used:    1
 Hardware stack levels required when called:    5
 This function calls:
		_UART_buff_modulo_inc
 This function is called by:
		_Receive_get
		_Send_put
 This function uses a non-reentrant model


 *************** function _UART_buff_modulo_inc *****************
 Defined at:
		line 105 in file "UART.c"
 Parameters:    Size  Location     Type
  value           2   26[COMRAM] const unsigned int 
  modulus         2   28[COMRAM] const unsigned int 
 Auto vars:     Size  Location     Type
  my_value        2   30[COMRAM] unsigned int 
 Return value:  Size  Location     Type
                  2   26[COMRAM] unsigned int 
 Registers used:
		wreg, status,2, status,0
 Tracked objects:
		On entry : 
		On exit  : 
		Unchanged: 
 Data sizes:     COMRAM   BANK0   BANK1   BANK2   BANK3   BANK4   BANK5
      Params:         4       0       0       0       0       0       0
      Locals:         2       0       0       0       0       0       0
      Temps:          0       0       0       0       0       0       0
      Totals:         6       0       0       0       0       0       0
Total ram usage:        6 bytes
 Hardware stack levels used:    1
 Hardware stack levels required when called:    4
 This function calls:
		Nothing
 This function is called by:
		_UART_buff_put
		_UART_buff_get
 This function uses a non-reentrant model


 *************** function _Receive_available *****************
 Defined at:
		line 121 in file "UART.c"
 Parameters:    Size  Location     Type
		None
 Auto vars:     Size  Location     Type
		None
 Return value:  Size  Location     Type
                  2   28[COMRAM] int 
 Registers used:
		wreg, fsr2l, fsr2h, status,2, status,0, cstack
 Tracked objects:
		On entry : 
		On exit  : 
		Unchanged: 
 Data sizes:     COMRAM   BANK0   BANK1   BANK2   BANK3   BANK4   BANK5
      Params:         2       0       0       0       0       0       0
      Locals:         0       0       0       0       0       0       0
      Temps:          0       0       0       0       0       0       0
      Totals:         2       0       0       0       0       0       0
Total ram usage:        2 bytes
 Hardware stack levels used:    1
 Hardware stack levels required when called:    5
 This function calls:
		_UART_buff_size
 This function is called by:
		_receiveData
 This function uses a non-reentrant model


 *************** function _UART_buff_size *****************
 Defined at:
		line 101 in file "UART.c"
 Parameters:    Size  Location     Type
  _this           2   26[COMRAM] PTR struct UART_ring_buf
		 -> output_buffer(106), input_buffer(106), 
 Auto vars:     Size  Location     Type
		None
 Return value:  Size  Location     Type
                  2   26[COMRAM] int 
 Registers used:
		wreg, fsr2l, fsr2h, status,2, status,0
 Tracked objects:
		On entry : 
		On exit  : 
		Unchanged: 
 Data sizes:     COMRAM   BANK0   BANK1   BANK2   BANK3   BANK4   BANK5
      Params:         2       0       0       0       0       0       0
      Locals:         0       0       0       0       0       0       0
      Temps:          0       0       0       0       0       0       0
      Totals:         2       0       0       0       0       0       0
Total ram usage:        2 bytes
 Hardware stack levels used:    1
 Hardware stack levels required when called:    4
 This function calls:
		Nothing
 This function is called by:
		_Receive_available
 This function uses a non-reentrant model


 *************** function _CRC8 *****************
 Defined at:
		line 20 in file "CarCom.c"
 Parameters:    Size  Location     Type
  data            2   26[COMRAM] PTR const unsigned char 
		 -> ProcessArray(30), sendData@SendArray(30), 
  len             1   28[COMRAM] unsigned char 
 Auto vars:     Size  Location     Type
  sum             1   29[COMRAM] unsigned char 
  tempI           1   31[COMRAM] unsigned char 
  extract         1   30[COMRAM] unsigned char 
  crc             1   32[COMRAM] unsigned char 
 Return value:  Size  Location     Type
                  1    wreg      unsigned char 
 Registers used:
		wreg, fsr2l, fsr2h, status,2, status,0
 Tracked objects:
		On entry : 
		On exit  : 
		Unchanged: 
 Data sizes:     COMRAM   BANK0   BANK1   BANK2   BANK3   BANK4   BANK5
      Params:         3       0       0       0       0       0       0
      Locals:         4       0       0       0       0       0       0
      Temps:          0       0       0       0       0       0       0
      Totals:         7       0       0       0       0       0       0
Total ram usage:        7 bytes
 Hardware stack levels used:    1
 Hardware stack levels required when called:    4
 This function calls:
		Nothing
 This function is called by:
		_sendData
		_receiveData
 This function uses a non-reentrant model


 *************** function _Start *****************
 Defined at:
		line 47 in file "Function.c"
 Parameters:    Size  Location     Type
		None
 Auto vars:     Size  Location     Type
		None
 Return value:  Size  Location     Type
                  1    wreg      void 
 Registers used:
		wreg, fsr2l, fsr2h, status,2, status,0, cstack
 Tracked objects:
		On entry : 
		On exit  : 
		Unchanged: 
 Data sizes:     COMRAM   BANK0   BANK1   BANK2   BANK3   BANK4   BANK5
      Params:         0       0       0       0       0       0       0
      Locals:         0       0       0       0       0       0       0
      Temps:          0       0       0       0       0       0       0
      Totals:         0       0       0       0       0       0       0
Total ram usage:        0 bytes
 Hardware stack levels used:    1
 Hardware stack levels required when called:    8
 This function calls:
		_ComStart
		_INTERRUPT_Initialize
		_TMR0_Initialize
 This function is called by:
		_main
 This function uses a non-reentrant model


 *************** function _TMR0_Initialize *****************
 Defined at:
		line 23 in file "tmr0.c"
 Parameters:    Size  Location     Type
		None
 Auto vars:     Size  Location     Type
		None
 Return value:  Size  Location     Type
                  1    wreg      void 
 Registers used:
		wreg, status,2, cstack
 Tracked objects:
		On entry : 
		On exit  : 
		Unchanged: 
 Data sizes:     COMRAM   BANK0   BANK1   BANK2   BANK3   BANK4   BANK5
      Params:         0       0       0       0       0       0       0
      Locals:         0       0       0       0       0       0       0
      Temps:          0       0       0       0       0       0       0
      Totals:         0       0       0       0       0       0       0
Total ram usage:        0 bytes
 Hardware stack levels used:    1
 Hardware stack levels required when called:    5
 This function calls:
		_TMR0_StartTimer
 This function is called by:
		_Start
 This function uses a non-reentrant model


 *************** function _TMR0_StartTimer *****************
 Defined at:
		line 48 in file "tmr0.c"
 Parameters:    Size  Location     Type
		None
 Auto vars:     Size  Location     Type
		None
 Return value:  Size  Location     Type
                  1    wreg      void 
 Registers used:
		None
 Tracked objects:
		On entry : 
		On exit  : 
		Unchanged: 
 Data sizes:     COMRAM   BANK0   BANK1   BANK2   BANK3   BANK4   BANK5
      Params:         0       0       0       0       0       0       0
      Locals:         0       0       0       0       0       0       0
      Temps:          0       0       0       0       0       0       0
      Totals:         0       0       0       0       0       0       0
Total ram usage:        0 bytes
 Hardware stack levels used:    1
 Hardware stack levels required when called:    4
 This function calls:
		Nothing
 This function is called by:
		_TMR0_Initialize
 This function uses a non-reentrant model


 *************** function _INTERRUPT_Initialize *****************
 Defined at:
		line 153 in file "Function.c"
 Parameters:    Size  Location     Type
		None
 Auto vars:     Size  Location     Type
		None
 Return value:  Size  Location     Type
                  1    wreg      void 
 Registers used:
		None
 Tracked objects:
		On entry : 
		On exit  : 
		Unchanged: 
 Data sizes:     COMRAM   BANK0   BANK1   BANK2   BANK3   BANK4   BANK5
      Params:         0       0       0       0       0       0       0
      Locals:         0       0       0       0       0       0       0
      Temps:          0       0       0       0       0       0       0
      Totals:         0       0       0       0       0       0       0
Total ram usage:        0 bytes
 Hardware stack levels used:    1
 Hardware stack levels required when called:    4
 This function calls:
		Nothing
 This function is called by:
		_Start
 This function uses a non-reentrant model


 *************** function _ComStart *****************
 Defined at:
		line 12 in file "Communications.c"
 Parameters:    Size  Location     Type
		None
 Auto vars:     Size  Location     Type
		None
 Return value:  Size  Location     Type
                  1    wreg      void 
 Registers used:
		wreg, fsr2l, fsr2h, status,2, status,0, cstack
 Tracked objects:
		On entry : 
		On exit  : 
		Unchanged: 
 Data sizes:     COMRAM   BANK0   BANK1   BANK2   BANK3   BANK4   BANK5
      Params:         0       0       0       0       0       0       0
      Locals:         0       0       0       0       0       0       0
      Temps:          0       0       0       0       0       0       0
      Totals:         0       0       0       0       0       0       0
Total ram usage:        0 bytes
 Hardware stack levels used:    1
 Hardware stack levels required when called:    7
 This function calls:
		_EUSART1_Initialize
 This function is called by:
		_Start
 This function uses a non-reentrant model


 *************** function _EUSART1_Initialize *****************
 Defined at:
		line 20 in file "UART.c"
 Parameters:    Size  Location     Type
		None
 Auto vars:     Size  Location     Type
		None
 Return value:  Size  Location     Type
                  1    wreg      void 
 Registers used:
		wreg, fsr2l, fsr2h, status,2, status,0, cstack
 Tracked objects:
		On entry : 
		On exit  : 
		Unchanged: 
 Data sizes:     COMRAM   BANK0   BANK1   BANK2   BANK3   BANK4   BANK5
      Params:         0       0       0       0       0       0       0
      Locals:         0       0       0       0       0       0       0
      Temps:          0       0       0       0       0       0       0
      Totals:         0       0       0       0       0       0       0
Total ram usage:        0 bytes
 Hardware stack levels used:    1
 Hardware stack levels required when called:    6
 This function calls:
		_UART_buff_init
 This function is called by:
		_ComStart
 This function uses a non-reentrant model


 *************** function _UART_buff_init *****************
 Defined at:
		line 55 in file "UART.c"
 Parameters:    Size  Location     Type
  _this           2   34[COMRAM] PTR struct UART_ring_buf
		 -> output_buffer(106), input_buffer(106), 
 Auto vars:     Size  Location     Type
		None
 Return value:  Size  Location     Type
                  1    wreg      void 
 Registers used:
		wreg, fsr2l, fsr2h, status,2, status,0, cstack
 Tracked objects:
		On entry : 
		On exit  : 
		Unchanged: 
 Data sizes:     COMRAM   BANK0   BANK1   BANK2   BANK3   BANK4   BANK5
      Params:         2       0       0       0       0       0       0
      Locals:         0       0       0       0       0       0       0
      Temps:          0       0       0       0       0       0       0
      Totals:         2       0       0       0       0       0       0
Total ram usage:        2 bytes
 Hardware stack levels used:    1
 Hardware stack levels required when called:    5
 This function calls:
		_memset
 This function is called by:
		_EUSART1_Initialize
 This function uses a non-reentrant model


 *************** function _memset *****************
 Defined at:
		line 8 in file "C:\Program Files (x86)\Microchip\xc8\v1.42\sources\common\memset.c"
 Parameters:    Size  Location     Type
  p1              2   26[COMRAM] PTR void 
		 -> output_buffer(106), input_buffer(106), 
  c               2   28[COMRAM] int 
  n               2   30[COMRAM] unsigned int 
 Auto vars:     Size  Location     Type
  p               2   32[COMRAM] PTR unsigned char 
		 -> output_buffer(106), input_buffer(106), 
 Return value:  Size  Location     Type
                  2   26[COMRAM] PTR void 
 Registers used:
		wreg, fsr2l, fsr2h, status,2, status,0
 Tracked objects:
		On entry : 
		On exit  : 
		Unchanged: 
 Data sizes:     COMRAM   BANK0   BANK1   BANK2   BANK3   BANK4   BANK5
      Params:         6       0       0       0       0       0       0
      Locals:         2       0       0       0       0       0       0
      Temps:          0       0       0       0       0       0       0
      Totals:         8       0       0       0       0       0       0
Total ram usage:        8 bytes
 Hardware stack levels used:    1
 Hardware stack levels required when called:    4
 This function calls:
		Nothing
 This function is called by:
		_UART_buff_init
		_UART_buff_flush
 This function uses a non-reentrant model


 *************** function _SetTime *****************
 Defined at:
		line 97 in file "tmr0.c"
 Parameters:    Size  Location     Type
		None
 Auto vars:     Size  Location     Type
		None
 Return value:  Size  Location     Type
                  1    wreg      void 
 Registers used:
		wreg, status,2
 Tracked objects:
		On entry : 
		On exit  : 
		Unchanged: 
 Data sizes:     COMRAM   BANK0   BANK1   BANK2   BANK3   BANK4   BANK5
      Params:         0       0       0       0       0       0       0
      Locals:         0       0       0       0       0       0       0
      Temps:          0       0       0       0       0       0       0
      Totals:         0       0       0       0       0       0       0
Total ram usage:        0 bytes
 Hardware stack levels used:    1
 Hardware stack levels required when called:    4
 This function calls:
		Nothing
 This function is called by:
		_main
 This function uses a non-reentrant model


 *************** function _ReadFaults *****************
 Defined at:
		line 11 in file "Function.c"
 Parameters:    Size  Location     Type
		None
 Auto vars:     Size  Location     Type
		None
 Return value:  Size  Location     Type
                  1    wreg      void 
 Registers used:
		wreg, status,2, status,0
 Tracked objects:
		On entry : 
		On exit  : 
		Unchanged: 
 Data sizes:     COMRAM   BANK0   BANK1   BANK2   BANK3   BANK4   BANK5
      Params:         0       0       0       0       0       0       0
      Locals:         0       0       0       0       0       0       0
      Temps:          1       0       0       0       0       0       0
      Totals:         1       0       0       0       0       0       0
Total ram usage:        1 bytes
 Hardware stack levels used:    1
 Hardware stack levels required when called:    4
 This function calls:
		Nothing
 This function is called by:
		_main
 This function uses a non-reentrant model


 *************** function _INTERRUPT_InterruptManager *****************
 Defined at:
		line 182 in file "Function.c"
 Parameters:    Size  Location     Type
		None
 Auto vars:     Size  Location     Type
		None
 Return value:  Size  Location     Type
                  1    wreg      void 
 Registers used:
		wreg, fsr2l, fsr2h, status,2, status,0, cstack
 Tracked objects:
		On entry : 
		On exit  : 
		Unchanged: 
 Data sizes:     COMRAM   BANK0   BANK1   BANK2   BANK3   BANK4   BANK5
      Params:         0       0       0       0       0       0       0
      Locals:         0       0       0       0       0       0       0
      Temps:         14       0       0       0       0       0       0
      Totals:        14       0       0       0       0       0       0
Total ram usage:       14 bytes
 Hardware stack levels used:    1
 Hardware stack levels required when called:    3
 This function calls:
		_EUSART1_Receive_ISR
		_EUSART1_Transmit_ISR
		_TMR0_ISR
 This function is called by:
		Interrupt level 2
 This function uses a non-reentrant model


 *************** function _TMR0_ISR *****************
 Defined at:
		line 82 in file "tmr0.c"
 Parameters:    Size  Location     Type
		None
 Auto vars:     Size  Location     Type
		None
 Return value:  Size  Location     Type
                  1    wreg      void 
 Registers used:
		wreg, status,2, status,0
 Tracked objects:
		On entry : 
		On exit  : 
		Unchanged: 
 Data sizes:     COMRAM   BANK0   BANK1   BANK2   BANK3   BANK4   BANK5
      Params:         0       0       0       0       0       0       0
      Locals:         0       0       0       0       0       0       0
      Temps:          0       0       0       0       0       0       0
      Totals:         0       0       0       0       0       0       0
Total ram usage:        0 bytes
 Hardware stack levels used:    1
 This function calls:
		Nothing
 This function is called by:
		_INTERRUPT_InterruptManager
 This function uses a non-reentrant model


 *************** function _EUSART1_Transmit_ISR *****************
 Defined at:
		line 149 in file "UART.c"
 Parameters:    Size  Location     Type
		None
 Auto vars:     Size  Location     Type
		None
 Return value:  Size  Location     Type
                  1    wreg      void 
 Registers used:
		wreg, fsr2l, fsr2h, status,2, status,0, cstack
 Tracked objects:
		On entry : 
		On exit  : 
		Unchanged: 
 Data sizes:     COMRAM   BANK0   BANK1   BANK2   BANK3   BANK4   BANK5
      Params:         0       0       0       0       0       0       0
      Locals:         0       0       0       0       0       0       0
      Temps:          0       0       0       0       0       0       0
      Totals:         0       0       0       0       0       0       0
Total ram usage:        0 bytes
 Hardware stack levels used:    1
 Hardware stack levels required when called:    2
 This function calls:
		i2_UART_buff_get
		i2_UART_buff_size
 This function is called by:
		_INTERRUPT_InterruptManager
 This function uses a non-reentrant model


 *************** function i2_UART_buff_size *****************
 Defined at:
		line 101 in file "UART.c"
 Parameters:    Size  Location     Type
  _this           2    0[COMRAM] PTR struct UART_ring_buf
		 -> output_buffer(106), input_buffer(106), 
 Auto vars:     Size  Location     Type
		None
 Return value:  Size  Location     Type
                  2    0[COMRAM] int 
 Registers used:
		wreg, fsr2l, fsr2h, status,2, status,0
 Tracked objects:
		On entry : 
		On exit  : 
		Unchanged: 
 Data sizes:     COMRAM   BANK0   BANK1   BANK2   BANK3   BANK4   BANK5
      Params:         2       0       0       0       0       0       0
      Locals:         0       0       0       0       0       0       0
      Temps:          0       0       0       0       0       0       0
      Totals:         2       0       0       0       0       0       0
Total ram usage:        2 bytes
 Hardware stack levels used:    1
 This function calls:
		Nothing
 This function is called by:
		_EUSART1_Transmit_ISR
 This function uses a non-reentrant model


 *************** function i2_UART_buff_get *****************
 Defined at:
		line 80 in file "UART.c"
 Parameters:    Size  Location     Type
  _this           2    6[COMRAM] PTR struct UART_ring_buf
		 -> output_buffer(106), input_buffer(106), 
 Auto vars:     Size  Location     Type
  UART_buff_ge    1   10[COMRAM] unsigned char 
 Return value:  Size  Location     Type
                  1    wreg      unsigned char 
 Registers used:
		wreg, fsr2l, fsr2h, status,2, status,0, cstack
 Tracked objects:
		On entry : 
		On exit  : 
		Unchanged: 
 Data sizes:     COMRAM   BANK0   BANK1   BANK2   BANK3   BANK4   BANK5
      Params:         2       0       0       0       0       0       0
      Locals:         1       0       0       0       0       0       0
      Temps:          2       0       0       0       0       0       0
      Totals:         5       0       0       0       0       0       0
Total ram usage:        5 bytes
 Hardware stack levels used:    1
 Hardware stack levels required when called:    1
 This function calls:
		i2_UART_buff_modulo_inc
 This function is called by:
		_EUSART1_Transmit_ISR
 This function uses a non-reentrant model


 *************** function _EUSART1_Receive_ISR *****************
 Defined at:
		line 138 in file "UART.c"
 Parameters:    Size  Location     Type
		None
 Auto vars:     Size  Location     Type
  data            1   11[COMRAM] unsigned char 
 Return value:  Size  Location     Type
                  1    wreg      void 
 Registers used:
		wreg, fsr2l, fsr2h, status,2, status,0, cstack
 Tracked objects:
		On entry : 
		On exit  : 
		Unchanged: 
 Data sizes:     COMRAM   BANK0   BANK1   BANK2   BANK3   BANK4   BANK5
      Params:         0       0       0       0       0       0       0
      Locals:         1       0       0       0       0       0       0
      Temps:          0       0       0       0       0       0       0
      Totals:         1       0       0       0       0       0       0
Total ram usage:        1 bytes
 Hardware stack levels used:    1
 Hardware stack levels required when called:    2
 This function calls:
		i2_UART_buff_put
 This function is called by:
		_INTERRUPT_InterruptManager
 This function uses a non-reentrant model


 *************** function i2_UART_buff_put *****************
 Defined at:
		line 67 in file "UART.c"
 Parameters:    Size  Location     Type
  _this           2    6[COMRAM] PTR struct UART_ring_buf
		 -> output_buffer(106), input_buffer(106), 
  c               1    8[COMRAM] const unsigned char 
 Auto vars:     Size  Location     Type
		None
 Return value:  Size  Location     Type
                  1    wreg      void 
 Registers used:
		wreg, fsr2l, fsr2h, status,2, status,0, cstack
 Tracked objects:
		On entry : 
		On exit  : 
		Unchanged: 
 Data sizes:     COMRAM   BANK0   BANK1   BANK2   BANK3   BANK4   BANK5
      Params:         3       0       0       0       0       0       0
      Locals:         0       0       0       0       0       0       0
      Temps:          2       0       0       0       0       0       0
      Totals:         5       0       0       0       0       0       0
Total ram usage:        5 bytes
 Hardware stack levels used:    1
 Hardware stack levels required when called:    1
 This function calls:
		i2_UART_buff_modulo_inc
 This function is called by:
		_EUSART1_Receive_ISR
 This function uses a non-reentrant model


 *************** function i2_UART_buff_modulo_inc *****************
 Defined at:
		line 105 in file "UART.c"
 Parameters:    Size  Location     Type
  value           2    0[COMRAM] const unsigned int 
  modulus         2    2[COMRAM] const unsigned int 
 Auto vars:     Size  Location     Type
  UART_buff_mo    2    4[COMRAM] unsigned int 
 Return value:  Size  Location     Type
                  2    0[COMRAM] unsigned int 
 Registers used:
		wreg, status,2, status,0
 Tracked objects:
		On entry : 
		On exit  : 
		Unchanged: 
 Data sizes:     COMRAM   BANK0   BANK1   BANK2   BANK3   BANK4   BANK5
      Params:         4       0       0       0       0       0       0
      Locals:         2       0       0       0       0       0       0
      Temps:          0       0       0       0       0       0       0
      Totals:         6       0       0       0       0       0       0
Total ram usage:        6 bytes
 Hardware stack levels used:    1
 This function calls:
		Nothing
 This function is called by:
		i2_UART_buff_put
		i2_UART_buff_get
 This function uses a non-reentrant model



MODULE INFORMATION

Module		Function		Class		Link	Load	Size
COBS.c
		_cobs_encode   		CODE           	0262	0000	409
		_cobs_decode   		CODE           	00A4	0000	447

COBS.c estimated size: 856

UART.c
		_EUSART1_Initialize		CODE           	0B84	0000	61
		_Receive_get   		CODE           	0E24	0000	15
		_UART_buff_modulo_inc		CODE           	0CB8	0000	43
		_Receive_available		CODE           	0DAC	0000	23
		_EUSART1_Receive_ISR		CODE           	0D48	0000	31
		_UART_buff_get 		CODE           	0968	0000	153
		_UART_buff_put 		CODE           	0560	0000	291
		_Send_put      		CODE           	0C5C	0000	49
		_EUSART1_Transmit_ISR		CODE           	0C2A	0000	51
		_UART_buff_size		CODE           	0DC2	0000	23
		_UART_buff_init		CODE           	0D2A	0000	31

UART.c estimated size: 771

CarCom.c
		_CRC8          		CODE           	0B3A	0000	75
		_receiveData   		CODE           	079C	0000	241
		_sendData      		CODE           	03FA	0000	359

CarCom.c estimated size: 675

Communications.c
		_updateComms   		CODE           	0E14	0000	17
		_ComStart      		CODE           	0E32	0000	7
		_respondECU    		CODE           	0BC0	0000	55

Communications.c estimated size: 79

tmr0.c
		_SetTime       		CODE           	0E02	0000	19
		_TMR0_StartTimer		CODE           	0E3E	0000	5
		_TMR0_ISR      		CODE           	0D7E	0000	25
		_TMR0_Initialize		CODE           	0D0C	0000	31

tmr0.c estimated size: 80

Main.c
		_main          		CODE           	0DEE	0000	21

Main.c estimated size: 21

shared
		i2_UART_buff_modulo_inc		CODE           	0CE2	0000	43
		i2_UART_buff_size		CODE           	0DD8	0000	23
		__initialization		CODE           	0AE8	0000	69
		i2_UART_buff_get		CODE           	0A00	0000	147
		i2_UART_buff_put		CODE           	0682	0000	283

shared estimated size: 565

C:\Program Files (x86)\Microchip\xc8\v1.42\sources\common\memset.c
		_memset        		CODE           	0C8C	0000	45

C:\Program Files (x86)\Microchip\xc8\v1.42\sources\common\memset.c estimated size: 45

Function.c
		_GetFaults     		CODE           	0D96	0000	23
		_INTERRUPT_Initialize		CODE           	0D66	0000	25
		_Start         		CODE           	0A92	0000	87
		_INTERRUPT_InterruptManager		CODE           	0008	0000	153
		_Delay         		CODE           	0BF6	0000	53
		_ReadFaults    		CODE           	088C	0000	221

Function.c estimated size: 562

