Microchip MPLAB XC8 Compiler V1.42 ()

Linker command line:

-W-3 --edf=C:\Program Files (x86)\Microchip\xc8\v1.42\dat\en_msgs.txt -cs \
  -h+dist/default/production\SS.X-SandBox.production.sym \
  --cmf=dist/default/production\SS.X-SandBox.production.cmf -z -Q18F45K22 \
  -oC:\Users\richc\AppData\Local\Temp\sdbg.2 \
  -Mdist/default/production/SS.X-SandBox.production.map -E1 -ver=XC8 \
  -ASTACK=01F9h-05ffh -pstack=STACK -ACODE=00h-07FFFh -ACONST=00h-07FFFh \
  -ASMALLCONST=0600h-06FFhx122 -AMEDIUMCONST=0600h-07FFFh -ACOMRAM=01h-05Fh \
  -AABS1=00h-05FFh -ABIGRAM=01h-05FFh -ARAM=060h-0FFh,0100h-01FFhx5 \
  -ABANK0=060h-0FFh -ABANK1=0100h-01FFh -ABANK2=0200h-02FFh \
  -ABANK3=0300h-03FFh -ABANK4=0400h-04FFh -ABANK5=0500h-05FFh \
  -ASFR=0F38h-0F5Fh,0F60h-0FFFh \
  -preset_vec=00h,intcode=08h,intcodelo,powerup,init -pramtop=0600h \
  -psmallconst=SMALLCONST -pmediumconst=MEDIUMCONST -pconst=CONST \
  -AFARRAM=00h-00h -ACONFIG=0300000h-030000Dh -pconfig=CONFIG \
  -AIDLOC=0200000h-0200007h -pidloc=IDLOC -AEEDATA=0F00000h-0F000FFh \
  -peeprom_data=EEDATA \
  -prdata=COMRAM,nvrram=COMRAM,nvbit=COMRAM,rbss=COMRAM,rbit=COMRAM \
  -pfarbss=FARRAM,fardata=FARRAM,nvFARRAM=FARRAM \
  -pintsave_regs=BIGRAM,bigbss=BIGRAM,bigdata=BIGRAM -pbss=RAM \
  -pidata=CODE,irdata=CODE,ibigdata=CODE,ifardata=CODE -prparam=COMRAM \
  C:\Users\richc\AppData\Local\Temp\sdbg.obj \
  dist/default/production\SS.X-SandBox.production.obj 

Object code version is 3.11

Machine type is 18F45K22

Call graph: (short form)




                Name                               Link     Load   Length Selector   Space Scale
C:\Users\richc\AppData\Local\Temp\sdbg.obj
                init                                 A0       A0        4        4       0
                reset_vec                             0        0        4        0       0
                idloc                            200000   200000        8   200000       0
                config                           300000   300000        E   300000       0
dist/default/production\SS.X-SandBox.production.obj
                intcode                               8        8       98        4       0
                temp                                 45       45        1        1       1
                text36                              ECE      ECE       2A        4       0
                text35                              6B2      6B2      11A        4       0
                text34                              F34      F34       1E        4       0
                text33                              B4A      B4A       92        4       0
                text32                              FAE      FAE       16        4       0
                text31                              DEC      DEC       32        4       0
                text30                              F6A      F6A       18        4       0
                text28                              FD6      FD6       12        4       0
                text27                              A20      A20       98        4       0
                text26                              CD0      CD0       62        4       0
                text25                              FC4      FC4       12        4       0
                text24                              E78      E78       2C        4       0
                text23                              F16      F16       1E        4       0
                text22                              D7C      D7C       3C        4       0
                text21                              FFC      FFC        6        4       0
                text20                              F52      F52       18        4       0
                text19                             100C     100C        4        4       0
                text18                              EF8      EF8       1E        4       0
                text17                              BDC      BDC       82        4       0
                text16                              DB8      DB8       34        4       0
                text15                              988      988       98        4       0
                text14                              D32      D32       4A        4       0
                text13                              EA4      EA4       2A        4       0
                text12                              AB8      AB8       92        4       0
                text11                              598      598      11A        4       0
                text10                              E1E      E1E       2E        4       0
                text9                               400      400      198        4       0
                text8                               262      262      19E        4       0
                text7                               8D4      8D4       B4        4       0
                text6                               F98      F98       16        4       0
                text5                               F82      F82       16        4       0
                text4                               FE8      FE8        E        4       0
                text3                                A4       A4      1BE        4       0
                text2                               7CC      7CC      108        4       0
                text1                               FF6      FF6        6        4       0
                text0                               E4C      E4C       2C        4       0
                cstackCOMRAM                          1        1       2A        1       1
                cstackBANK0                          60       60       66       60       1
                cstackBANK1                         1F2      1F2        7      100       1
                bssBANK1                            100      100       F2      100       1
                dataBANK0                            F8       F8        5       60       1
                bssBANK0                             C6       C6       32       60       1
                dataCOMRAM                           40       40        5        1       1
                bssCOMRAM                            2B       2B       15        1       1
                cinit                               C5E      C5E       72        4       0
                idataBANK0                         1007     1007        5        4       0
                idataCOMRAM                        1002     1002        5        4       0

TOTAL           Name                               Link     Load   Length     Space
        CLASS   STACK          

        CLASS   CODE           
                intcode                               8        8       98         0
                init                                 A0       A0        4         0
                reset_vec                             0        0        4         0
                text36                              ECE      ECE       2A         0
                text35                              6B2      6B2      11A         0
                text34                              F34      F34       1E         0
                text33                              B4A      B4A       92         0
                text32                              FAE      FAE       16         0
                text31                              DEC      DEC       32         0
                text30                              F6A      F6A       18         0
                text28                              FD6      FD6       12         0
                text27                              A20      A20       98         0
                text26                              CD0      CD0       62         0
                text25                              FC4      FC4       12         0
                text24                              E78      E78       2C         0
                text23                              F16      F16       1E         0
                text22                              D7C      D7C       3C         0
                text21                              FFC      FFC        6         0
                text20                              F52      F52       18         0
                text19                             100C     100C        4         0
                text18                              EF8      EF8       1E         0
                text17                              BDC      BDC       82         0
                text16                              DB8      DB8       34         0
                text15                              988      988       98         0
                text14                              D32      D32       4A         0
                text13                              EA4      EA4       2A         0
                text12                              AB8      AB8       92         0
                text11                              598      598      11A         0
                text10                              E1E      E1E       2E         0
                text9                               400      400      198         0
                text8                               262      262      19E         0
                text7                               8D4      8D4       B4         0
                text6                               F98      F98       16         0
                text5                               F82      F82       16         0
                text4                               FE8      FE8        E         0
                text3                                A4       A4      1BE         0
                text2                               7CC      7CC      108         0
                text1                               FF6      FF6        6         0
                text0                               E4C      E4C       2C         0
                cinit                               C5E      C5E       72         0
                idataBANK0                         1007     1007        5         0
                idataCOMRAM                        1002     1002        5         0

        CLASS   CONST          

        CLASS   SMALLCONST     

        CLASS   MEDIUMCONST    

        CLASS   COMRAM         
                temp                                 45       45        1         1
                cstackCOMRAM                          1        1       2A         1
                dataCOMRAM                           40       40        5         1
                bssCOMRAM                            2B       2B       15         1

        CLASS   ABS1           

        CLASS   BIGRAM         

        CLASS   RAM            

        CLASS   BANK0          
                cstackBANK0                          60       60       66         1
                dataBANK0                            F8       F8        5         1
                bssBANK0                             C6       C6       32         1

        CLASS   BANK1          
                cstackBANK1                         1F2      1F2        7         1
                bssBANK1                            100      100       F2         1

        CLASS   BANK2          

        CLASS   BANK3          

        CLASS   BANK4          

        CLASS   BANK5          

        CLASS   SFR            

        CLASS   FARRAM         

        CLASS   CONFIG         
                config                           300000   300000        E         0

        CLASS   IDLOC          
                idloc                            200000   200000        8         0

        CLASS   EEDATA         



SEGMENTS        Name                           Load    Length   Top    Selector   Space  Class

                reset_vec                      000000  000004  000004         0       0  CODE    
                cstackCOMRAM                   000001  000045  000046         1       1  COMRAM  
                intcode                        000008  001008  001010         4       0  CODE    
                cstackBANK0                    000060  00009D  0000FD        60       1  BANK0   
                bssBANK1                       000100  0000F9  0001F9       100       1  BANK1   
                idloc                          200000  000008  200008    200000       0  IDLOC   
                config                         300000  00000E  30000E    300000       0  CONFIG  


UNUSED ADDRESS RANGES

        Name                Unused          Largest block    Delta
        BANK0            0000FD-0000FF                3
        BANK1            0001F9-0001FF                7
        BANK2            000200-0002FF              100
        BANK3            000300-0003FF              100
        BANK4            000400-0004FF              100
        BANK5            000500-0005FF              100
        BIGRAM           000046-00005F               1A
                         0000FD-0000FF                3
                         0001F9-0005FF              407
        CODE             000004-000007                4
                         001010-007FFF             6FF0
        COMRAM           000046-00005F               1A
        CONST            000004-000007                4
                         001010-007FFF             6FF0
        EEDATA           F00000-F000FF              100
        MEDIUMCONST      001010-007FFF             6FF0
        RAM              0000FD-0000FF                3
                         0001F9-0005FF              100
        SFR              000F38-000FFF               28
        SMALLCONST       001010-007FFF              100
        STACK            0001F9-0005FF              407

                                  Symbol Table

?_GetTime                            cstackCOMRAM 00001B
?_Receive_available                  cstackCOMRAM 00001D
?_UART_buff_modulo_inc               cstackCOMRAM 00001B
?_UART_buff_size                     cstackCOMRAM 00001B
?_cobs_decode                        cstackCOMRAM 00001B
?_cobs_encode                        cstackCOMRAM 00001B
?i2_UART_buff_modulo_inc             cstackCOMRAM 000001
?i2_UART_buff_size                   cstackCOMRAM 000001
CRC8@crc                             cstackCOMRAM 000021
CRC8@data                            cstackCOMRAM 00001B
CRC8@extract                         cstackCOMRAM 00001F
CRC8@len                             cstackCOMRAM 00001D
CRC8@sum                             cstackCOMRAM 00001E
CRC8@tempI                           cstackCOMRAM 000020
ComController@DTI                    cstackBANK0  0000B8
ComController@DataToSend             cstackBANK0  0000BD
ComController@lenth                  cstackBANK0  0000BA
Delay@wait                           cstackCOMRAM 00001B
Delay@x                              cstackCOMRAM 00001E
EUSART1_Receive_ISR@data             cstackCOMRAM 00000C
GetDataDict@DataArray                cstackCOMRAM 00001C
GetDataDict@DataCount                cstackCOMRAM 000021
GetDataDict@DataTable                cstackCOMRAM 000020
GetDataDict@DataTableIndex           cstackCOMRAM 00001B
GetDataDict@Error                    cstackCOMRAM 00001F
GetDataDict@ReturnCounter            cstackCOMRAM 000022
GetDataDict@numbofbytes              cstackCOMRAM 00001E
ReadFaults@Data                      cstackCOMRAM 000024
Send_put@_data                       cstackCOMRAM 000026
SetDataDict@DataArray                cstackCOMRAM 00001C
SetDataDict@DataCount                cstackCOMRAM 000021
SetDataDict@DataTable                cstackCOMRAM 000020
SetDataDict@DataTableIndex           cstackCOMRAM 00001B
SetDataDict@Error                    cstackCOMRAM 00001F
SetDataDict@ReturnCounter            cstackCOMRAM 000022
SetDataDict@numbofbytes              cstackCOMRAM 00001E
Start@Data                           cstackCOMRAM 000025
Start@F7240                          dataBANK0    0000F8
UART_buff_get@_this                  cstackCOMRAM 000021
UART_buff_get@c                      cstackCOMRAM 000025
UART_buff_init@_this                 cstackCOMRAM 000023
UART_buff_modulo_inc@modulus         cstackCOMRAM 00001D
UART_buff_modulo_inc@my_value        cstackCOMRAM 00001F
UART_buff_modulo_inc@value           cstackCOMRAM 00001B
UART_buff_put@_this                  cstackCOMRAM 000021
UART_buff_put@c                      cstackCOMRAM 000023
UART_buff_size@_this                 cstackCOMRAM 00001B
_ANSELA                              (abs)        000F38
_ANSELB                              (abs)        000F39
_ANSELC                              (abs)        000F3A
_ANSELCbits                          (abs)        000F3A
_ANSELD                              (abs)        000F3B
_ANSELE                              (abs)        000F3C
_BAUD1CON                            (abs)        000FB8
_ByteHigh                            bssCOMRAM    00003F
_ByteLow                             bssCOMRAM    00003E
_COBS_DECODE_DST_BUF_LEN_MAX         dataCOMRAM   000040
_COBS_ENCODE_DST_BUF_LEN_MAX         dataCOMRAM   000042
_CRC8                                text14       000D32
_ComController                       text7        0008D4
_ComStart                            text21       000FFC
_Count                               bssCOMRAM    00002B
_DataTableArrayOne                   bssBANK0     0000C6
_DataTableArrayTwo                   bssCOMRAM    000033
_Delay                               text16       000DB8
_EUSART1_Initialize                  text22       000D7C
_EUSART1_Receive_ISR                 text34       000F34
_EUSART1_Transmit_ISR                text31       000DEC
_GetDataDict                         text15       000988
_GetTime                             text28       000FD6
_INTCONbits                          (abs)        000FF2
_INTERRUPT_Initialize                text20       000F52
_INTERRUPT_InterruptManager          intcode      000008
_IPR1bits                            (abs)        000F9F
_IPR2bits                            (abs)        000FA2
_LATAbits                            (abs)        000F89
_LATDbits                            (abs)        000F8C
_OSCCON                              (abs)        000FD3
_OSCCON2                             (abs)        000FD2
_OSCTUNE                             (abs)        000F9B
_PIE1bits                            (abs)        000F9D
_PIR1bits                            (abs)        000F9E
_PORTAbits                           (abs)        000F80
_PORTCbits                           (abs)        000F82
_ProcessArray                        bssBANK0     0000DA
_RC1STA                              (abs)        000FAB
_RC1STAbits                          (abs)        000FAB
_RCONbits                            (abs)        000FD0
_RCREG1                              (abs)        000FAE
_ReadFaults                          text26       000CD0
_Receive_available                   text5        000F82
_Receive_get                         text4        000FE8
_ReciveArray                         bssBANK1     0001D4
_SPBRG1                              (abs)        000FAF
_SPBRGH1                             (abs)        000FB0
_Send_put                            text10       000E1E
_SetDataDict                         text27       000A20
_SetTime                             text25       000FC4
_Start                               text17       000BDC
_T0CON                               (abs)        000FD5
_T0CONbits                           (abs)        000FD5
_TMR0H                               (abs)        000FD7
_TMR0L                               (abs)        000FD6
_TMR0_ISR                            text30       000F6A
_TMR0_Initialize                     text18       000EF8
_TMR0_StartTimer                     text19       00100C
_TRISAbits                           (abs)        000F92
_TRISCbits                           (abs)        000F94
_TRISDbits                           (abs)        000F95
_TX1STA                              (abs)        000FAC
_TXREG1                              (abs)        000FAD
_Transmit_stall                      dataCOMRAM   000044
_UART_buff_get                       text12       000AB8
_UART_buff_init                      text23       000F16
_UART_buff_modulo_inc                text13       000EA4
_UART_buff_put                       text11       000598
_UART_buff_size                      text6        000F98
__CFG_BOREN$SBORDIS                  (abs)        000000
__CFG_BORV$190                       (abs)        000000
__CFG_CCP2MX$PORTC1                  (abs)        000000
__CFG_CCP3MX$PORTB5                  (abs)        000000
__CFG_CP0$OFF                        (abs)        000000
__CFG_CP1$OFF                        (abs)        000000
__CFG_CP2$OFF                        (abs)        000000
__CFG_CP3$OFF                        (abs)        000000
__CFG_CPB$OFF                        (abs)        000000
__CFG_CPD$OFF                        (abs)        000000
__CFG_DEBUG$OFF                      (abs)        000000
__CFG_EBTR0$OFF                      (abs)        000000
__CFG_EBTR1$OFF                      (abs)        000000
__CFG_EBTR2$OFF                      (abs)        000000
__CFG_EBTR3$OFF                      (abs)        000000
__CFG_EBTRB$OFF                      (abs)        000000
__CFG_FCMEN$OFF                      (abs)        000000
__CFG_FOSC$INTIO67                   (abs)        000000
__CFG_HFOFST$ON                      (abs)        000000
__CFG_IESO$OFF                       (abs)        000000
__CFG_LVP$OFF                        (abs)        000000
__CFG_MCLRE$EXTMCLR                  (abs)        000000
__CFG_P2BMX$PORTD2                   (abs)        000000
__CFG_PBADEN$ON                      (abs)        000000
__CFG_PLLCFG$OFF                     (abs)        000000
__CFG_PRICLKEN$OFF                   (abs)        000000
__CFG_PWRTEN$OFF                     (abs)        000000
__CFG_STVREN$ON                      (abs)        000000
__CFG_T3CMX$PORTC0                   (abs)        000000
__CFG_WDTEN$OFF                      (abs)        000000
__CFG_WDTPS$32768                    (abs)        000000
__CFG_WRT0$OFF                       (abs)        000000
__CFG_WRT1$OFF                       (abs)        000000
__CFG_WRT2$OFF                       (abs)        000000
__CFG_WRT3$OFF                       (abs)        000000
__CFG_WRTB$OFF                       (abs)        000000
__CFG_WRTC$OFF                       (abs)        000000
__CFG_WRTD$OFF                       (abs)        000000
__CFG_XINST$OFF                      (abs)        000000
__HRAM                               (abs)        000000
__Habs1                              abs1         000000
__Hbank0                             bank0        000000
__Hbank1                             bank1        000000
__Hbank2                             bank2        000000
__Hbank3                             bank3        000000
__Hbank4                             bank4        000000
__Hbank5                             bank5        000000
__Hbigbss                            bigbss       000000
__Hbigdata                           bigdata      000000
__Hbigram                            bigram       000000
__Hbss                               bss          000000
__HbssBANK0                          bssBANK0     000000
__HbssBANK1                          bssBANK1     000000
__HbssCOMRAM                         bssCOMRAM    000000
__Hcinit                             cinit        000000
__Hclrtext                           clrtext      000000
__Hcomram                            comram       000000
__Hconfig                            config       30000E
__Hconst                             const        000000
__HcstackBANK0                       cstackBANK0  000000
__HcstackBANK1                       cstackBANK1  000000
__HcstackCOMRAM                      cstackCOMRAM 000000
__Hdata                              data         000000
__HdataBANK0                         dataBANK0    000000
__HdataCOMRAM                        dataCOMRAM   000000
__Heeprom_data                       eeprom_data  000000
__Hfarbss                            farbss       000000
__Hfardata                           fardata      000000
__Hibigdata                          ibigdata     000000
__Hidata                             idata        000000
__HidataBANK0                        idataBANK0   000000
__HidataCOMRAM                       idataCOMRAM  000000
__Hidloc                             idloc        200008
__Hifardata                          ifardata     000000
__Hinit                              init         0000A4
__Hintcode                           intcode      0000A0
__Hintcode_body                      intcode_body 000000
__Hintcodelo                         intcodelo    0000A0
__Hintentry                          intentry     000000
__Hintret                            intret       000000
__Hintsave_regs                      intsave_regs 000000
__Hirdata                            irdata       000000
__Hmediumconst                       mediumconst  000000
__HnvFARRAM                          nvFARRAM     000000
__Hnvbit                             nvbit        000000
__Hnvrram                            nvrram       000000
__Hparam                             rparam       000000
__Hpowerup                           powerup      0000A0
__Hram                               ram          000000
__Hramtop                            ramtop       000600
__Hrbit                              rbit         000000
__Hrbss                              rbss         000000
__Hrdata                             rdata        000000
__Hreset_vec                         reset_vec    000004
__Hrparam                            rparam       000000
__Hsfr                               sfr          000000
__Hsmallconst                        smallconst   000000
__Hspace_0                           (abs)        30000E
__Hspace_1                           (abs)        0001F9
__Hspace_2                           (abs)        000000
__Hstack                             stack        000000
__Hstruct                            struct       000000
__Htemp                              temp         000046
__Htext                              text         000000
__Htext0                             text0        000000
__Htext1                             text1        000000
__Htext10                            text10       000000
__Htext11                            text11       000000
__Htext12                            text12       000000
__Htext13                            text13       000000
__Htext14                            text14       000000
__Htext15                            text15       000000
__Htext16                            text16       000000
__Htext17                            text17       000000
__Htext18                            text18       000000
__Htext19                            text19       000000
__Htext2                             text2        000000
__Htext20                            text20       000000
__Htext21                            text21       000000
__Htext22                            text22       000000
__Htext23                            text23       000000
__Htext24                            text24       000000
__Htext25                            text25       000000
__Htext26                            text26       000000
__Htext27                            text27       000000
__Htext28                            text28       000000
__Htext3                             text3        000000
__Htext30                            text30       000000
__Htext31                            text31       000000
__Htext32                            text32       000000
__Htext33                            text33       000000
__Htext34                            text34       000000
__Htext35                            text35       000000
__Htext36                            text36       000000
__Htext4                             text4        000000
__Htext5                             text5        000000
__Htext6                             text6        000000
__Htext7                             text7        000000
__Htext8                             text8        000000
__Htext9                             text9        000000
__LRAM                               (abs)        000001
__Labs1                              abs1         000000
__Lbank0                             bank0        000000
__Lbank1                             bank1        000000
__Lbank2                             bank2        000000
__Lbank3                             bank3        000000
__Lbank4                             bank4        000000
__Lbank5                             bank5        000000
__Lbigbss                            bigbss       000000
__Lbigdata                           bigdata      000000
__Lbigram                            bigram       000000
__Lbss                               bss          000000
__LbssBANK0                          bssBANK0     000000
__LbssBANK1                          bssBANK1     000000
__LbssCOMRAM                         bssCOMRAM    000000
__Lcinit                             cinit        000000
__Lclrtext                           clrtext      000000
__Lcomram                            comram       000000
__Lconfig                            config       300000
__Lconst                             const        000000
__LcstackBANK0                       cstackBANK0  000000
__LcstackBANK1                       cstackBANK1  000000
__LcstackCOMRAM                      cstackCOMRAM 000000
__Ldata                              data         000000
__LdataBANK0                         dataBANK0    000000
__LdataCOMRAM                        dataCOMRAM   000000
__Leeprom_data                       eeprom_data  000000
__Lfarbss                            farbss       000000
__Lfardata                           fardata      000000
__Libigdata                          ibigdata     000000
__Lidata                             idata        000000
__LidataBANK0                        idataBANK0   000000
__LidataCOMRAM                       idataCOMRAM  000000
__Lidloc                             idloc        200000
__Lifardata                          ifardata     000000
__Linit                              init         0000A0
__Lintcode                           intcode      000008
__Lintcode_body                      intcode_body 000000
__Lintcodelo                         intcodelo    0000A0
__Lintentry                          intentry     000000
__Lintret                            intret       000000
__Lintsave_regs                      intsave_regs 000000
__Lirdata                            irdata       000000
__Lmediumconst                       mediumconst  000000
__LnvFARRAM                          nvFARRAM     000000
__Lnvbit                             nvbit        000000
__Lnvrram                            nvrram       000000
__Lparam                             rparam       000000
__Lpowerup                           powerup      0000A0
__Lram                               ram          000000
__Lramtop                            ramtop       000600
__Lrbit                              rbit         000000
__Lrbss                              rbss         000000
__Lrdata                             rdata        000000
__Lreset_vec                         reset_vec    000000
__Lrparam                            rparam       000000
__Lsfr                               sfr          000000
__Lsmallconst                        smallconst   000000
__Lspace_0                           (abs)        000000
__Lspace_1                           (abs)        000000
__Lspace_2                           (abs)        000000
__Lstack                             stack        000000
__Lstruct                            struct       000000
__Ltemp                              temp         000045
__Ltext                              text         000000
__Ltext0                             text0        000000
__Ltext1                             text1        000000
__Ltext10                            text10       000000
__Ltext11                            text11       000000
__Ltext12                            text12       000000
__Ltext13                            text13       000000
__Ltext14                            text14       000000
__Ltext15                            text15       000000
__Ltext16                            text16       000000
__Ltext17                            text17       000000
__Ltext18                            text18       000000
__Ltext19                            text19       000000
__Ltext2                             text2        000000
__Ltext20                            text20       000000
__Ltext21                            text21       000000
__Ltext22                            text22       000000
__Ltext23                            text23       000000
__Ltext24                            text24       000000
__Ltext25                            text25       000000
__Ltext26                            text26       000000
__Ltext27                            text27       000000
__Ltext28                            text28       000000
__Ltext3                             text3        000000
__Ltext30                            text30       000000
__Ltext31                            text31       000000
__Ltext32                            text32       000000
__Ltext33                            text33       000000
__Ltext34                            text34       000000
__Ltext35                            text35       000000
__Ltext36                            text36       000000
__Ltext4                             text4        000000
__Ltext5                             text5        000000
__Ltext6                             text6        000000
__Ltext7                             text7        000000
__Ltext8                             text8        000000
__Ltext9                             text9        000000
__S0                                 (abs)        30000E
__S1                                 (abs)        0001F9
__S2                                 (abs)        000000
___inthi_sp                          stack        000000
___intlo_sp                          stack        000000
___param_bank                        (abs)        000000
___rparam_used                       (abs)        000001
___sp                                stack        000000
__accesstop                          (abs)        000060
__activetblptr                       (abs)        000002
__end_of_CRC8                        text14       000D7C
__end_of_ComController               text7        000988
__end_of_ComStart                    text21       001002
__end_of_Delay                       text16       000DEC
__end_of_EUSART1_Initialize          text22       000DB8
__end_of_EUSART1_Receive_ISR         text34       000F52
__end_of_EUSART1_Transmit_ISR        text31       000E1E
__end_of_GetDataDict                 text15       000A20
__end_of_GetTime                     text28       000FE8
__end_of_INTERRUPT_Initialize        text20       000F6A
__end_of_INTERRUPT_InterruptManager  intcode      0000A0
__end_of_ReadFaults                  text26       000D32
__end_of_Receive_available           text5        000F98
__end_of_Receive_get                 text4        000FF6
__end_of_Send_put                    text10       000E4C
__end_of_SetDataDict                 text27       000AB8
__end_of_SetTime                     text25       000FD6
__end_of_Start                       text17       000C5E
__end_of_TMR0_ISR                    text30       000F82
__end_of_TMR0_Initialize             text18       000F16
__end_of_TMR0_StartTimer             text19       001010
__end_of_UART_buff_get               text12       000B4A
__end_of_UART_buff_init              text23       000F34
__end_of_UART_buff_modulo_inc        text13       000ECE
__end_of_UART_buff_put               text11       0006B2
__end_of_UART_buff_size              text6        000FAE
__end_of__initialization             cinit        000CC2
__end_of_cobs_decode                 text3        000262
__end_of_cobs_encode                 text9        000598
__end_of_main                        text0        000E78
__end_of_memset                      text24       000EA4
__end_of_receiveData                 text2        0008D4
__end_of_sendData                    text8        000400
__end_of_updateComms                 text1        000FFC
__end_ofi2_UART_buff_get             text33       000BDC
__end_ofi2_UART_buff_modulo_inc      text36       000EF8
__end_ofi2_UART_buff_put             text35       0007CC
__end_ofi2_UART_buff_size            text32       000FC4
__initialization                     cinit        000C5E
__mediumconst                        mediumconst  000000
__pbssBANK0                          bssBANK0     0000C6
__pbssBANK1                          bssBANK1     000100
__pbssCOMRAM                         bssCOMRAM    00002B
__pcinit                             cinit        000C5E
__pcstackBANK0                       cstackBANK0  000060
__pcstackBANK1                       cstackBANK1  0001F2
__pcstackCOMRAM                      cstackCOMRAM 000001
__pdataBANK0                         dataBANK0    0000F8
__pdataCOMRAM                        dataCOMRAM   000040
__pidataBANK0                        idataBANK0   001007
__pidataCOMRAM                       idataCOMRAM  001002
__pintcode                           intcode      000008
__ptext0                             text0        000E4C
__ptext1                             text1        000FF6
__ptext10                            text10       000E1E
__ptext11                            text11       000598
__ptext12                            text12       000AB8
__ptext13                            text13       000EA4
__ptext14                            text14       000D32
__ptext15                            text15       000988
__ptext16                            text16       000DB8
__ptext17                            text17       000BDC
__ptext18                            text18       000EF8
__ptext19                            text19       00100C
__ptext2                             text2        0007CC
__ptext20                            text20       000F52
__ptext21                            text21       000FFC
__ptext22                            text22       000D7C
__ptext23                            text23       000F16
__ptext24                            text24       000E78
__ptext25                            text25       000FC4
__ptext26                            text26       000CD0
__ptext27                            text27       000A20
__ptext28                            text28       000FD6
__ptext3                             text3        0000A4
__ptext30                            text30       000F6A
__ptext31                            text31       000DEC
__ptext32                            text32       000FAE
__ptext33                            text33       000B4A
__ptext34                            text34       000F34
__ptext35                            text35       0006B2
__ptext36                            text36       000ECE
__ptext4                             text4        000FE8
__ptext5                             text5        000F82
__ptext6                             text6        000F98
__ptext7                             text7        0008D4
__ptext8                             text8        000262
__ptext9                             text9        000400
__ramtop                             ramtop       000600
__size_of_CRC8                       (abs)        000000
__size_of_ComController              (abs)        000000
__size_of_ComStart                   (abs)        000000
__size_of_Delay                      (abs)        000000
__size_of_EUSART1_Initialize         (abs)        000000
__size_of_EUSART1_Receive_ISR        (abs)        000000
__size_of_EUSART1_Transmit_ISR       (abs)        000000
__size_of_GetDataDict                (abs)        000000
__size_of_GetTime                    (abs)        000000
__size_of_INTERRUPT_Initialize       (abs)        000000
__size_of_INTERRUPT_InterruptManager (abs)        000000
__size_of_ReadFaults                 (abs)        000000
__size_of_Receive_available          (abs)        000000
__size_of_Receive_get                (abs)        000000
__size_of_Send_put                   (abs)        000000
__size_of_SetDataDict                (abs)        000000
__size_of_SetTime                    (abs)        000000
__size_of_Start                      (abs)        000000
__size_of_TMR0_ISR                   (abs)        000000
__size_of_TMR0_Initialize            (abs)        000000
__size_of_TMR0_StartTimer            (abs)        000000
__size_of_UART_buff_get              (abs)        000000
__size_of_UART_buff_init             (abs)        000000
__size_of_UART_buff_modulo_inc       (abs)        000000
__size_of_UART_buff_put              (abs)        000000
__size_of_UART_buff_size             (abs)        000000
__size_of_cobs_decode                (abs)        000000
__size_of_cobs_encode                (abs)        000000
__size_of_main                       (abs)        000000
__size_of_memset                     (abs)        000000
__size_of_receiveData                (abs)        000000
__size_of_sendData                   (abs)        000000
__size_of_updateComms                (abs)        000000
__size_ofi2_UART_buff_get            (abs)        000000
__size_ofi2_UART_buff_modulo_inc     (abs)        000000
__size_ofi2_UART_buff_put            (abs)        000000
__size_ofi2_UART_buff_size           (abs)        000000
__smallconst                         smallconst   000000
_cobs_decode                         text3        0000A4
_cobs_encode                         text9        000400
_input_buffer                        bssBANK1     00016A
_main                                text0        000E4C
_memset                              text24       000E78
_output_buffer                       bssBANK1     000100
_receiveArray                        bssBANK0     0000D0
_receiveData                         text2        0007CC
_sendData                            text8        000262
_time                                bssCOMRAM    00002F
_timer0ReloadVal16bit                bssCOMRAM    00003C
_updateComms                         text1        000FF6
btemp                                temp         000045
cobs_decode@F192                     bssCOMRAM    000036
cobs_decode@dst_buf_end_ptr          cstackBANK0  000062
cobs_decode@dst_buf_len              cstackCOMRAM 00001D
cobs_decode@dst_buf_ptr              cstackCOMRAM 00001B
cobs_decode@dst_write_ptr            cstackBANK0  000068
cobs_decode@i                        cstackBANK0  000065
cobs_decode@len_code                 cstackBANK0  00006A
cobs_decode@remaining_bytes          cstackBANK0  000066
cobs_decode@result                   cstackBANK0  00006B
cobs_decode@src_byte                 cstackBANK0  000064
cobs_decode@src_end_ptr              cstackBANK0  000060
cobs_decode@src_len                  cstackCOMRAM 000021
cobs_decode@src_ptr                  cstackCOMRAM 00001F
cobs_encode@F180                     bssCOMRAM    000039
cobs_encode@dst_buf_end_ptr          cstackBANK0  000063
cobs_encode@dst_buf_len              cstackCOMRAM 00001D
cobs_encode@dst_buf_ptr              cstackCOMRAM 00001B
cobs_encode@dst_code_write_ptr       cstackBANK0  000066
cobs_encode@dst_write_ptr            cstackBANK0  000068
cobs_encode@result                   cstackBANK0  00006A
cobs_encode@search_len               cstackBANK0  000065
cobs_encode@src_byte                 cstackBANK0  000062
cobs_encode@src_end_ptr              cstackBANK0  000060
cobs_encode@src_len                  cstackCOMRAM 000021
cobs_encode@src_ptr                  cstackCOMRAM 00001F
end_of_initialization                cinit        000CC2
i2UART_buff_get@_this                cstackCOMRAM 000007
i2UART_buff_get@c                    cstackCOMRAM 00000B
i2UART_buff_modulo_inc@modulus       cstackCOMRAM 000003
i2UART_buff_modulo_inc@my_value      cstackCOMRAM 000005
i2UART_buff_modulo_inc@value         cstackCOMRAM 000001
i2UART_buff_put@_this                cstackCOMRAM 000007
i2UART_buff_put@c                    cstackCOMRAM 000009
i2UART_buff_size@_this               cstackCOMRAM 000001
i2_UART_buff_get                     text33       000B4A
i2_UART_buff_modulo_inc              text36       000ECE
i2_UART_buff_put                     text35       0006B2
i2_UART_buff_size                    text32       000FAE
int$flags                            temp         000045
intlevel0                            text         000000
intlevel1                            text         000000
intlevel2                            text         000000
intlevel3                            text         000000
memset@c                             cstackCOMRAM 00001D
memset@n                             cstackCOMRAM 00001F
memset@p                             cstackCOMRAM 000021
memset@p1                            cstackCOMRAM 00001B
receiveData@CS                       cstackBANK1  0001F2
receiveData@Data                     cstackBANK1  0001F5
receiveData@i                        cstackBANK1  0001F3
receiveData@result                   cstackBANK1  0001F6
sendData@COBSArray                   cstackBANK0  000074
sendData@CS                          cstackBANK0  0000B1
sendData@ComandByte                  cstackBANK0  00006D
sendData@DTS                         cstackBANK0  000070
sendData@DataTable                   cstackBANK0  00006E
sendData@DataTableIndex              cstackBANK0  00006F
sendData@SendArray                   cstackBANK0  000092
sendData@count                       cstackBANK0  0000B5
sendData@i                           cstackBANK0  0000B7
sendData@lenth                       cstackBANK0  000072
sendData@result                      cstackBANK0  0000B2
sendData@whereToSend                 cstackBANK0  0000B0
stackhi                              (abs)        0005FF
stacklo                              (abs)        0001F9
start                                init         0000A0
start_initialization                 cinit        000C5E


FUNCTION INFORMATION:

 *************** function _main *****************
 Defined at:
		line 24 in file "Main.c"
 Parameters:    Size  Location     Type
		None
 Auto vars:     Size  Location     Type
		None
 Return value:  Size  Location     Type
                  1    wreg      void 
 Registers used:
		wreg, fsr1l, fsr1h, fsr2l, fsr2h, status,2, status,0, prodl, prodh, cstack
 Tracked objects:
		On entry : 
		On exit  : 
		Unchanged: 
 Data sizes:     COMRAM   BANK0   BANK1   BANK2   BANK3   BANK4   BANK5
      Params:         0       0       0       0       0       0       0
      Locals:         0       0       0       0       0       0       0
      Temps:          0       0       0       0       0       0       0
      Totals:         0       0       0       0       0       0       0
Total ram usage:        0 bytes
 Hardware stack levels required when called:   11
 This function calls:
		_GetTime
		_ReadFaults
		_SetTime
		_Start
		_updateComms
 This function is called by:
		Startup code after reset
 This function uses a non-reentrant model


 *************** function _updateComms *****************
 Defined at:
		line 16 in file "Communications.c"
 Parameters:    Size  Location     Type
		None
 Auto vars:     Size  Location     Type
		None
 Return value:  Size  Location     Type
                  1    wreg      void 
 Registers used:
		wreg, fsr1l, fsr1h, fsr2l, fsr2h, status,2, status,0, prodl, prodh, cstack
 Tracked objects:
		On entry : 
		On exit  : 
		Unchanged: 
 Data sizes:     COMRAM   BANK0   BANK1   BANK2   BANK3   BANK4   BANK5
      Params:         0       0       0       0       0       0       0
      Locals:         0       0       0       0       0       0       0
      Temps:          0       0       0       0       0       0       0
      Totals:         0       0       0       0       0       0       0
Total ram usage:        0 bytes
 Hardware stack levels used:    1
 Hardware stack levels required when called:   10
 This function calls:
		_receiveData
 This function is called by:
		_main
 This function uses a non-reentrant model


 *************** function _receiveData *****************
 Defined at:
		line 82 in file "CarCom.c"
 Parameters:    Size  Location     Type
		None
 Auto vars:     Size  Location     Type
  result          3    4[BANK1 ] struct .
  i               2    1[BANK1 ] int 
  Data            1    3[BANK1 ] unsigned char 
  CS              1    0[BANK1 ] unsigned char 
 Return value:  Size  Location     Type
                  1    wreg      unsigned char 
 Registers used:
		wreg, fsr1l, fsr1h, fsr2l, fsr2h, status,2, status,0, prodl, prodh, cstack
 Tracked objects:
		On entry : 
		On exit  : 
		Unchanged: 
 Data sizes:     COMRAM   BANK0   BANK1   BANK2   BANK3   BANK4   BANK5
      Params:         0       0       0       0       0       0       0
      Locals:         0       0       7       0       0       0       0
      Temps:          0       5       0       0       0       0       0
      Totals:         0       5       7       0       0       0       0
Total ram usage:       12 bytes
 Hardware stack levels used:    1
 Hardware stack levels required when called:    9
 This function calls:
		_CRC8
		_ComController
		_Receive_available
		_Receive_get
		_cobs_decode
 This function is called by:
		_updateComms
 This function uses a non-reentrant model


 *************** function _cobs_decode *****************
 Defined at:
		line 115 in file "COBS.c"
 Parameters:    Size  Location     Type
  dst_buf_ptr     2   26[COMRAM] PTR unsigned char 
		 -> ProcessArray(30), 
  dst_buf_len     2   28[COMRAM] unsigned int 
  src_ptr         2   30[COMRAM] PTR const unsigned char 
		 -> ReciveArray(30), 
  src_len         2   32[COMRAM] unsigned int 
 Auto vars:     Size  Location     Type
  result          3   11[BANK0 ] struct .
  dst_write_pt    2    8[BANK0 ] PTR unsigned char 
		 -> ProcessArray(30), 
  remaining_by    2    6[BANK0 ] unsigned int 
  dst_buf_end_    2    2[BANK0 ] PTR unsigned char 
		 -> ProcessArray(30), 
  src_end_ptr     2    0[BANK0 ] PTR const unsigned char 
		 -> ReciveArray(30), 
  len_code        1   10[BANK0 ] unsigned char 
  i               1    5[BANK0 ] unsigned char 
  src_byte        1    4[BANK0 ] unsigned char 
 Return value:  Size  Location     Type
                  3   26[COMRAM] struct .
 Registers used:
		wreg, fsr2l, fsr2h, status,2, status,0
 Tracked objects:
		On entry : 
		On exit  : 
		Unchanged: 
 Data sizes:     COMRAM   BANK0   BANK1   BANK2   BANK3   BANK4   BANK5
      Params:         8       0       0       0       0       0       0
      Locals:         0      14       0       0       0       0       0
      Temps:          2       0       0       0       0       0       0
      Totals:        10      14       0       0       0       0       0
Total ram usage:       24 bytes
 Hardware stack levels used:    1
 Hardware stack levels required when called:    4
 This function calls:
		Nothing
 This function is called by:
		_receiveData
 This function uses a non-reentrant model


 *************** function _Receive_get *****************
 Defined at:
		line 125 in file "UART.c"
 Parameters:    Size  Location     Type
		None
 Auto vars:     Size  Location     Type
		None
 Return value:  Size  Location     Type
                  1    wreg      unsigned char 
 Registers used:
		wreg, fsr2l, fsr2h, status,2, status,0, cstack
 Tracked objects:
		On entry : 
		On exit  : 
		Unchanged: 
 Data sizes:     COMRAM   BANK0   BANK1   BANK2   BANK3   BANK4   BANK5
      Params:         0       0       0       0       0       0       0
      Locals:         0       0       0       0       0       0       0
      Temps:          0       0       0       0       0       0       0
      Totals:         0       0       0       0       0       0       0
Total ram usage:        0 bytes
 Hardware stack levels used:    1
 Hardware stack levels required when called:    6
 This function calls:
		_UART_buff_get
 This function is called by:
		_receiveData
		_getch
 This function uses a non-reentrant model


 *************** function _Receive_available *****************
 Defined at:
		line 121 in file "UART.c"
 Parameters:    Size  Location     Type
		None
 Auto vars:     Size  Location     Type
		None
 Return value:  Size  Location     Type
                  2   28[COMRAM] int 
 Registers used:
		wreg, fsr2l, fsr2h, status,2, status,0, cstack
 Tracked objects:
		On entry : 
		On exit  : 
		Unchanged: 
 Data sizes:     COMRAM   BANK0   BANK1   BANK2   BANK3   BANK4   BANK5
      Params:         2       0       0       0       0       0       0
      Locals:         0       0       0       0       0       0       0
      Temps:          0       0       0       0       0       0       0
      Totals:         2       0       0       0       0       0       0
Total ram usage:        2 bytes
 Hardware stack levels used:    1
 Hardware stack levels required when called:    5
 This function calls:
		_UART_buff_size
 This function is called by:
		_receiveData
 This function uses a non-reentrant model


 *************** function _UART_buff_size *****************
 Defined at:
		line 101 in file "UART.c"
 Parameters:    Size  Location     Type
  _this           2   26[COMRAM] PTR struct UART_ring_buf
		 -> output_buffer(106), input_buffer(106), 
 Auto vars:     Size  Location     Type
		None
 Return value:  Size  Location     Type
                  2   26[COMRAM] int 
 Registers used:
		wreg, fsr2l, fsr2h, status,2, status,0
 Tracked objects:
		On entry : 
		On exit  : 
		Unchanged: 
 Data sizes:     COMRAM   BANK0   BANK1   BANK2   BANK3   BANK4   BANK5
      Params:         2       0       0       0       0       0       0
      Locals:         0       0       0       0       0       0       0
      Temps:          0       0       0       0       0       0       0
      Totals:         2       0       0       0       0       0       0
Total ram usage:        2 bytes
 Hardware stack levels used:    1
 Hardware stack levels required when called:    4
 This function calls:
		Nothing
 This function is called by:
		_Receive_available
 This function uses a non-reentrant model


 *************** function _ComController *****************
 Defined at:
		line 119 in file "CarCom.c"
 Parameters:    Size  Location     Type
  DTI             2   88[BANK0 ] PTR unsigned char 
		 -> ProcessArray(30), 
  lenth           2   90[BANK0 ] unsigned int 
 Auto vars:     Size  Location     Type
  DataToSend      4   93[BANK0 ] unsigned char [4]
 Return value:  Size  Location     Type
                  1    wreg      void 
 Registers used:
		wreg, fsr1l, fsr1h, fsr2l, fsr2h, status,2, status,0, prodl, prodh, cstack
 Tracked objects:
		On entry : 
		On exit  : 
		Unchanged: 
 Data sizes:     COMRAM   BANK0   BANK1   BANK2   BANK3   BANK4   BANK5
      Params:         0       4       0       0       0       0       0
      Locals:         0       4       0       0       0       0       0
      Temps:          0       1       0       0       0       0       0
      Totals:         0       9       0       0       0       0       0
Total ram usage:        9 bytes
 Hardware stack levels used:    1
 Hardware stack levels required when called:    8
 This function calls:
		_Delay
		_GetDataDict
		_sendData
 This function is called by:
		_receiveData
 This function uses a non-reentrant model


 *************** function _sendData *****************
 Defined at:
		line 40 in file "CarCom.c"
 Parameters:    Size  Location     Type
  whereToSend     1    wreg     unsigned char 
  ComandByte      1   13[BANK0 ] unsigned char 
  DataTable       1   14[BANK0 ] unsigned char 
  DataTableInd    1   15[BANK0 ] unsigned char 
  DTS             2   16[BANK0 ] PTR unsigned char 
		 -> ComController@DataToSend(4), 
  lenth           2   18[BANK0 ] unsigned int 
 Auto vars:     Size  Location     Type
  whereToSend     1   80[BANK0 ] unsigned char 
  SendArray      30   50[BANK0 ] unsigned char [30]
  COBSArray      30   20[BANK0 ] unsigned char [30]
  result          3   82[BANK0 ] struct .
  count           2   85[BANK0 ] int 
  i               1   87[BANK0 ] unsigned char 
  CS              1   81[BANK0 ] unsigned char 
 Return value:  Size  Location     Type
                  1    wreg      void 
 Registers used:
		wreg, fsr1l, fsr1h, fsr2l, fsr2h, status,2, status,0, prodl, prodh, cstack
 Tracked objects:
		On entry : 
		On exit  : 
		Unchanged: 
 Data sizes:     COMRAM   BANK0   BANK1   BANK2   BANK3   BANK4   BANK5
      Params:         0       7       0       0       0       0       0
      Locals:         0      68       0       0       0       0       0
      Temps:          4       0       0       0       0       0       0
      Totals:         4      75       0       0       0       0       0
Total ram usage:       79 bytes
 Hardware stack levels used:    1
 Hardware stack levels required when called:    7
 This function calls:
		_CRC8
		_Send_put
		_cobs_encode
 This function is called by:
		_ComController
 This function uses a non-reentrant model


 *************** function _cobs_encode *****************
 Defined at:
		line 29 in file "COBS.c"
 Parameters:    Size  Location     Type
  dst_buf_ptr     2   26[COMRAM] PTR unsigned char 
		 -> sendData@COBSArray(30), 
  dst_buf_len     2   28[COMRAM] unsigned int 
  src_ptr         2   30[COMRAM] PTR const unsigned char 
		 -> sendData@SendArray(30), 
  src_len         2   32[COMRAM] unsigned int 
 Auto vars:     Size  Location     Type
  result          3   10[BANK0 ] struct .
  dst_write_pt    2    8[BANK0 ] PTR unsigned char 
		 -> sendData@COBSArray(30), 
  dst_code_wri    2    6[BANK0 ] PTR unsigned char 
		 -> sendData@COBSArray(30), 
  dst_buf_end_    2    3[BANK0 ] PTR unsigned char 
		 -> sendData@COBSArray(30), 
  src_end_ptr     2    0[BANK0 ] PTR const unsigned char 
		 -> sendData@SendArray(30), 
  search_len      1    5[BANK0 ] unsigned char 
  src_byte        1    2[BANK0 ] unsigned char 
 Return value:  Size  Location     Type
                  3   26[COMRAM] struct .
 Registers used:
		wreg, fsr2l, fsr2h, status,2, status,0
 Tracked objects:
		On entry : 
		On exit  : 
		Unchanged: 
 Data sizes:     COMRAM   BANK0   BANK1   BANK2   BANK3   BANK4   BANK5
      Params:         8       0       0       0       0       0       0
      Locals:         0      13       0       0       0       0       0
      Temps:          2       0       0       0       0       0       0
      Totals:        10      13       0       0       0       0       0
Total ram usage:       23 bytes
 Hardware stack levels used:    1
 Hardware stack levels required when called:    4
 This function calls:
		Nothing
 This function is called by:
		_sendData
 This function uses a non-reentrant model


 *************** function _Send_put *****************
 Defined at:
		line 129 in file "UART.c"
 Parameters:    Size  Location     Type
  _data           1    wreg     unsigned char 
 Auto vars:     Size  Location     Type
  _data           1   37[COMRAM] unsigned char 
 Return value:  Size  Location     Type
                  1    wreg      void 
 Registers used:
		wreg, fsr2l, fsr2h, status,2, status,0, cstack
 Tracked objects:
		On entry : 
		On exit  : 
		Unchanged: 
 Data sizes:     COMRAM   BANK0   BANK1   BANK2   BANK3   BANK4   BANK5
      Params:         0       0       0       0       0       0       0
      Locals:         1       0       0       0       0       0       0
      Temps:          0       0       0       0       0       0       0
      Totals:         1       0       0       0       0       0       0
Total ram usage:        1 bytes
 Hardware stack levels used:    1
 Hardware stack levels required when called:    6
 This function calls:
		_UART_buff_get
		_UART_buff_put
 This function is called by:
		_sendData
		_putch
 This function uses a non-reentrant model


 *************** function _UART_buff_put *****************
 Defined at:
		line 67 in file "UART.c"
 Parameters:    Size  Location     Type
  _this           2   32[COMRAM] PTR struct UART_ring_buf
		 -> output_buffer(106), input_buffer(106), 
  c               1   34[COMRAM] const unsigned char 
 Auto vars:     Size  Location     Type
		None
 Return value:  Size  Location     Type
                  1    wreg      void 
 Registers used:
		wreg, fsr2l, fsr2h, status,2, status,0, cstack
 Tracked objects:
		On entry : 
		On exit  : 
		Unchanged: 
 Data sizes:     COMRAM   BANK0   BANK1   BANK2   BANK3   BANK4   BANK5
      Params:         3       0       0       0       0       0       0
      Locals:         0       0       0       0       0       0       0
      Temps:          2       0       0       0       0       0       0
      Totals:         5       0       0       0       0       0       0
Total ram usage:        5 bytes
 Hardware stack levels used:    1
 Hardware stack levels required when called:    5
 This function calls:
		_UART_buff_modulo_inc
 This function is called by:
		_Send_put
 This function uses a non-reentrant model


 *************** function _UART_buff_get *****************
 Defined at:
		line 80 in file "UART.c"
 Parameters:    Size  Location     Type
  _this           2   32[COMRAM] PTR struct UART_ring_buf
		 -> output_buffer(106), input_buffer(106), 
 Auto vars:     Size  Location     Type
  c               1   36[COMRAM] unsigned char 
 Return value:  Size  Location     Type
                  1    wreg      unsigned char 
 Registers used:
		wreg, fsr2l, fsr2h, status,2, status,0, cstack
 Tracked objects:
		On entry : 
		On exit  : 
		Unchanged: 
 Data sizes:     COMRAM   BANK0   BANK1   BANK2   BANK3   BANK4   BANK5
      Params:         2       0       0       0       0       0       0
      Locals:         1       0       0       0       0       0       0
      Temps:          2       0       0       0       0       0       0
      Totals:         5       0       0       0       0       0       0
Total ram usage:        5 bytes
 Hardware stack levels used:    1
 Hardware stack levels required when called:    5
 This function calls:
		_UART_buff_modulo_inc
 This function is called by:
		_Receive_get
		_Send_put
 This function uses a non-reentrant model


 *************** function _UART_buff_modulo_inc *****************
 Defined at:
		line 105 in file "UART.c"
 Parameters:    Size  Location     Type
  value           2   26[COMRAM] const unsigned int 
  modulus         2   28[COMRAM] const unsigned int 
 Auto vars:     Size  Location     Type
  my_value        2   30[COMRAM] unsigned int 
 Return value:  Size  Location     Type
                  2   26[COMRAM] unsigned int 
 Registers used:
		wreg, status,2, status,0
 Tracked objects:
		On entry : 
		On exit  : 
		Unchanged: 
 Data sizes:     COMRAM   BANK0   BANK1   BANK2   BANK3   BANK4   BANK5
      Params:         4       0       0       0       0       0       0
      Locals:         2       0       0       0       0       0       0
      Temps:          0       0       0       0       0       0       0
      Totals:         6       0       0       0       0       0       0
Total ram usage:        6 bytes
 Hardware stack levels used:    1
 Hardware stack levels required when called:    4
 This function calls:
		Nothing
 This function is called by:
		_UART_buff_put
		_UART_buff_get
 This function uses a non-reentrant model


 *************** function _CRC8 *****************
 Defined at:
		line 21 in file "CarCom.c"
 Parameters:    Size  Location     Type
  data            2   26[COMRAM] PTR const unsigned char 
		 -> ProcessArray(30), sendData@SendArray(30), 
  len             1   28[COMRAM] unsigned char 
 Auto vars:     Size  Location     Type
  sum             1   29[COMRAM] unsigned char 
  tempI           1   31[COMRAM] unsigned char 
  extract         1   30[COMRAM] unsigned char 
  crc             1   32[COMRAM] unsigned char 
 Return value:  Size  Location     Type
                  1    wreg      unsigned char 
 Registers used:
		wreg, fsr2l, fsr2h, status,2, status,0
 Tracked objects:
		On entry : 
		On exit  : 
		Unchanged: 
 Data sizes:     COMRAM   BANK0   BANK1   BANK2   BANK3   BANK4   BANK5
      Params:         3       0       0       0       0       0       0
      Locals:         4       0       0       0       0       0       0
      Temps:          0       0       0       0       0       0       0
      Totals:         7       0       0       0       0       0       0
Total ram usage:        7 bytes
 Hardware stack levels used:    1
 Hardware stack levels required when called:    4
 This function calls:
		Nothing
 This function is called by:
		_sendData
		_receiveData
 This function uses a non-reentrant model


 *************** function _GetDataDict *****************
 Defined at:
		line 9 in file "CarDataDictionary.c"
 Parameters:    Size  Location     Type
  DataTable       1    wreg     unsigned char 
  DataTableInd    1   26[COMRAM] unsigned char 
  DataArray       2   27[COMRAM] PTR unsigned char 
		 -> ComController@DataToSend(4), 
  numbofbytes     1   29[COMRAM] unsigned char 
 Auto vars:     Size  Location     Type
  DataTable       1   31[COMRAM] unsigned char 
  ReturnCounte    1   33[COMRAM] unsigned char 
  DataCount       1   32[COMRAM] unsigned char 
  Error           1   30[COMRAM] unsigned char 
 Return value:  Size  Location     Type
                  1    wreg      unsigned char 
 Registers used:
		wreg, fsr1l, fsr1h, fsr2l, fsr2h, status,2, status,0, prodl, prodh
 Tracked objects:
		On entry : 
		On exit  : 
		Unchanged: 
 Data sizes:     COMRAM   BANK0   BANK1   BANK2   BANK3   BANK4   BANK5
      Params:         4       0       0       0       0       0       0
      Locals:         4       0       0       0       0       0       0
      Temps:          0       0       0       0       0       0       0
      Totals:         8       0       0       0       0       0       0
Total ram usage:        8 bytes
 Hardware stack levels used:    1
 Hardware stack levels required when called:    4
 This function calls:
		Nothing
 This function is called by:
		_ComController
 This function uses a non-reentrant model


 *************** function _Delay *****************
 Defined at:
		line 210 in file "Function.c"
 Parameters:    Size  Location     Type
  wait            2   26[COMRAM] int 
 Auto vars:     Size  Location     Type
  x               2   29[COMRAM] int 
 Return value:  Size  Location     Type
                  1    wreg      void 
 Registers used:
		wreg, status,2, status,0
 Tracked objects:
		On entry : 
		On exit  : 
		Unchanged: 
 Data sizes:     COMRAM   BANK0   BANK1   BANK2   BANK3   BANK4   BANK5
      Params:         2       0       0       0       0       0       0
      Locals:         2       0       0       0       0       0       0
      Temps:          1       0       0       0       0       0       0
      Totals:         5       0       0       0       0       0       0
Total ram usage:        5 bytes
 Hardware stack levels used:    1
 Hardware stack levels required when called:    4
 This function calls:
		Nothing
 This function is called by:
		_ComController
 This function uses a non-reentrant model


 *************** function _Start *****************
 Defined at:
		line 49 in file "Function.c"
 Parameters:    Size  Location     Type
		None
 Auto vars:     Size  Location     Type
  Data            5   36[COMRAM] unsigned char [5]
 Return value:  Size  Location     Type
                  1    wreg      void 
 Registers used:
		wreg, fsr1l, fsr1h, fsr2l, fsr2h, status,2, status,0, prodl, prodh, cstack
 Tracked objects:
		On entry : 
		On exit  : 
		Unchanged: 
 Data sizes:     COMRAM   BANK0   BANK1   BANK2   BANK3   BANK4   BANK5
      Params:         0       0       0       0       0       0       0
      Locals:         5       0       0       0       0       0       0
      Temps:          0       0       0       0       0       0       0
      Totals:         5       0       0       0       0       0       0
Total ram usage:        5 bytes
 Hardware stack levels used:    1
 Hardware stack levels required when called:    8
 This function calls:
		_ComStart
		_INTERRUPT_Initialize
		_SetDataDict
		_TMR0_Initialize
 This function is called by:
		_main
 This function uses a non-reentrant model


 *************** function _TMR0_Initialize *****************
 Defined at:
		line 23 in file "tmr0.c"
 Parameters:    Size  Location     Type
		None
 Auto vars:     Size  Location     Type
		None
 Return value:  Size  Location     Type
                  1    wreg      void 
 Registers used:
		wreg, status,2, cstack
 Tracked objects:
		On entry : 
		On exit  : 
		Unchanged: 
 Data sizes:     COMRAM   BANK0   BANK1   BANK2   BANK3   BANK4   BANK5
      Params:         0       0       0       0       0       0       0
      Locals:         0       0       0       0       0       0       0
      Temps:          0       0       0       0       0       0       0
      Totals:         0       0       0       0       0       0       0
Total ram usage:        0 bytes
 Hardware stack levels used:    1
 Hardware stack levels required when called:    5
 This function calls:
		_TMR0_StartTimer
 This function is called by:
		_Start
 This function uses a non-reentrant model


 *************** function _TMR0_StartTimer *****************
 Defined at:
		line 48 in file "tmr0.c"
 Parameters:    Size  Location     Type
		None
 Auto vars:     Size  Location     Type
		None
 Return value:  Size  Location     Type
                  1    wreg      void 
 Registers used:
		None
 Tracked objects:
		On entry : 
		On exit  : 
		Unchanged: 
 Data sizes:     COMRAM   BANK0   BANK1   BANK2   BANK3   BANK4   BANK5
      Params:         0       0       0       0       0       0       0
      Locals:         0       0       0       0       0       0       0
      Temps:          0       0       0       0       0       0       0
      Totals:         0       0       0       0       0       0       0
Total ram usage:        0 bytes
 Hardware stack levels used:    1
 Hardware stack levels required when called:    4
 This function calls:
		Nothing
 This function is called by:
		_TMR0_Initialize
 This function uses a non-reentrant model


 *************** function _INTERRUPT_Initialize *****************
 Defined at:
		line 160 in file "Function.c"
 Parameters:    Size  Location     Type
		None
 Auto vars:     Size  Location     Type
		None
 Return value:  Size  Location     Type
                  1    wreg      void 
 Registers used:
		None
 Tracked objects:
		On entry : 
		On exit  : 
		Unchanged: 
 Data sizes:     COMRAM   BANK0   BANK1   BANK2   BANK3   BANK4   BANK5
      Params:         0       0       0       0       0       0       0
      Locals:         0       0       0       0       0       0       0
      Temps:          0       0       0       0       0       0       0
      Totals:         0       0       0       0       0       0       0
Total ram usage:        0 bytes
 Hardware stack levels used:    1
 Hardware stack levels required when called:    4
 This function calls:
		Nothing
 This function is called by:
		_Start
 This function uses a non-reentrant model


 *************** function _ComStart *****************
 Defined at:
		line 12 in file "Communications.c"
 Parameters:    Size  Location     Type
		None
 Auto vars:     Size  Location     Type
		None
 Return value:  Size  Location     Type
                  1    wreg      void 
 Registers used:
		wreg, fsr2l, fsr2h, status,2, status,0, cstack
 Tracked objects:
		On entry : 
		On exit  : 
		Unchanged: 
 Data sizes:     COMRAM   BANK0   BANK1   BANK2   BANK3   BANK4   BANK5
      Params:         0       0       0       0       0       0       0
      Locals:         0       0       0       0       0       0       0
      Temps:          0       0       0       0       0       0       0
      Totals:         0       0       0       0       0       0       0
Total ram usage:        0 bytes
 Hardware stack levels used:    1
 Hardware stack levels required when called:    7
 This function calls:
		_EUSART1_Initialize
 This function is called by:
		_Start
 This function uses a non-reentrant model


 *************** function _EUSART1_Initialize *****************
 Defined at:
		line 20 in file "UART.c"
 Parameters:    Size  Location     Type
		None
 Auto vars:     Size  Location     Type
		None
 Return value:  Size  Location     Type
                  1    wreg      void 
 Registers used:
		wreg, fsr2l, fsr2h, status,2, status,0, cstack
 Tracked objects:
		On entry : 
		On exit  : 
		Unchanged: 
 Data sizes:     COMRAM   BANK0   BANK1   BANK2   BANK3   BANK4   BANK5
      Params:         0       0       0       0       0       0       0
      Locals:         0       0       0       0       0       0       0
      Temps:          0       0       0       0       0       0       0
      Totals:         0       0       0       0       0       0       0
Total ram usage:        0 bytes
 Hardware stack levels used:    1
 Hardware stack levels required when called:    6
 This function calls:
		_UART_buff_init
 This function is called by:
		_ComStart
 This function uses a non-reentrant model


 *************** function _UART_buff_init *****************
 Defined at:
		line 55 in file "UART.c"
 Parameters:    Size  Location     Type
  _this           2   34[COMRAM] PTR struct UART_ring_buf
		 -> output_buffer(106), input_buffer(106), 
 Auto vars:     Size  Location     Type
		None
 Return value:  Size  Location     Type
                  1    wreg      void 
 Registers used:
		wreg, fsr2l, fsr2h, status,2, status,0, cstack
 Tracked objects:
		On entry : 
		On exit  : 
		Unchanged: 
 Data sizes:     COMRAM   BANK0   BANK1   BANK2   BANK3   BANK4   BANK5
      Params:         2       0       0       0       0       0       0
      Locals:         0       0       0       0       0       0       0
      Temps:          0       0       0       0       0       0       0
      Totals:         2       0       0       0       0       0       0
Total ram usage:        2 bytes
 Hardware stack levels used:    1
 Hardware stack levels required when called:    5
 This function calls:
		_memset
 This function is called by:
		_EUSART1_Initialize
 This function uses a non-reentrant model


 *************** function _memset *****************
 Defined at:
		line 8 in file "C:\Program Files (x86)\Microchip\xc8\v1.42\sources\common\memset.c"
 Parameters:    Size  Location     Type
  p1              2   26[COMRAM] PTR void 
		 -> output_buffer(106), input_buffer(106), 
  c               2   28[COMRAM] int 
  n               2   30[COMRAM] unsigned int 
 Auto vars:     Size  Location     Type
  p               2   32[COMRAM] PTR unsigned char 
		 -> output_buffer(106), input_buffer(106), 
 Return value:  Size  Location     Type
                  2   26[COMRAM] PTR void 
 Registers used:
		wreg, fsr2l, fsr2h, status,2, status,0
 Tracked objects:
		On entry : 
		On exit  : 
		Unchanged: 
 Data sizes:     COMRAM   BANK0   BANK1   BANK2   BANK3   BANK4   BANK5
      Params:         6       0       0       0       0       0       0
      Locals:         2       0       0       0       0       0       0
      Temps:          0       0       0       0       0       0       0
      Totals:         8       0       0       0       0       0       0
Total ram usage:        8 bytes
 Hardware stack levels used:    1
 Hardware stack levels required when called:    4
 This function calls:
		Nothing
 This function is called by:
		_UART_buff_init
		_UART_buff_flush
 This function uses a non-reentrant model


 *************** function _SetTime *****************
 Defined at:
		line 97 in file "tmr0.c"
 Parameters:    Size  Location     Type
		None
 Auto vars:     Size  Location     Type
		None
 Return value:  Size  Location     Type
                  1    wreg      void 
 Registers used:
		wreg, status,2
 Tracked objects:
		On entry : 
		On exit  : 
		Unchanged: 
 Data sizes:     COMRAM   BANK0   BANK1   BANK2   BANK3   BANK4   BANK5
      Params:         0       0       0       0       0       0       0
      Locals:         0       0       0       0       0       0       0
      Temps:          0       0       0       0       0       0       0
      Totals:         0       0       0       0       0       0       0
Total ram usage:        0 bytes
 Hardware stack levels used:    1
 Hardware stack levels required when called:    4
 This function calls:
		Nothing
 This function is called by:
		_main
 This function uses a non-reentrant model


 *************** function _ReadFaults *****************
 Defined at:
		line 13 in file "Function.c"
 Parameters:    Size  Location     Type
		None
 Auto vars:     Size  Location     Type
  Data            4   35[COMRAM] unsigned char [4]
 Return value:  Size  Location     Type
                  1    wreg      void 
 Registers used:
		wreg, fsr1l, fsr1h, fsr2l, fsr2h, status,2, status,0, prodl, prodh, cstack
 Tracked objects:
		On entry : 
		On exit  : 
		Unchanged: 
 Data sizes:     COMRAM   BANK0   BANK1   BANK2   BANK3   BANK4   BANK5
      Params:         0       0       0       0       0       0       0
      Locals:         4       0       0       0       0       0       0
      Temps:          1       0       0       0       0       0       0
      Totals:         5       0       0       0       0       0       0
Total ram usage:        5 bytes
 Hardware stack levels used:    1
 Hardware stack levels required when called:    5
 This function calls:
		_SetDataDict
 This function is called by:
		_main
 This function uses a non-reentrant model


 *************** function _SetDataDict *****************
 Defined at:
		line 34 in file "CarDataDictionary.c"
 Parameters:    Size  Location     Type
  DataTable       1    wreg     unsigned char 
  DataTableInd    1   26[COMRAM] unsigned char 
  DataArray       2   27[COMRAM] PTR unsigned char 
		 -> Start@Data(5), ReadFaults@Data(4), 
  numbofbytes     1   29[COMRAM] unsigned char 
 Auto vars:     Size  Location     Type
  DataTable       1   31[COMRAM] unsigned char 
  ReturnCounte    1   33[COMRAM] unsigned char 
  DataCount       1   32[COMRAM] unsigned char 
  Error           1   30[COMRAM] unsigned char 
 Return value:  Size  Location     Type
                  1    wreg      unsigned char 
 Registers used:
		wreg, fsr1l, fsr1h, fsr2l, fsr2h, status,2, status,0, prodl, prodh
 Tracked objects:
		On entry : 
		On exit  : 
		Unchanged: 
 Data sizes:     COMRAM   BANK0   BANK1   BANK2   BANK3   BANK4   BANK5
      Params:         4       0       0       0       0       0       0
      Locals:         4       0       0       0       0       0       0
      Temps:          0       0       0       0       0       0       0
      Totals:         8       0       0       0       0       0       0
Total ram usage:        8 bytes
 Hardware stack levels used:    1
 Hardware stack levels required when called:    4
 This function calls:
		Nothing
 This function is called by:
		_ReadFaults
		_Start
 This function uses a non-reentrant model


 *************** function _GetTime *****************
 Defined at:
		line 93 in file "tmr0.c"
 Parameters:    Size  Location     Type
		None
 Auto vars:     Size  Location     Type
		None
 Return value:  Size  Location     Type
                  4   26[COMRAM] long 
 Registers used:
		None
 Tracked objects:
		On entry : 
		On exit  : 
		Unchanged: 
 Data sizes:     COMRAM   BANK0   BANK1   BANK2   BANK3   BANK4   BANK5
      Params:         4       0       0       0       0       0       0
      Locals:         0       0       0       0       0       0       0
      Temps:          0       0       0       0       0       0       0
      Totals:         4       0       0       0       0       0       0
Total ram usage:        4 bytes
 Hardware stack levels used:    1
 Hardware stack levels required when called:    4
 This function calls:
		Nothing
 This function is called by:
		_main
 This function uses a non-reentrant model


 *************** function _INTERRUPT_InterruptManager *****************
 Defined at:
		line 189 in file "Function.c"
 Parameters:    Size  Location     Type
		None
 Auto vars:     Size  Location     Type
		None
 Return value:  Size  Location     Type
                  1    wreg      void 
 Registers used:
		wreg, fsr2l, fsr2h, status,2, status,0, cstack
 Tracked objects:
		On entry : 
		On exit  : 
		Unchanged: 
 Data sizes:     COMRAM   BANK0   BANK1   BANK2   BANK3   BANK4   BANK5
      Params:         0       0       0       0       0       0       0
      Locals:         0       0       0       0       0       0       0
      Temps:         14       0       0       0       0       0       0
      Totals:        14       0       0       0       0       0       0
Total ram usage:       14 bytes
 Hardware stack levels used:    1
 Hardware stack levels required when called:    3
 This function calls:
		_EUSART1_Receive_ISR
		_EUSART1_Transmit_ISR
		_TMR0_ISR
 This function is called by:
		Interrupt level 2
 This function uses a non-reentrant model


 *************** function _TMR0_ISR *****************
 Defined at:
		line 82 in file "tmr0.c"
 Parameters:    Size  Location     Type
		None
 Auto vars:     Size  Location     Type
		None
 Return value:  Size  Location     Type
                  1    wreg      void 
 Registers used:
		wreg, status,2, status,0
 Tracked objects:
		On entry : 
		On exit  : 
		Unchanged: 
 Data sizes:     COMRAM   BANK0   BANK1   BANK2   BANK3   BANK4   BANK5
      Params:         0       0       0       0       0       0       0
      Locals:         0       0       0       0       0       0       0
      Temps:          0       0       0       0       0       0       0
      Totals:         0       0       0       0       0       0       0
Total ram usage:        0 bytes
 Hardware stack levels used:    1
 This function calls:
		Nothing
 This function is called by:
		_INTERRUPT_InterruptManager
 This function uses a non-reentrant model


 *************** function _EUSART1_Transmit_ISR *****************
 Defined at:
		line 149 in file "UART.c"
 Parameters:    Size  Location     Type
		None
 Auto vars:     Size  Location     Type
		None
 Return value:  Size  Location     Type
                  1    wreg      void 
 Registers used:
		wreg, fsr2l, fsr2h, status,2, status,0, cstack
 Tracked objects:
		On entry : 
		On exit  : 
		Unchanged: 
 Data sizes:     COMRAM   BANK0   BANK1   BANK2   BANK3   BANK4   BANK5
      Params:         0       0       0       0       0       0       0
      Locals:         0       0       0       0       0       0       0
      Temps:          0       0       0       0       0       0       0
      Totals:         0       0       0       0       0       0       0
Total ram usage:        0 bytes
 Hardware stack levels used:    1
 Hardware stack levels required when called:    2
 This function calls:
		i2_UART_buff_get
		i2_UART_buff_size
 This function is called by:
		_INTERRUPT_InterruptManager
 This function uses a non-reentrant model


 *************** function i2_UART_buff_size *****************
 Defined at:
		line 101 in file "UART.c"
 Parameters:    Size  Location     Type
  _this           2    0[COMRAM] PTR struct UART_ring_buf
		 -> output_buffer(106), input_buffer(106), 
 Auto vars:     Size  Location     Type
		None
 Return value:  Size  Location     Type
                  2    0[COMRAM] int 
 Registers used:
		wreg, fsr2l, fsr2h, status,2, status,0
 Tracked objects:
		On entry : 
		On exit  : 
		Unchanged: 
 Data sizes:     COMRAM   BANK0   BANK1   BANK2   BANK3   BANK4   BANK5
      Params:         2       0       0       0       0       0       0
      Locals:         0       0       0       0       0       0       0
      Temps:          0       0       0       0       0       0       0
      Totals:         2       0       0       0       0       0       0
Total ram usage:        2 bytes
 Hardware stack levels used:    1
 This function calls:
		Nothing
 This function is called by:
		_EUSART1_Transmit_ISR
 This function uses a non-reentrant model


 *************** function i2_UART_buff_get *****************
 Defined at:
		line 80 in file "UART.c"
 Parameters:    Size  Location     Type
  _this           2    6[COMRAM] PTR struct UART_ring_buf
		 -> output_buffer(106), input_buffer(106), 
 Auto vars:     Size  Location     Type
  UART_buff_ge    1   10[COMRAM] unsigned char 
 Return value:  Size  Location     Type
                  1    wreg      unsigned char 
 Registers used:
		wreg, fsr2l, fsr2h, status,2, status,0, cstack
 Tracked objects:
		On entry : 
		On exit  : 
		Unchanged: 
 Data sizes:     COMRAM   BANK0   BANK1   BANK2   BANK3   BANK4   BANK5
      Params:         2       0       0       0       0       0       0
      Locals:         1       0       0       0       0       0       0
      Temps:          2       0       0       0       0       0       0
      Totals:         5       0       0       0       0       0       0
Total ram usage:        5 bytes
 Hardware stack levels used:    1
 Hardware stack levels required when called:    1
 This function calls:
		i2_UART_buff_modulo_inc
 This function is called by:
		_EUSART1_Transmit_ISR
 This function uses a non-reentrant model


 *************** function _EUSART1_Receive_ISR *****************
 Defined at:
		line 138 in file "UART.c"
 Parameters:    Size  Location     Type
		None
 Auto vars:     Size  Location     Type
  data            1   11[COMRAM] unsigned char 
 Return value:  Size  Location     Type
                  1    wreg      void 
 Registers used:
		wreg, fsr2l, fsr2h, status,2, status,0, cstack
 Tracked objects:
		On entry : 
		On exit  : 
		Unchanged: 
 Data sizes:     COMRAM   BANK0   BANK1   BANK2   BANK3   BANK4   BANK5
      Params:         0       0       0       0       0       0       0
      Locals:         1       0       0       0       0       0       0
      Temps:          0       0       0       0       0       0       0
      Totals:         1       0       0       0       0       0       0
Total ram usage:        1 bytes
 Hardware stack levels used:    1
 Hardware stack levels required when called:    2
 This function calls:
		i2_UART_buff_put
 This function is called by:
		_INTERRUPT_InterruptManager
 This function uses a non-reentrant model


 *************** function i2_UART_buff_put *****************
 Defined at:
		line 67 in file "UART.c"
 Parameters:    Size  Location     Type
  _this           2    6[COMRAM] PTR struct UART_ring_buf
		 -> output_buffer(106), input_buffer(106), 
  c               1    8[COMRAM] const unsigned char 
 Auto vars:     Size  Location     Type
		None
 Return value:  Size  Location     Type
                  1    wreg      void 
 Registers used:
		wreg, fsr2l, fsr2h, status,2, status,0, cstack
 Tracked objects:
		On entry : 
		On exit  : 
		Unchanged: 
 Data sizes:     COMRAM   BANK0   BANK1   BANK2   BANK3   BANK4   BANK5
      Params:         3       0       0       0       0       0       0
      Locals:         0       0       0       0       0       0       0
      Temps:          2       0       0       0       0       0       0
      Totals:         5       0       0       0       0       0       0
Total ram usage:        5 bytes
 Hardware stack levels used:    1
 Hardware stack levels required when called:    1
 This function calls:
		i2_UART_buff_modulo_inc
 This function is called by:
		_EUSART1_Receive_ISR
 This function uses a non-reentrant model


 *************** function i2_UART_buff_modulo_inc *****************
 Defined at:
		line 105 in file "UART.c"
 Parameters:    Size  Location     Type
  value           2    0[COMRAM] const unsigned int 
  modulus         2    2[COMRAM] const unsigned int 
 Auto vars:     Size  Location     Type
  UART_buff_mo    2    4[COMRAM] unsigned int 
 Return value:  Size  Location     Type
                  2    0[COMRAM] unsigned int 
 Registers used:
		wreg, status,2, status,0
 Tracked objects:
		On entry : 
		On exit  : 
		Unchanged: 
 Data sizes:     COMRAM   BANK0   BANK1   BANK2   BANK3   BANK4   BANK5
      Params:         4       0       0       0       0       0       0
      Locals:         2       0       0       0       0       0       0
      Temps:          0       0       0       0       0       0       0
      Totals:         6       0       0       0       0       0       0
Total ram usage:        6 bytes
 Hardware stack levels used:    1
 This function calls:
		Nothing
 This function is called by:
		i2_UART_buff_put
		i2_UART_buff_get
 This function uses a non-reentrant model



MODULE INFORMATION

Module		Function		Class		Link	Load	Size
COBS.c
		_cobs_encode   		CODE           	0400	0000	409
		_cobs_decode   		CODE           	00A4	0000	447

COBS.c estimated size: 856

UART.c
		_EUSART1_Initialize		CODE           	0D7C	0000	61
		_Receive_get   		CODE           	0FE8	0000	15
		_UART_buff_modulo_inc		CODE           	0EA4	0000	43
		_Receive_available		CODE           	0F82	0000	23
		_EUSART1_Receive_ISR		CODE           	0F34	0000	31
		_UART_buff_get 		CODE           	0AB8	0000	147
		_UART_buff_put 		CODE           	0598	0000	283
		_Send_put      		CODE           	0E1E	0000	47
		_EUSART1_Transmit_ISR		CODE           	0DEC	0000	51
		_UART_buff_size		CODE           	0F98	0000	23
		_UART_buff_init		CODE           	0F16	0000	31

UART.c estimated size: 755

CarCom.c
		_CRC8          		CODE           	0D32	0000	75
		_ComController 		CODE           	08D4	0000	181
		_receiveData   		CODE           	07CC	0000	265
		_sendData      		CODE           	0262	0000	415

CarCom.c estimated size: 936

Communications.c
		_updateComms   		CODE           	0FF6	0000	7
		_ComStart      		CODE           	0FFC	0000	7

Communications.c estimated size: 14

CarDataDictionary.c
		_GetDataDict   		CODE           	0988	0000	153
		_SetDataDict   		CODE           	0A20	0000	153

CarDataDictionary.c estimated size: 306

tmr0.c
		_GetTime       		CODE           	0FD6	0000	19
		_SetTime       		CODE           	0FC4	0000	19
		_TMR0_StartTimer		CODE           	100C	0000	5
		_TMR0_ISR      		CODE           	0F6A	0000	25
		_TMR0_Initialize		CODE           	0EF8	0000	31

tmr0.c estimated size: 99

Main.c
		_main          		CODE           	0E4C	0000	45

Main.c estimated size: 45

shared
		i2_UART_buff_modulo_inc		CODE           	0ECE	0000	43
		i2_UART_buff_size		CODE           	0FAE	0000	23
		__initialization		CODE           	0C5E	0000	101
		i2_UART_buff_get		CODE           	0B4A	0000	147
		i2_UART_buff_put		CODE           	06B2	0000	283

shared estimated size: 597

C:\Program Files (x86)\Microchip\xc8\v1.42\sources\common\memset.c
		_memset        		CODE           	0E78	0000	45

C:\Program Files (x86)\Microchip\xc8\v1.42\sources\common\memset.c estimated size: 45

Function.c
		_INTERRUPT_Initialize		CODE           	0F52	0000	25
		_Start         		CODE           	0BDC	0000	131
		_INTERRUPT_InterruptManager		CODE           	0008	0000	153
		_Delay         		CODE           	0DB8	0000	53
		_ReadFaults    		CODE           	0CD0	0000	99

Function.c estimated size: 461

